2019-06-20 15:09:18,936 INFO yncrea.isen.cir3.model.impl.MyDefaultArticleModel$$special$$inlined$observable$1(1.) [main] Articles property change, notify observer
2019-06-20 15:09:18,948 INFO yncrea.isen.cir3.model.TestDefaultArticleModel$testObserverForArticles$myObserver$1(1.) [main] updateArticles with : LeMondeData(status=, totalResults=0, articles=[])
2019-06-20 15:09:18,951 INFO yncrea.isen.cir3.model.impl.MyDefaultArticleModel(1.) [main] get articles for page 1
2019-06-20 15:09:19,014 INFO yncrea.isen.cir3.model.TestDefaultArticleModel(1.) [main] wait data ...
2019-06-20 15:09:21,279 INFO yncrea.isen.cir3.model.impl.MyDefaultArticleModel$getArticlesFor$2(1.) [Thread-4] StatusCode : 200
2019-06-20 15:09:21,280 INFO yncrea.isen.cir3.model.impl.MyDefaultArticleModel$$special$$inlined$observable$1(1.) [Thread-4] Articles property change, notify observer
2019-06-20 15:09:21,283 INFO yncrea.isen.cir3.model.TestDefaultArticleModel$testFindArticlesFor$myObserver$1(1.) [Thread-4] updateArticles with : LeMondeData(status=ok, totalResults=3415, articles=[ArticleData(author=Denis Cosnard, Nicolas Chapuis, title=Un plan pour lutter contre les rixes entre jeunes, description=Au moins 225 bagarres de ce type ont été recensées à Paris depuis 2016. La mairie veut calmer le jeu., url=https://www.lemonde.fr/politique/article/2019/06/20/un-plan-pour-lutter-contre-les-rixes-entre-jeunes_5479080_823448.html, urlToImage=https://img.lemde.fr/2019/06/20/382/0/4997/2498/1440/720/60/0/c9719e8_Q4r0ryQnhQin3xRPZFUfBH0p.jpg, publishedAt=Thu Jun 20 14:00:26 CEST 2019, content=Article réservé aux abonnés
Cest un phénomène que personne na réussi jusquici à endiguer. La maire de Paris, Anne Hidalgo, présente jeudi 20 juin la « stratégie de prévention des rixes » que veut mettre en uvre la capitale. Fruit dune réflexion de plusieurs … [+2329 chars]), ArticleData(author=Carine Bizet, title=Paris Fashion Week, jour 2, description=D’Off-White à Raf Simons, en passant par JW Anderson, les créateurs ont choisi l’expérimentation artistique. Pour le meilleur du vestiaire masculin… ou pas., url=https://www.lemonde.fr/m-styles/article/2019/06/20/paris-fashion-week-jour-2_5479078_4497319.html, urlToImage=https://img.lemde.fr/2019/06/20/495/0/5760/2880/1440/720/60/0/ae8d4c9_yN8kQrpr2mfVEDj1jV29vTV5.jpg, publishedAt=Thu Jun 20 13:36:22 CEST 2019, content=Valentino. Valentino
Pour la fashion week parisienne, le mercredi nest pas le jour des enfants mais celui de lexpérimentation. Et les créateurs expérimentateurs venus du monde entier samusent comme des gamins, manipulant les codes du vestiaire masculin class… [+5764 chars]), ArticleData(author=Pierre Breteau, title=Où ont fui les 74,8 millions de personnes contraintes à l’exil ?, description=L’année 2018 marque une nouvelle hausse du nombre de personnes déplacées. Le Proche-Orient, l’Amérique du Sud et l’Afrique sont toujours les régions plus touchées., url=https://www.lemonde.fr/les-decodeurs/article/2019/06/20/ou-ont-fui-les-74-8-millions-de-personnes-contraintes-a-l-exil_5479071_4355770.html, urlToImage=https://img.lemde.fr/2019/06/20/11/36/1359/679/1440/720/60/0/b077860_gZTjlZ4LLLgN5Eid6X29Dik1.png, publishedAt=Thu Jun 20 13:18:13 CEST 2019, content=Un enfant vénézuélien dans un camp de géré par le HCR en Colombie, le 7 mai 2019. Luisa Gonzalez / REUTERS
Le monde comptait, fin 2018, 70,8 millions de personnes déplacées de force, soit une progression de 2,3 millions par rapport à lannée précédente, selon… [+2460 chars]), ArticleData(author=Mustapha Kessous, title=Mort de Zineb Redouane : l’enquête est dépaysée pour éviter « une forme de suspicion », description=Le tireur de la grenade lacrymogène qui a blessé une Algérienne de 80 ans en marge d’une manifestation de « gilets jaunes » à Marseille, n’a pas été identifié malgré six mois d’investigations., url=https://www.lemonde.fr/afrique/article/2019/06/20/affaire-zineb-redouane-l-enquete-est-depaysee-pour-eviter-une-forme-de-suspicion_5479063_3212.html, urlToImage=https://img.lemde.fr/2019/06/20/422/0/3937/1968/1440/720/60/0/c4556f0_0XTQznhQwoTvYLUzWmQZIHdW.jpg, publishedAt=Thu Jun 20 12:58:55 CEST 2019, content=Manifestation après la mort de Zineb Redouane, une Algérienne de 80 ans blessée au visage par une grenade lacrymogène en marge dune manifestation de gilets jaunes, le 1er décembre 2018, à Marseille. GERARD JULIEN/AFP
Après un premier avis défavorable, le pro… [+2667 chars]), ArticleData(author=Claire Gilly, title=Photographie : « Les femmes s’exposent » à Houlgate, description=Pour sa deuxième édition, ce festival de photographie propose au public quatorze expositions et deux projets pédagogiques., url=https://www.lemonde.fr/culture/article/2019/06/20/photographie-les-femmes-s-exposent-a-houlgate_5479060_3246.html, urlToImage=https://img.lemde.fr/2019/06/17/390/0/3543/1770/1440/720/60/0/ed1a57a_TBTGJRIEtrbPlh4S6iQcl5hH.jpg, publishedAt=Thu Jun 20 12:45:04 CEST 2019, content=De la photo documentaire à limage plasticienne, le festival Les femmes sexposent a lieu à Houlgate, dans le Calvados, en Normandie, jusquau 31 août. Axé sur quatorze expositions à ciel ouvert et deux projets pédagogiques, il met en lumière le travail, trop so… [+6292 chars]), ArticleData(author=Brigitte Salino, title=Théâtre : Anna Mouglalis surjoue « Mademoiselle Julie », description=Mise en scène par Julie Brochen, la pièce de Strindberg est présentée au Théâtre de l’Atelier, à Paris., url=https://www.lemonde.fr/culture/article/2019/06/20/theatre-anna-mouglalis-surjoue-mademoiselle-julie_5479051_3246.html, urlToImage=https://img.lemde.fr/2019/06/20/2240/0/4480/2240/1440/720/60/0/c1c7eb1_Yi3HIZRZpZl-B4qUPTo53sIH.jpg, publishedAt=Thu Jun 20 12:39:26 CEST 2019, content=Article réservé aux abonnés
Anna Mouglalis et Xavier Legrand « Mademoiselle Julie », de Strindberg, mise en scène par Julie Brochen. RAYNAUD DE LAGE
Anna Mouglalis joue Mademoiselle Julie, et ça ne va pas. La comédienne à la voix grave est mise en scène par… [+3017 chars]), ArticleData(author=Anne Pélouas, title=Au Québec, une nouvelle loi complique les plans des candidats à l’immigration, description=Le nouveau texte législatif entraîne l’annulation de 12 300 dossiers en attente de traitement., url=https://www.lemonde.fr/international/article/2019/06/20/au-quebec-une-nouvelle-loi-complique-les-plans-des-candidats-a-l-immigration_5479040_3210.html, urlToImage=https://img.lemde.fr/2019/06/20/412/0/4952/2476/1440/720/60/0/f54e50d_Zzh6u_l75FeKo2ysNozK-lkR.jpg, publishedAt=Thu Jun 20 12:26:14 CEST 2019, content=Article réservé aux abonnés
A Lacolle (Québec), en février 2018. Chris Wattie / REUTERS
Le gouvernement du Québec, dirigé par François Legault (centre droit), a mis en application, lundi 17 juin, une loi dimmigration musclée quil avait fait adopter la veill… [+2276 chars]), ArticleData(author=null, title=Turquie : des meneurs du coup d’Etat manqué condamnés à la prison à vie, description=L’ex-chef de l’armée de l’air et un ancien proche du président, condamnés à la prison à vie, ont été reconnus coupables d’avoir tenté de renverser Recep Tayyip Erdogan en juillet 2016., url=https://www.lemonde.fr/international/article/2019/06/20/turquie-des-meneurs-du-coup-d-etat-manque-condamnes-a-la-prison-a-vie_5479037_3210.html, urlToImage=https://img.lemde.fr/2017/05/22/87/0/3500/1750/1440/720/60/0/04c00a3_5284758-01-06.jpg, publishedAt=Thu Jun 20 12:24:26 CEST 2019, content=Lancien chef de larmée de lair Akin Ozturk quitte sa prison pour un tribunal dAnkara, le 22 mai 2019. ADEM ALTAN / AFP
Près de trois ans après le coup dEtat contre Recep Tayyip Erdogan, un tribunal turc a condamné, jeudi 20 juin, 24 personnes à la prison à v… [+1973 chars]), ArticleData(author=Marie Jégo, title=Selahattin Demirtas, le leader des Kurdes de Turquie, appelle à voter Imamoglu pour la mairie d’Istanbul, description=L’ancien coprésident du Parti démocratique des peuples (HDP, prokurde) est emprisonné depuis 2016 à la prison de haute sécurité d’Edirne., url=https://www.lemonde.fr/international/article/2019/06/20/selahattin-demirtas-le-leader-des-kurdes-de-turquie-appelle-a-voter-imamoglu-pour-la-mairie-d-istanbul_5479033_3210.html, urlToImage=https://img.lemde.fr/2018/06/17/143/0/1734/867/1440/720/60/0/aa1107c_28844-qfe7ka.hkf8g.jpg, publishedAt=Thu Jun 20 12:23:13 CEST 2019, content=Article réservé aux abonnés
Selahattin Demirtas, dans sa prison, sur une photographie fournie par le Parti démocratique des peuples (HDP). AP
Selahattin Demirtas, le leader des Kurdes de Turquie, actuellement en détention, a appelé ses partisans à voter pou… [+2400 chars]), ArticleData(author=Rémi Barroux, title=Des accrocs dans la protection des sites classés, description=Un projet de décret propose de confier au préfet la décision d’autoriser des travaux sur ces espaces naturels., url=https://www.lemonde.fr/planete/article/2019/06/20/des-accrocs-dans-la-protection-des-sites-classes_5479030_3244.html, urlToImage=https://img.lemde.fr/2019/06/20/500/0/6000/3000/1440/720/60/0/6a5f459_xDQu5_yMbxfeeYjNtZcOUJhu.jpg, publishedAt=Thu Jun 20 12:15:38 CEST 2019, content=Article réservé aux abonnés
La calanque de Port-Pin, dans le parc national des Calanques. Uwe Kazmaier/Biosphoto
La dune du Pilat, le massif du Mont-Blanc, le Mont-Saint-Michel, les gorges du Tarn ou celles de lArdèche, les calanques de Marseille tous ces s… [+2982 chars]), ArticleData(author=Véronique Chocron, title=Depuis 2011, le secteur bancaire français perd des emplois, description=En 2018, les effectifs des banques françaises ont perdu 3 400 postes, soit un recul de près de 1 %., url=https://www.lemonde.fr/economie/article/2019/06/20/depuis-2011-le-secteur-bancaire-francais-perd-des-emplois_5479020_3234.html, urlToImage=https://img.lemde.fr/2019/06/20/789/0/5184/2589/1440/720/60/0/278ff06_c2x0xcqGCpYWXyKjY10WLFbv.jpg, publishedAt=Thu Jun 20 12:00:32 CEST 2019, content=Article réservé aux abonnés
La Société générale a annoncé en avril  la suppression de plus de 700 postes en France. PIERRE VERDY / AFP
Le secteur bancaire, lun des principaux employeurs privés en France, est-il encore en mesure de créer à nouveau de lemploi… [+2624 chars]), ArticleData(author=Gladys Marivat, title=« La Route de nuit », de Laird Hunt : tandis qu’ils agonisent, description=L’écrivain Laird Hunt signe un roman troublant et hallucinatoire sur la haine, le temps d’un soir de lynchage dans l’Indiana., url=https://www.lemonde.fr/livres/article/2019/06/20/la-route-de-nuit-de-laird-hunt-tandis-qu-ils-agonisent_5479019_3260.html, urlToImage=https://img.lemde.fr/2019/06/18/150/0/3239/1616/1440/720/60/0/9a113a5_OziQPRyVeR2WgmXhC1khYM3t.jpg, publishedAt=Thu Jun 20 12:00:29 CEST 2019, content=Article réservé aux abonnés
A Marion (Indiana), dans les années 1930. Rue des Archives/BCA/CSU
« La Route de nuit » (The Evening Road), de Laird Hunt, traduit de laméricain par Anne-Laure Tissut, Actes Sud, 288 p., 22 .
Deux grands chiens traversent La Rou… [+2483 chars]), ArticleData(author=Violaine Morin, title=En France, le manque de discipline en classe perturbe l’enseignement, description=L’enquête Talis, menée par l’OCDE sur un échantillon de 260 000 enseignants et chefs d’établissement, offre une photographie de la profession. Un bilan quinquennal nuancé pour la France, où les enseignants sont plus nombreux à déclarer des difficultés., url=https://www.lemonde.fr/societe/article/2019/06/20/en-france-le-manque-de-discipline-en-classe-perturbe-l-enseignement_5479015_3224.html, urlToImage=https://img.lemde.fr/2019/06/20/352/0/4256/2128/1440/720/60/0/c5eb4a4_BYwmxvDuwu7WpYKlGBbHJHP9.jpg, publishedAt=Thu Jun 20 12:00:19 CEST 2019, content=Article réservé aux abonnés
Comment se sentent les enseignants, en France et ailleurs ? Dans cette profession travaillée par la peur du déclassement, sur fond de discours politico-médiatique sur le « déclin de lautorité », lenquête Talis (Enquête internation… [+2053 chars]), ArticleData(author=Raoul Mbog, title=Au Festival gnaoua d’Essaouira, des fusions musicales tous azimuts, description=Le rendez-vous culturel marocain se tient du 20 au 22 juin, en attendant la décision de l’Unesco d’inscrire la tradition gnaoua au patrimoine immatériel de l’humanité., url=https://www.lemonde.fr/afrique/article/2019/06/20/au-festival-gnaoua-d-essaouira-des-fusions-musicales-tous-azimuts_5479007_3212.html, urlToImage=https://img.lemde.fr/2019/06/20/329/0/3261/1630/1440/720/60/0/51bb992_RbSZS2MCYQc95EZFSruTn6dK.jpg, publishedAt=Thu Jun 20 11:50:49 CEST 2019, content=Lors de lédition 2011 du Festival de musiques gnaoua à Essaouira, deux membres du groupe marocain Mâalem Kbiber et malien Baba Sissoko. ABDELHAK SENNA / AFP
Comme chaque année, Essaouira se prépare à ne pas dormir pendant trois jours. Du 20 au 22 juin, la « … [+4867 chars]), ArticleData(author=Manon Rescan, Julie Carriat, title=Chez Les Républicains, les candidats quadra ne désarment pas, description=Guillaume Peltier, Guillaume Larrivé, Julien Aubert et Geoffroy Didier songent chacun à incarner une alternative à Christian Jacob., url=https://www.lemonde.fr/politique/article/2019/06/20/chez-les-republicains-les-candidats-quadra-ne-desarment-pas_5479002_823448.html, urlToImage=https://img.lemde.fr/2019/06/20/449/0/4134/2067/1440/720/60/0/714a779_CUrp00DF0dWh4_jkMrGfK7Jd.jpg, publishedAt=Thu Jun 20 11:48:57 CEST 2019, content=Annoncée comme celle de lapaisement après la débâcle des européennes, la course à la candidature pour la présidence de LR pourrait finalement révéler des énergies dissidentes, tant les appétits saiguisent pour incarner une alternative à loption Christian Jaco… [+2700 chars]), ArticleData(author=Patrick Roger, title=Le gouvernement craint un regain des tensions sociales à Mayotte, description=Une proposition de loi de programmation pour le développement du département ultramarin doit être examinée jeudi à l’Assemblée nationale., url=https://www.lemonde.fr/politique/article/2019/06/20/le-gouvernement-craint-un-regain-des-tensions-sociales-a-mayotte_5479000_823448.html, urlToImage=https://img.lemde.fr/2019/01/15/568/0/5568/2777/1440/720/60/0/42b3d10_WLv1zrewxJNEzjyEN2hC0WqS.jpg, publishedAt=Thu Jun 20 11:46:58 CEST 2019, content=Article réservé aux abonnés
Attention terrain glissant. La proposition de loi de programmation pour le rattrapage et le développement durable de Mayotte du député (LR) Mansour Kamardine, qui devait être discutée jeudi 20 juin à lAssemblée nationale, na certe… [+2478 chars]), ArticleData(author=Abel Mestre, title=Fabien Roussel : « La gauche peut gagner les municipales », description=Dans un entretien au « Monde », Fabien Roussel, patron du PCF, plaide pour la création d’une « union populaire »., url=https://www.lemonde.fr/politique/article/2019/06/20/fabien-roussel-la-gauche-peut-gagner-les-municipales_5478998_823448.html, urlToImage=https://img.lemde.fr/2019/06/20/450/0/5400/2700/1440/720/60/0/01cab94_53qpGSdD53of9WnoobtdzDQN.JPG, publishedAt=Thu Jun 20 11:44:37 CEST 2019, content=Article réservé aux abonnés
Fabien Roussel, patron du PCF, le 19 juin à Saint-Denis. Julie Glassberg pour "Le Monde"
Près dun mois après des élections européennes qui ont vu un émiettement inédit et inquiétant de la gauche, Fabien Roussel, secrétaire nation… [+2558 chars]), ArticleData(author=null, title=De Motorbass à Cassius, Philippe « Zdar » en six titres, description=La moitié du groupe emblématique de la french touch Cassius Philippe Cerboneschi, dit « Zdar », est mort accidentellement mercredi à Paris., url=https://www.lemonde.fr/musiques/article/2019/06/20/de-motorbass-a-cassius-philippe-zdar-en-six-titres_5478995_1654986.html, urlToImage=https://img.lemde.fr/2019/06/20/398/0/4655/2325/1440/720/60/0/aa50051_Bjx8KV0FaqSEy45n7K-qi3H9.jpg, publishedAt=Thu Jun 20 11:43:39 CEST 2019, content=Hubert Boombass et Philippe Zdar, les deux membres de Cassius, au Parc des Princes, le 14 mai 2016. FRANCK FIFE / AFP
« Zdar ». Derrière ce drôle de surnom se cachait lun des plus importants acteurs de la musique électronique des vingt dernières années. Phil… [+2117 chars]), ArticleData(author=Luc Leroux, title=Un repenti, témoin sans visage, attendu au procès du Petit Bar, description=Deux anciens membres de la bande criminelle corse sont jugés en appel depuis mercredi 19 juin, sur la base d’accusations de Patrick Giovannoni., url=https://www.lemonde.fr/police-justice/article/2019/06/20/un-repenti-temoin-sans-visage-attendu-au-proces-du-petit-bar_5478985_1653578.html, urlToImage=https://img.lemde.fr/2019/06/20/352/0/4256/2128/1440/720/60/0/e908c5c_OAMyaigQhkmOzcfqAD2q3mkc.jpg, publishedAt=Thu Jun 20 11:41:26 CEST 2019, content=Article réservé aux abonnés
« Père au foyer », répond Eric Coppolani au président de la cour dassises qui lui demande de décliner sa profession. « Condamné à tort » à trente ans de réclusion criminelle, ajoute-t-il un peu plus tard devant la cour dassises de… [+2454 chars]), ArticleData(author=Sacha Nelken, title=De LR au PCF, un « axe républicain » pour le RIP, description=Les opposants, de droite comme de gauche, à la privatisation d’ADP ont tenu un meeting commun mercredi., url=https://www.lemonde.fr/politique/article/2019/06/20/de-lr-au-pcf-un-axe-republicain-pour-le-rip_5478980_823448.html, urlToImage=https://img.lemde.fr/2019/06/20/450/0/5400/2700/1440/720/60/0/654d94f_P9GE1ser4tG-84547UN_IVGi.JPG, publishedAt=Thu Jun 20 11:40:44 CEST 2019, content=Article réservé aux abonnés
De gauche à droite, Stéphane Peu (PCF), Gilles Carrez (LR) et Boris Vallaud (PS), le 19 juin à Saint-Denis. Julie Glassberg pour « Le Monde »
« Un meeting historique », « une réunion peu banale », « une configuration inhabituelle… [+2649 chars])])
2019-06-21 10:25:59,732 DEBUG yncrea.isen.cir3.view.impl.MyView(1.) [AWT-EventQueue-0] ActionEvent :  java.awt.event.ActionEvent[ACTION_PERFORMED,cmd=Get Headlines,when=1561105558201,modifiers=Button1] on javax.swing.JButton[,0,0,161x26,alignmentX=0.0,alignmentY=0.5,border=javax.swing.plaf.BorderUIResource$CompoundBorderUIResource@4e4b4495,flags=296,maximumSize=,minimumSize=,preferredSize=,defaultIcon=,disabledIcon=,disabledSelectedIcon=,margin=javax.swing.plaf.InsetsUIResource[top=2,left=14,bottom=2,right=14],paintBorder=true,paintFocus=true,pressedIcon=,rolloverEnabled=true,rolloverIcon=,rolloverSelectedIcon=,selectedIcon=,text=Get Headlines,defaultCapable=true]
2019-06-21 10:26:04,343 DEBUG yncrea.isen.cir3.view.impl.MyView(1.) [AWT-EventQueue-0] ActionEvent :  java.awt.event.ActionEvent[ACTION_PERFORMED,cmd=Get Articles,when=1561105564343,modifiers=Button1] on javax.swing.JButton[,322,0,161x26,alignmentX=0.0,alignmentY=0.5,border=javax.swing.plaf.BorderUIResource$CompoundBorderUIResource@4e4b4495,flags=296,maximumSize=,minimumSize=,preferredSize=,defaultIcon=,disabledIcon=,disabledSelectedIcon=,margin=javax.swing.plaf.InsetsUIResource[top=2,left=14,bottom=2,right=14],paintBorder=true,paintFocus=true,pressedIcon=,rolloverEnabled=true,rolloverIcon=,rolloverSelectedIcon=,selectedIcon=,text=Get Articles,defaultCapable=true]
2019-06-21 10:36:26,073 DEBUG yncrea.isen.cir3.view.impl.MyView(1.) [AWT-EventQueue-0] ActionEvent :  java.awt.event.ActionEvent[ACTION_PERFORMED,cmd=Get Articles,when=1561106184636,modifiers=Button1] on javax.swing.JButton[,363,0,121x26,alignmentX=0.0,alignmentY=0.5,border=javax.swing.plaf.BorderUIResource$CompoundBorderUIResource@f9c8be8,flags=296,maximumSize=,minimumSize=,preferredSize=,defaultIcon=,disabledIcon=,disabledSelectedIcon=,margin=javax.swing.plaf.InsetsUIResource[top=2,left=14,bottom=2,right=14],paintBorder=true,paintFocus=true,pressedIcon=,rolloverEnabled=true,rolloverIcon=,rolloverSelectedIcon=,selectedIcon=,text=Get Articles,defaultCapable=true]
2019-06-21 10:36:28,156 DEBUG yncrea.isen.cir3.view.impl.MyView(1.) [AWT-EventQueue-0] ActionEvent :  java.awt.event.ActionEvent[ACTION_PERFORMED,cmd=Get Articles,when=1561106188155,modifiers=Button1] on javax.swing.JButton[,363,0,121x26,alignmentX=0.0,alignmentY=0.5,border=javax.swing.plaf.BorderUIResource$CompoundBorderUIResource@f9c8be8,flags=296,maximumSize=,minimumSize=,preferredSize=,defaultIcon=,disabledIcon=,disabledSelectedIcon=,margin=javax.swing.plaf.InsetsUIResource[top=2,left=14,bottom=2,right=14],paintBorder=true,paintFocus=true,pressedIcon=,rolloverEnabled=true,rolloverIcon=,rolloverSelectedIcon=,selectedIcon=,text=Get Articles,defaultCapable=true]
2019-06-21 10:40:08,493 DEBUG yncrea.isen.cir3.view.impl.MyView(1.) [AWT-EventQueue-0] ActionEvent :  java.awt.event.ActionEvent[ACTION_PERFORMED,cmd=Get Headlines,when=1561106406680,modifiers=Button1] on javax.swing.JButton[,0,0,121x26,alignmentX=0.0,alignmentY=0.5,border=javax.swing.plaf.BorderUIResource$CompoundBorderUIResource@13771c64,flags=296,maximumSize=,minimumSize=,preferredSize=,defaultIcon=,disabledIcon=,disabledSelectedIcon=,margin=javax.swing.plaf.InsetsUIResource[top=2,left=14,bottom=2,right=14],paintBorder=true,paintFocus=true,pressedIcon=,rolloverEnabled=true,rolloverIcon=,rolloverSelectedIcon=,selectedIcon=,text=Get Headlines,defaultCapable=true]
2019-06-21 10:40:08,524 INFO yncrea.isen.cir3.model.impl.MyDefaultArticleModel(1.) [AWT-EventQueue-0] get headlines
2019-06-21 10:40:10,850 INFO yncrea.isen.cir3.model.impl.MyDefaultArticleModel$getHeadlines$2(1.) [Thread-6] StatusCode : 200
2019-06-21 10:40:10,850 INFO yncrea.isen.cir3.model.impl.MyDefaultArticleModel$$special$$inlined$observable$1(1.) [Thread-6] Articles property change, notify observer
2019-06-21 10:40:10,850 INFO yncrea.isen.cir3.view.impl.MyView(1.) [Thread-6] receive articles data
2019-06-21 10:40:10,850 DEBUG yncrea.isen.cir3.view.impl.MyView(1.) [Thread-6] updateArticles ArticleData(author=Patrick Roger, title=« L’Entreprise Macron » : le macronisme décrypté, description=Vingt-deux chercheurs ont analysé, dans cet ouvrage, le basculement majeur dans l’histoire de la Ve République que constitue la dernière élection présidentielle et donnent quelques clés pour comprendre le succès d’Emmanuel Macron., url=https://www.lemonde.fr/idees/article/2019/06/21/l-entreprise-macron-le-macronisme-decrypte_5479439_3232.html, urlToImage=https://img.lemde.fr/2019/06/20/698/0/1400/700/1440/720/60/0/8bca785_4HzMI4TRzLF2F_DwnU9C4d-K.jpg, publishedAt=Fri Jun 21 06:00:44 CEST 2019, content=Article réservé aux abonnés
« LEntreprise Macron », Collectif sous la direction de Bernard Dolez, Julien Fretel et Rémi Lefebvre, Presses universitaires de Grenoble, 24 euros
Le livre. Comme la plupart des commentateurs, journalistes, acteurs politiques, et… [+3010 chars])
2019-06-21 10:40:12,165 DEBUG yncrea.isen.cir3.view.impl.MyView(1.) [Thread-6] updateArticles ArticleData(author=Henri-Corto Stoeklé, Guillaume Vogt, title=Nous devons « modifier nos normes de protection des données de santé », description=Les chercheurs Henri-Corto Stoeklé et Guillaume Vogt plaident pour un débat sur la norme juridique française qui entrave l’exploitation commerciale des données, à rebours de la tendance internationale., url=https://www.lemonde.fr/idees/article/2019/06/20/nous-devons-modifier-nos-normes-de-protection-des-donnees-de-sante_5479181_3232.html, urlToImage=https://img.lemde.fr/2019/06/20/494/0/4602/2298/1440/720/60/0/6ccbc25_bkqM6WHZHqV7YfWU43OfK75v.jpg, publishedAt=Thu Jun 20 17:00:43 CEST 2019, content=« En France, les données de santé peuvent avoir une valeur dusage économique, sans nécessairement avoir une valeur déchange. Ce nest pas le cas de la tendance mondiale actuelle. » Katie Edwards/Ikon Images / Photononstop
Tribune. Les Etats-Unis, et désormais… [+2668 chars])
2019-06-21 10:40:12,962 DEBUG yncrea.isen.cir3.view.impl.MyView(1.) [Thread-6] updateArticles ArticleData(author=Philippe Escande, title=« Renault-Nissan : comment recoller les morceaux ? », description=L’alliance Renault-Nissan se délite et les motifs d’affrontement se multiplient depuis l’arrestation de Carlos Ghosn. L’assemblée générale des actionnaires de Nissan et le sommet du G20 à Osaka, qui se tiendront la semaine prochaine, sauront-ils remettre un p…, url=https://www.lemonde.fr/economie/article/2019/06/20/renault-nissan-comment-recoller-les-morceaux_5478972_3234.html, urlToImage=https://img.lemde.fr/2019/06/20/0/0/4533/2263/1440/720/60/0/4548018_LcGli4lKR4zVUMb30il1ffJO.jpg, publishedAt=Thu Jun 20 11:37:59 CEST 2019, content=Philippe Escande
Lalliance Renault-Nissan se délite et les motifs daffrontement se multiplient depuis larrestation de Carlos Ghosn. Lassemblée générale des actionnaires de Nissan et le sommet du G20 à Osaka, qui se tiendront la semaine prochaine, sauront-ils… [+3098 chars])
2019-06-21 10:40:13,258 DEBUG yncrea.isen.cir3.view.impl.MyView(1.) [Thread-6] updateArticles ArticleData(author=Nicole Vulser, title=Comment Beaubourg enrichit ses collections, description=Avec un budget de seulement 2 millions d’euros en 2018 alloué aux acquisitions, les dons, le mécénat ou des ententes avec des artistes sont indispensables pour que le Centre Pompidou puisse s’offrir de nouvelles œuvres., url=https://www.lemonde.fr/economie/article/2019/06/20/comment-beaubourg-enrichit-ses-collections_5478894_3234.html, urlToImage=https://img.lemde.fr/2019/06/19/0/0/5184/2592/1440/720/60/0/7cb2064_QbJ4sH6mL8nvig_OsgeCWN7N.jpg, publishedAt=Thu Jun 20 10:30:32 CEST 2019, content=Dilemme cornélien. Comment un musée tel que celui du Centre Georges-Pompidou peut-il continuer à étoffer sa collection dart moderne et contemporain lorsque la cote de certaines uvres atteint des niveaux stratosphé­riques ?
Quon en juge. En acier inoxydable, … [+2250 chars])
2019-06-21 10:40:13,618 DEBUG yncrea.isen.cir3.view.impl.MyView(1.) [Thread-6] updateArticles ArticleData(author=Marie Charrel, title=« Trop de gouvernements restent obsédés par la nationalité du successeur de Draghi à la tête de la BCE », description=Les tractations en cours sur le prochain président de la Banque centrale européenne ne devraient pas se limiter à un bras de fer franco-allemand, estime notre journaliste Marie Charrel., url=https://www.lemonde.fr/idees/article/2019/06/20/trop-de-gouvernements-restent-obsedes-par-la-nationalite-du-successeur-de-draghi-a-la-tete-de-la-bce_5478813_3232.html, urlToImage=https://img.lemde.fr/2019/06/19/329/0/4005/2002/1440/720/60/0/2bc5928_xLEZ3UNFklRYsoJ2CSh8WcOg.jpg, publishedAt=Thu Jun 20 07:00:31 CEST 2019, content=Article réservé aux abonnés
Chronique. Il nest jamais bon de résumer les institutions à un homme. Cest oublier la part essentielle des dynamiques de groupe et du travail collectif, surtout lorsque les décisions sont prises par consensus. Ces dernières années… [+2295 chars])
2019-06-21 10:40:14,167 DEBUG yncrea.isen.cir3.view.impl.MyView(1.) [Thread-6] updateArticles ArticleData(author=Philippe Escande, title=« L’argent afflue dans la French Tech », description=La levée de fonds de 205 millions d’euros réalisée par la start-up Meero souligne spectaculairement la bonne santé du secteur en ce début 2019, observe Philippe Escande, éditorialiste économique au « Monde »., url=https://www.lemonde.fr/economie/article/2019/06/19/l-argent-afflue-dans-la-french-tech_5478418_3234.html, urlToImage=https://img.lemde.fr/2019/06/19/406/0/6203/3096/1440/720/60/0/c8e3331_EHLx6nk0mfxzKy5BRpHuGc0L.jpg, publishedAt=Wed Jun 19 11:29:37 CEST 2019, content=Thomas Rebaud est le fondateur de Meero, la start-up française qui vient de lever 205 millions deuros. MEERO
Pertes et profits. Elles sappellent OpenClassrooms, PayFit, Back Market ou ManoMano et il va falloir apprendre à prononcer leur nom en bon français. … [+2379 chars])
2019-06-21 10:40:14,929 DEBUG yncrea.isen.cir3.view.impl.MyView(1.) [Thread-6] updateArticles ArticleData(author=null, title=Vidéo. Pourquoi Hongkong est (encore) dans la rue, description=Vidéo - Un million de personnes ont défilé le 9 juin dans les rues de Hongkong, un record depuis la rétrocession du territoire à la Chine en 1997. Mais depuis dix ans, ces manifestations monstres se succèdent. Explication en vidéo., url=https://www.lemonde.fr/international/video/2019/06/15/pourquoi-hongkong-est-encore-dans-la-rue_5476616_3210.html, urlToImage=https://img.lemde.fr/2019/06/09/429/0/4239/2118/1440/720/60/0/cd6cbde_5015305-01-06.jpg, publishedAt=Sat Jun 15 07:52:56 CEST 2019, content=Plus dun million de personnes, selon les organisateurs de la mobilisation, ont défilé le 9 juin dans les rues de Hongkong, qui compte sept millions dhabitants. Un record depuis la rétrocession du territoire à la Chine, en 1997. En cause, un projet de loi qui … [+1310 chars])
2019-06-21 10:40:15,664 DEBUG yncrea.isen.cir3.view.impl.MyView(1.) [Thread-6] updateArticles ArticleData(author=Karim El Hadj, title=Vidéo. Urgences : comment expliquer la crise dans les hôpitaux ?, description=Vidéo - Manque de médecins généralistes, manque de lits, postes vacants… les origines de la crise que traversent actuellement les services d’urgence sont multiples., url=https://www.lemonde.fr/sante/video/2019/06/14/urgences-la-crise-expliquee-en-chiffres_5476492_1651302.html, urlToImage=https://img.lemde.fr/2019/06/14/0/0/3828/1914/1440/720/60/0/b43df41_2Al3r5Q5vAcQFsmG6N22cU6D.jpg, publishedAt=Fri Jun 14 20:10:32 CEST 2019, content=Depuis le 18 mars, les grèves sétendent dans les services durgences. Dans des dizaines dhôpitaux, partout en France, cest le malaise. Chaque année, 180 000 personnes passeraient la nuit sur un brancard au lieu dêtre dirigées vers un lit dans un service spécia… [+1106 chars])
2019-06-21 10:40:17,085 DEBUG yncrea.isen.cir3.view.impl.MyView(1.) [Thread-6] updateArticles ArticleData(author=Arthur Carpentier, title=Vidéo. Un citron congelé est-il plus efficace qu’une chimiothérapie pour vaincre le cancer ?, description=Vidéo - Plutôt que subir une lourde chimiothérapie, consommer des citrons congelés permettrait de lutter contre le cancer. C’est du moins la rumeur que font circuler plusieurs blogs et sites Internet. Une rumeur totalement fausse, et dangereuse., url=https://www.lemonde.fr/sciences/video/2019/06/13/un-citron-congele-est-il-plus-efficace-qu-une-chimiotherapie-pour-vaincre-le-cancer_5475919_1650684.html, urlToImage=https://img.lemde.fr/2019/05/29/494/0/6000/3000/1440/720/60/0/619ac67_ZjwfgwbjAa0ng2aAgCZrtIvl.jpg, publishedAt=Thu Jun 13 18:08:45 CEST 2019, content=« Le citron congelé est 10 000 fois plus efficace quune chimiothérapie. » Depuis plusieurs années, cette phrase circule sur de nombreux blogs, forums et sites Internet. Une affirmation souvent présentée avec des sources universitaires et des articles scientif… [+1031 chars])
2019-06-21 10:40:18,589 DEBUG yncrea.isen.cir3.view.impl.MyView(1.) [Thread-6] updateArticles ArticleData(author=Mouna El Mokhtari, title=Vidéo. Pourquoi tout le monde n’a pas l’oreille absolue, description=Vidéo - Certaines personnes peuvent nommer immédiament les notes qu’elles entendent lorsqu’elles écoutent de la musique. Mais leurs cas sont très rares. Pourquoi ?, url=https://www.lemonde.fr/sciences/video/2018/06/21/pourquoi-tout-le-monde-n-a-pas-l-oreille-absolue_5318711_1650684.html, urlToImage=https://img.lemde.fr/2018/06/13/11/0/781/388/1440/720/60/0/305e400_25345-116y5w7.68vo.png, publishedAt=Thu Jun 21 07:30:03 CEST 2018, content=En musique, loreille absolue, cest la capacité de nommer les notes dès quon les entend. Contrairement à loreille relative, qui désigne la faculté de reconnaître une note à partir dune note de référence, loreille absolue est très rare. En occident, elle concer… [+839 chars])
2019-06-21 10:40:50,110 DEBUG yncrea.isen.cir3.view.impl.MyView(1.) [AWT-EventQueue-0] ActionEvent :  java.awt.event.ActionEvent[ACTION_PERFORMED,cmd=Get Headlines,when=1561106450110,modifiers=Button1] on javax.swing.JButton[,0,0,121x26,alignmentX=0.0,alignmentY=0.5,border=javax.swing.plaf.BorderUIResource$CompoundBorderUIResource@13771c64,flags=296,maximumSize=,minimumSize=,preferredSize=,defaultIcon=,disabledIcon=,disabledSelectedIcon=,margin=javax.swing.plaf.InsetsUIResource[top=2,left=14,bottom=2,right=14],paintBorder=true,paintFocus=true,pressedIcon=,rolloverEnabled=true,rolloverIcon=,rolloverSelectedIcon=,selectedIcon=,text=Get Headlines,defaultCapable=true]
2019-06-21 10:40:50,110 INFO yncrea.isen.cir3.model.impl.MyDefaultArticleModel(1.) [AWT-EventQueue-0] get headlines
2019-06-21 10:40:50,660 INFO yncrea.isen.cir3.model.impl.MyDefaultArticleModel$getHeadlines$2(1.) [Thread-6] StatusCode : 200
2019-06-21 10:40:50,660 INFO yncrea.isen.cir3.model.impl.MyDefaultArticleModel$$special$$inlined$observable$1(1.) [Thread-6] Articles property change, notify observer
2019-06-21 10:40:50,660 INFO yncrea.isen.cir3.view.impl.MyView(1.) [Thread-6] receive articles data
2019-06-21 10:40:50,660 DEBUG yncrea.isen.cir3.view.impl.MyView(1.) [Thread-6] updateArticles ArticleData(author=Patrick Roger, title=« L’Entreprise Macron » : le macronisme décrypté, description=Vingt-deux chercheurs ont analysé, dans cet ouvrage, le basculement majeur dans l’histoire de la Ve République que constitue la dernière élection présidentielle et donnent quelques clés pour comprendre le succès d’Emmanuel Macron., url=https://www.lemonde.fr/idees/article/2019/06/21/l-entreprise-macron-le-macronisme-decrypte_5479439_3232.html, urlToImage=https://img.lemde.fr/2019/06/20/698/0/1400/700/1440/720/60/0/8bca785_4HzMI4TRzLF2F_DwnU9C4d-K.jpg, publishedAt=Fri Jun 21 06:00:44 CEST 2019, content=Article réservé aux abonnés
« LEntreprise Macron », Collectif sous la direction de Bernard Dolez, Julien Fretel et Rémi Lefebvre, Presses universitaires de Grenoble, 24 euros
Le livre. Comme la plupart des commentateurs, journalistes, acteurs politiques, et… [+3010 chars])
2019-06-21 10:40:50,988 DEBUG yncrea.isen.cir3.view.impl.MyView(1.) [Thread-6] updateArticles ArticleData(author=Henri-Corto Stoeklé, Guillaume Vogt, title=Nous devons « modifier nos normes de protection des données de santé », description=Les chercheurs Henri-Corto Stoeklé et Guillaume Vogt plaident pour un débat sur la norme juridique française qui entrave l’exploitation commerciale des données, à rebours de la tendance internationale., url=https://www.lemonde.fr/idees/article/2019/06/20/nous-devons-modifier-nos-normes-de-protection-des-donnees-de-sante_5479181_3232.html, urlToImage=https://img.lemde.fr/2019/06/20/494/0/4602/2298/1440/720/60/0/6ccbc25_bkqM6WHZHqV7YfWU43OfK75v.jpg, publishedAt=Thu Jun 20 17:00:43 CEST 2019, content=« En France, les données de santé peuvent avoir une valeur dusage économique, sans nécessairement avoir une valeur déchange. Ce nest pas le cas de la tendance mondiale actuelle. » Katie Edwards/Ikon Images / Photononstop
Tribune. Les Etats-Unis, et désormais… [+2668 chars])
2019-06-21 10:40:51,160 DEBUG yncrea.isen.cir3.view.impl.MyView(1.) [Thread-6] updateArticles ArticleData(author=Philippe Escande, title=« Renault-Nissan : comment recoller les morceaux ? », description=L’alliance Renault-Nissan se délite et les motifs d’affrontement se multiplient depuis l’arrestation de Carlos Ghosn. L’assemblée générale des actionnaires de Nissan et le sommet du G20 à Osaka, qui se tiendront la semaine prochaine, sauront-ils remettre un p…, url=https://www.lemonde.fr/economie/article/2019/06/20/renault-nissan-comment-recoller-les-morceaux_5478972_3234.html, urlToImage=https://img.lemde.fr/2019/06/20/0/0/4533/2263/1440/720/60/0/4548018_LcGli4lKR4zVUMb30il1ffJO.jpg, publishedAt=Thu Jun 20 11:37:59 CEST 2019, content=Philippe Escande
Lalliance Renault-Nissan se délite et les motifs daffrontement se multiplient depuis larrestation de Carlos Ghosn. Lassemblée générale des actionnaires de Nissan et le sommet du G20 à Osaka, qui se tiendront la semaine prochaine, sauront-ils… [+3098 chars])
2019-06-21 10:40:51,425 DEBUG yncrea.isen.cir3.view.impl.MyView(1.) [Thread-6] updateArticles ArticleData(author=Nicole Vulser, title=Comment Beaubourg enrichit ses collections, description=Avec un budget de seulement 2 millions d’euros en 2018 alloué aux acquisitions, les dons, le mécénat ou des ententes avec des artistes sont indispensables pour que le Centre Pompidou puisse s’offrir de nouvelles œuvres., url=https://www.lemonde.fr/economie/article/2019/06/20/comment-beaubourg-enrichit-ses-collections_5478894_3234.html, urlToImage=https://img.lemde.fr/2019/06/19/0/0/5184/2592/1440/720/60/0/7cb2064_QbJ4sH6mL8nvig_OsgeCWN7N.jpg, publishedAt=Thu Jun 20 10:30:32 CEST 2019, content=Dilemme cornélien. Comment un musée tel que celui du Centre Georges-Pompidou peut-il continuer à étoffer sa collection dart moderne et contemporain lorsque la cote de certaines uvres atteint des niveaux stratosphé­riques ?
Quon en juge. En acier inoxydable, … [+2250 chars])
2019-06-21 10:40:51,863 DEBUG yncrea.isen.cir3.view.impl.MyView(1.) [Thread-6] updateArticles ArticleData(author=Marie Charrel, title=« Trop de gouvernements restent obsédés par la nationalité du successeur de Draghi à la tête de la BCE », description=Les tractations en cours sur le prochain président de la Banque centrale européenne ne devraient pas se limiter à un bras de fer franco-allemand, estime notre journaliste Marie Charrel., url=https://www.lemonde.fr/idees/article/2019/06/20/trop-de-gouvernements-restent-obsedes-par-la-nationalite-du-successeur-de-draghi-a-la-tete-de-la-bce_5478813_3232.html, urlToImage=https://img.lemde.fr/2019/06/19/329/0/4005/2002/1440/720/60/0/2bc5928_xLEZ3UNFklRYsoJ2CSh8WcOg.jpg, publishedAt=Thu Jun 20 07:00:31 CEST 2019, content=Article réservé aux abonnés
Chronique. Il nest jamais bon de résumer les institutions à un homme. Cest oublier la part essentielle des dynamiques de groupe et du travail collectif, surtout lorsque les décisions sont prises par consensus. Ces dernières années… [+2295 chars])
2019-06-21 10:40:52,169 DEBUG yncrea.isen.cir3.view.impl.MyView(1.) [Thread-6] updateArticles ArticleData(author=Philippe Escande, title=« L’argent afflue dans la French Tech », description=La levée de fonds de 205 millions d’euros réalisée par la start-up Meero souligne spectaculairement la bonne santé du secteur en ce début 2019, observe Philippe Escande, éditorialiste économique au « Monde »., url=https://www.lemonde.fr/economie/article/2019/06/19/l-argent-afflue-dans-la-french-tech_5478418_3234.html, urlToImage=https://img.lemde.fr/2019/06/19/406/0/6203/3096/1440/720/60/0/c8e3331_EHLx6nk0mfxzKy5BRpHuGc0L.jpg, publishedAt=Wed Jun 19 11:29:37 CEST 2019, content=Thomas Rebaud est le fondateur de Meero, la start-up française qui vient de lever 205 millions deuros. MEERO
Pertes et profits. Elles sappellent OpenClassrooms, PayFit, Back Market ou ManoMano et il va falloir apprendre à prononcer leur nom en bon français. … [+2379 chars])
2019-06-21 10:40:52,549 DEBUG yncrea.isen.cir3.view.impl.MyView(1.) [Thread-6] updateArticles ArticleData(author=null, title=Vidéo. Pourquoi Hongkong est (encore) dans la rue, description=Vidéo - Un million de personnes ont défilé le 9 juin dans les rues de Hongkong, un record depuis la rétrocession du territoire à la Chine en 1997. Mais depuis dix ans, ces manifestations monstres se succèdent. Explication en vidéo., url=https://www.lemonde.fr/international/video/2019/06/15/pourquoi-hongkong-est-encore-dans-la-rue_5476616_3210.html, urlToImage=https://img.lemde.fr/2019/06/09/429/0/4239/2118/1440/720/60/0/cd6cbde_5015305-01-06.jpg, publishedAt=Sat Jun 15 07:52:56 CEST 2019, content=Plus dun million de personnes, selon les organisateurs de la mobilisation, ont défilé le 9 juin dans les rues de Hongkong, qui compte sept millions dhabitants. Un record depuis la rétrocession du territoire à la Chine, en 1997. En cause, un projet de loi qui … [+1310 chars])
2019-06-21 10:40:52,877 DEBUG yncrea.isen.cir3.view.impl.MyView(1.) [Thread-6] updateArticles ArticleData(author=Karim El Hadj, title=Vidéo. Urgences : comment expliquer la crise dans les hôpitaux ?, description=Vidéo - Manque de médecins généralistes, manque de lits, postes vacants… les origines de la crise que traversent actuellement les services d’urgence sont multiples., url=https://www.lemonde.fr/sante/video/2019/06/14/urgences-la-crise-expliquee-en-chiffres_5476492_1651302.html, urlToImage=https://img.lemde.fr/2019/06/14/0/0/3828/1914/1440/720/60/0/b43df41_2Al3r5Q5vAcQFsmG6N22cU6D.jpg, publishedAt=Fri Jun 14 20:10:32 CEST 2019, content=Depuis le 18 mars, les grèves sétendent dans les services durgences. Dans des dizaines dhôpitaux, partout en France, cest le malaise. Chaque année, 180 000 personnes passeraient la nuit sur un brancard au lieu dêtre dirigées vers un lit dans un service spécia… [+1106 chars])
2019-06-21 10:40:53,080 DEBUG yncrea.isen.cir3.view.impl.MyView(1.) [Thread-6] updateArticles ArticleData(author=Arthur Carpentier, title=Vidéo. Un citron congelé est-il plus efficace qu’une chimiothérapie pour vaincre le cancer ?, description=Vidéo - Plutôt que subir une lourde chimiothérapie, consommer des citrons congelés permettrait de lutter contre le cancer. C’est du moins la rumeur que font circuler plusieurs blogs et sites Internet. Une rumeur totalement fausse, et dangereuse., url=https://www.lemonde.fr/sciences/video/2019/06/13/un-citron-congele-est-il-plus-efficace-qu-une-chimiotherapie-pour-vaincre-le-cancer_5475919_1650684.html, urlToImage=https://img.lemde.fr/2019/05/29/494/0/6000/3000/1440/720/60/0/619ac67_ZjwfgwbjAa0ng2aAgCZrtIvl.jpg, publishedAt=Thu Jun 13 18:08:45 CEST 2019, content=« Le citron congelé est 10 000 fois plus efficace quune chimiothérapie. » Depuis plusieurs années, cette phrase circule sur de nombreux blogs, forums et sites Internet. Une affirmation souvent présentée avec des sources universitaires et des articles scientif… [+1031 chars])
2019-06-21 10:40:53,283 DEBUG yncrea.isen.cir3.view.impl.MyView(1.) [Thread-6] updateArticles ArticleData(author=Mouna El Mokhtari, title=Vidéo. Pourquoi tout le monde n’a pas l’oreille absolue, description=Vidéo - Certaines personnes peuvent nommer immédiament les notes qu’elles entendent lorsqu’elles écoutent de la musique. Mais leurs cas sont très rares. Pourquoi ?, url=https://www.lemonde.fr/sciences/video/2018/06/21/pourquoi-tout-le-monde-n-a-pas-l-oreille-absolue_5318711_1650684.html, urlToImage=https://img.lemde.fr/2018/06/13/11/0/781/388/1440/720/60/0/305e400_25345-116y5w7.68vo.png, publishedAt=Thu Jun 21 07:30:03 CEST 2018, content=En musique, loreille absolue, cest la capacité de nommer les notes dès quon les entend. Contrairement à loreille relative, qui désigne la faculté de reconnaître une note à partir dune note de référence, loreille absolue est très rare. En occident, elle concer… [+839 chars])
2019-06-21 10:40:53,564 DEBUG yncrea.isen.cir3.view.impl.MyView(1.) [AWT-EventQueue-0] ActionEvent :  java.awt.event.ActionEvent[ACTION_PERFORMED,cmd=Get Headlines,when=1561106453564,modifiers=Button1] on javax.swing.JButton[,0,0,121x26,alignmentX=0.0,alignmentY=0.5,border=javax.swing.plaf.BorderUIResource$CompoundBorderUIResource@13771c64,flags=296,maximumSize=,minimumSize=,preferredSize=,defaultIcon=,disabledIcon=,disabledSelectedIcon=,margin=javax.swing.plaf.InsetsUIResource[top=2,left=14,bottom=2,right=14],paintBorder=true,paintFocus=true,pressedIcon=,rolloverEnabled=true,rolloverIcon=,rolloverSelectedIcon=,selectedIcon=,text=Get Headlines,defaultCapable=true]
2019-06-21 10:40:53,564 INFO yncrea.isen.cir3.model.impl.MyDefaultArticleModel(1.) [AWT-EventQueue-0] get headlines
2019-06-21 10:40:53,830 INFO yncrea.isen.cir3.model.impl.MyDefaultArticleModel$getHeadlines$2(1.) [Thread-8] StatusCode : 200
2019-06-21 10:40:53,830 INFO yncrea.isen.cir3.model.impl.MyDefaultArticleModel$$special$$inlined$observable$1(1.) [Thread-8] Articles property change, notify observer
2019-06-21 10:40:53,830 INFO yncrea.isen.cir3.view.impl.MyView(1.) [Thread-8] receive articles data
2019-06-21 10:40:53,830 DEBUG yncrea.isen.cir3.view.impl.MyView(1.) [Thread-8] updateArticles ArticleData(author=Patrick Roger, title=« L’Entreprise Macron » : le macronisme décrypté, description=Vingt-deux chercheurs ont analysé, dans cet ouvrage, le basculement majeur dans l’histoire de la Ve République que constitue la dernière élection présidentielle et donnent quelques clés pour comprendre le succès d’Emmanuel Macron., url=https://www.lemonde.fr/idees/article/2019/06/21/l-entreprise-macron-le-macronisme-decrypte_5479439_3232.html, urlToImage=https://img.lemde.fr/2019/06/20/698/0/1400/700/1440/720/60/0/8bca785_4HzMI4TRzLF2F_DwnU9C4d-K.jpg, publishedAt=Fri Jun 21 06:00:44 CEST 2019, content=Article réservé aux abonnés
« LEntreprise Macron », Collectif sous la direction de Bernard Dolez, Julien Fretel et Rémi Lefebvre, Presses universitaires de Grenoble, 24 euros
Le livre. Comme la plupart des commentateurs, journalistes, acteurs politiques, et… [+3010 chars])
2019-06-21 10:40:54,119 DEBUG yncrea.isen.cir3.view.impl.MyView(1.) [Thread-8] updateArticles ArticleData(author=Henri-Corto Stoeklé, Guillaume Vogt, title=Nous devons « modifier nos normes de protection des données de santé », description=Les chercheurs Henri-Corto Stoeklé et Guillaume Vogt plaident pour un débat sur la norme juridique française qui entrave l’exploitation commerciale des données, à rebours de la tendance internationale., url=https://www.lemonde.fr/idees/article/2019/06/20/nous-devons-modifier-nos-normes-de-protection-des-donnees-de-sante_5479181_3232.html, urlToImage=https://img.lemde.fr/2019/06/20/494/0/4602/2298/1440/720/60/0/6ccbc25_bkqM6WHZHqV7YfWU43OfK75v.jpg, publishedAt=Thu Jun 20 17:00:43 CEST 2019, content=« En France, les données de santé peuvent avoir une valeur dusage économique, sans nécessairement avoir une valeur déchange. Ce nest pas le cas de la tendance mondiale actuelle. » Katie Edwards/Ikon Images / Photononstop
Tribune. Les Etats-Unis, et désormais… [+2668 chars])
2019-06-21 10:40:54,431 DEBUG yncrea.isen.cir3.view.impl.MyView(1.) [Thread-8] updateArticles ArticleData(author=Philippe Escande, title=« Renault-Nissan : comment recoller les morceaux ? », description=L’alliance Renault-Nissan se délite et les motifs d’affrontement se multiplient depuis l’arrestation de Carlos Ghosn. L’assemblée générale des actionnaires de Nissan et le sommet du G20 à Osaka, qui se tiendront la semaine prochaine, sauront-ils remettre un p…, url=https://www.lemonde.fr/economie/article/2019/06/20/renault-nissan-comment-recoller-les-morceaux_5478972_3234.html, urlToImage=https://img.lemde.fr/2019/06/20/0/0/4533/2263/1440/720/60/0/4548018_LcGli4lKR4zVUMb30il1ffJO.jpg, publishedAt=Thu Jun 20 11:37:59 CEST 2019, content=Philippe Escande
Lalliance Renault-Nissan se délite et les motifs daffrontement se multiplient depuis larrestation de Carlos Ghosn. Lassemblée générale des actionnaires de Nissan et le sommet du G20 à Osaka, qui se tiendront la semaine prochaine, sauront-ils… [+3098 chars])
2019-06-21 10:40:54,603 DEBUG yncrea.isen.cir3.view.impl.MyView(1.) [Thread-8] updateArticles ArticleData(author=Nicole Vulser, title=Comment Beaubourg enrichit ses collections, description=Avec un budget de seulement 2 millions d’euros en 2018 alloué aux acquisitions, les dons, le mécénat ou des ententes avec des artistes sont indispensables pour que le Centre Pompidou puisse s’offrir de nouvelles œuvres., url=https://www.lemonde.fr/economie/article/2019/06/20/comment-beaubourg-enrichit-ses-collections_5478894_3234.html, urlToImage=https://img.lemde.fr/2019/06/19/0/0/5184/2592/1440/720/60/0/7cb2064_QbJ4sH6mL8nvig_OsgeCWN7N.jpg, publishedAt=Thu Jun 20 10:30:32 CEST 2019, content=Dilemme cornélien. Comment un musée tel que celui du Centre Georges-Pompidou peut-il continuer à étoffer sa collection dart moderne et contemporain lorsque la cote de certaines uvres atteint des niveaux stratosphé­riques ?
Quon en juge. En acier inoxydable, … [+2250 chars])
2019-06-21 10:40:54,839 DEBUG yncrea.isen.cir3.view.impl.MyView(1.) [Thread-8] updateArticles ArticleData(author=Marie Charrel, title=« Trop de gouvernements restent obsédés par la nationalité du successeur de Draghi à la tête de la BCE », description=Les tractations en cours sur le prochain président de la Banque centrale européenne ne devraient pas se limiter à un bras de fer franco-allemand, estime notre journaliste Marie Charrel., url=https://www.lemonde.fr/idees/article/2019/06/20/trop-de-gouvernements-restent-obsedes-par-la-nationalite-du-successeur-de-draghi-a-la-tete-de-la-bce_5478813_3232.html, urlToImage=https://img.lemde.fr/2019/06/19/329/0/4005/2002/1440/720/60/0/2bc5928_xLEZ3UNFklRYsoJ2CSh8WcOg.jpg, publishedAt=Thu Jun 20 07:00:31 CEST 2019, content=Article réservé aux abonnés
Chronique. Il nest jamais bon de résumer les institutions à un homme. Cest oublier la part essentielle des dynamiques de groupe et du travail collectif, surtout lorsque les décisions sont prises par consensus. Ces dernières années… [+2295 chars])
2019-06-21 10:40:55,027 DEBUG yncrea.isen.cir3.view.impl.MyView(1.) [Thread-8] updateArticles ArticleData(author=Philippe Escande, title=« L’argent afflue dans la French Tech », description=La levée de fonds de 205 millions d’euros réalisée par la start-up Meero souligne spectaculairement la bonne santé du secteur en ce début 2019, observe Philippe Escande, éditorialiste économique au « Monde »., url=https://www.lemonde.fr/economie/article/2019/06/19/l-argent-afflue-dans-la-french-tech_5478418_3234.html, urlToImage=https://img.lemde.fr/2019/06/19/406/0/6203/3096/1440/720/60/0/c8e3331_EHLx6nk0mfxzKy5BRpHuGc0L.jpg, publishedAt=Wed Jun 19 11:29:37 CEST 2019, content=Thomas Rebaud est le fondateur de Meero, la start-up française qui vient de lever 205 millions deuros. MEERO
Pertes et profits. Elles sappellent OpenClassrooms, PayFit, Back Market ou ManoMano et il va falloir apprendre à prononcer leur nom en bon français. … [+2379 chars])
2019-06-21 10:40:55,251 DEBUG yncrea.isen.cir3.view.impl.MyView(1.) [Thread-8] updateArticles ArticleData(author=null, title=Vidéo. Pourquoi Hongkong est (encore) dans la rue, description=Vidéo - Un million de personnes ont défilé le 9 juin dans les rues de Hongkong, un record depuis la rétrocession du territoire à la Chine en 1997. Mais depuis dix ans, ces manifestations monstres se succèdent. Explication en vidéo., url=https://www.lemonde.fr/international/video/2019/06/15/pourquoi-hongkong-est-encore-dans-la-rue_5476616_3210.html, urlToImage=https://img.lemde.fr/2019/06/09/429/0/4239/2118/1440/720/60/0/cd6cbde_5015305-01-06.jpg, publishedAt=Sat Jun 15 07:52:56 CEST 2019, content=Plus dun million de personnes, selon les organisateurs de la mobilisation, ont défilé le 9 juin dans les rues de Hongkong, qui compte sept millions dhabitants. Un record depuis la rétrocession du territoire à la Chine, en 1997. En cause, un projet de loi qui … [+1310 chars])
2019-06-21 10:40:55,470 DEBUG yncrea.isen.cir3.view.impl.MyView(1.) [Thread-8] updateArticles ArticleData(author=Karim El Hadj, title=Vidéo. Urgences : comment expliquer la crise dans les hôpitaux ?, description=Vidéo - Manque de médecins généralistes, manque de lits, postes vacants… les origines de la crise que traversent actuellement les services d’urgence sont multiples., url=https://www.lemonde.fr/sante/video/2019/06/14/urgences-la-crise-expliquee-en-chiffres_5476492_1651302.html, urlToImage=https://img.lemde.fr/2019/06/14/0/0/3828/1914/1440/720/60/0/b43df41_2Al3r5Q5vAcQFsmG6N22cU6D.jpg, publishedAt=Fri Jun 14 20:10:32 CEST 2019, content=Depuis le 18 mars, les grèves sétendent dans les services durgences. Dans des dizaines dhôpitaux, partout en France, cest le malaise. Chaque année, 180 000 personnes passeraient la nuit sur un brancard au lieu dêtre dirigées vers un lit dans un service spécia… [+1106 chars])
2019-06-21 10:40:55,642 DEBUG yncrea.isen.cir3.view.impl.MyView(1.) [Thread-8] updateArticles ArticleData(author=Arthur Carpentier, title=Vidéo. Un citron congelé est-il plus efficace qu’une chimiothérapie pour vaincre le cancer ?, description=Vidéo - Plutôt que subir une lourde chimiothérapie, consommer des citrons congelés permettrait de lutter contre le cancer. C’est du moins la rumeur que font circuler plusieurs blogs et sites Internet. Une rumeur totalement fausse, et dangereuse., url=https://www.lemonde.fr/sciences/video/2019/06/13/un-citron-congele-est-il-plus-efficace-qu-une-chimiotherapie-pour-vaincre-le-cancer_5475919_1650684.html, urlToImage=https://img.lemde.fr/2019/05/29/494/0/6000/3000/1440/720/60/0/619ac67_ZjwfgwbjAa0ng2aAgCZrtIvl.jpg, publishedAt=Thu Jun 13 18:08:45 CEST 2019, content=« Le citron congelé est 10 000 fois plus efficace quune chimiothérapie. » Depuis plusieurs années, cette phrase circule sur de nombreux blogs, forums et sites Internet. Une affirmation souvent présentée avec des sources universitaires et des articles scientif… [+1031 chars])
2019-06-21 10:40:55,845 DEBUG yncrea.isen.cir3.view.impl.MyView(1.) [Thread-8] updateArticles ArticleData(author=Mouna El Mokhtari, title=Vidéo. Pourquoi tout le monde n’a pas l’oreille absolue, description=Vidéo - Certaines personnes peuvent nommer immédiament les notes qu’elles entendent lorsqu’elles écoutent de la musique. Mais leurs cas sont très rares. Pourquoi ?, url=https://www.lemonde.fr/sciences/video/2018/06/21/pourquoi-tout-le-monde-n-a-pas-l-oreille-absolue_5318711_1650684.html, urlToImage=https://img.lemde.fr/2018/06/13/11/0/781/388/1440/720/60/0/305e400_25345-116y5w7.68vo.png, publishedAt=Thu Jun 21 07:30:03 CEST 2018, content=En musique, loreille absolue, cest la capacité de nommer les notes dès quon les entend. Contrairement à loreille relative, qui désigne la faculté de reconnaître une note à partir dune note de référence, loreille absolue est très rare. En occident, elle concer… [+839 chars])
2019-06-21 10:41:07,390 DEBUG yncrea.isen.cir3.view.impl.MyView(1.) [AWT-EventQueue-0] ActionEvent :  java.awt.event.ActionEvent[ACTION_PERFORMED,cmd=Get Headlines,when=1561106465812,modifiers=Button1] on javax.swing.JButton[,0,0,121x26,alignmentX=0.0,alignmentY=0.5,border=javax.swing.plaf.BorderUIResource$CompoundBorderUIResource@6a3fac99,flags=296,maximumSize=,minimumSize=,preferredSize=,defaultIcon=,disabledIcon=,disabledSelectedIcon=,margin=javax.swing.plaf.InsetsUIResource[top=2,left=14,bottom=2,right=14],paintBorder=true,paintFocus=true,pressedIcon=,rolloverEnabled=true,rolloverIcon=,rolloverSelectedIcon=,selectedIcon=,text=Get Headlines,defaultCapable=true]
2019-06-21 10:41:07,421 INFO yncrea.isen.cir3.model.impl.MyDefaultArticleModel(1.) [AWT-EventQueue-0] get headlines
2019-06-21 10:41:09,091 INFO yncrea.isen.cir3.model.impl.MyDefaultArticleModel$getHeadlines$2(1.) [Thread-6] StatusCode : 200
2019-06-21 10:41:09,091 INFO yncrea.isen.cir3.model.impl.MyDefaultArticleModel$$special$$inlined$observable$1(1.) [Thread-6] Articles property change, notify observer
2019-06-21 10:41:09,091 INFO yncrea.isen.cir3.view.impl.MyView(1.) [Thread-6] receive articles data
2019-06-21 10:41:09,107 DEBUG yncrea.isen.cir3.view.impl.MyView(1.) [Thread-6] updateArticles ArticleData(author=Patrick Roger, title=« L’Entreprise Macron » : le macronisme décrypté, description=Vingt-deux chercheurs ont analysé, dans cet ouvrage, le basculement majeur dans l’histoire de la Ve République que constitue la dernière élection présidentielle et donnent quelques clés pour comprendre le succès d’Emmanuel Macron., url=https://www.lemonde.fr/idees/article/2019/06/21/l-entreprise-macron-le-macronisme-decrypte_5479439_3232.html, urlToImage=https://img.lemde.fr/2019/06/20/698/0/1400/700/1440/720/60/0/8bca785_4HzMI4TRzLF2F_DwnU9C4d-K.jpg, publishedAt=Fri Jun 21 06:00:44 CEST 2019, content=Article réservé aux abonnés
« LEntreprise Macron », Collectif sous la direction de Bernard Dolez, Julien Fretel et Rémi Lefebvre, Presses universitaires de Grenoble, 24 euros
Le livre. Comme la plupart des commentateurs, journalistes, acteurs politiques, et… [+3010 chars])
2019-06-21 10:41:09,529 DEBUG yncrea.isen.cir3.view.impl.MyView(1.) [Thread-6] updateArticles ArticleData(author=Henri-Corto Stoeklé, Guillaume Vogt, title=Nous devons « modifier nos normes de protection des données de santé », description=Les chercheurs Henri-Corto Stoeklé et Guillaume Vogt plaident pour un débat sur la norme juridique française qui entrave l’exploitation commerciale des données, à rebours de la tendance internationale., url=https://www.lemonde.fr/idees/article/2019/06/20/nous-devons-modifier-nos-normes-de-protection-des-donnees-de-sante_5479181_3232.html, urlToImage=https://img.lemde.fr/2019/06/20/494/0/4602/2298/1440/720/60/0/6ccbc25_bkqM6WHZHqV7YfWU43OfK75v.jpg, publishedAt=Thu Jun 20 17:00:43 CEST 2019, content=« En France, les données de santé peuvent avoir une valeur dusage économique, sans nécessairement avoir une valeur déchange. Ce nest pas le cas de la tendance mondiale actuelle. » Katie Edwards/Ikon Images / Photononstop
Tribune. Les Etats-Unis, et désormais… [+2668 chars])
2019-06-21 10:41:09,716 DEBUG yncrea.isen.cir3.view.impl.MyView(1.) [Thread-6] updateArticles ArticleData(author=Philippe Escande, title=« Renault-Nissan : comment recoller les morceaux ? », description=L’alliance Renault-Nissan se délite et les motifs d’affrontement se multiplient depuis l’arrestation de Carlos Ghosn. L’assemblée générale des actionnaires de Nissan et le sommet du G20 à Osaka, qui se tiendront la semaine prochaine, sauront-ils remettre un p…, url=https://www.lemonde.fr/economie/article/2019/06/20/renault-nissan-comment-recoller-les-morceaux_5478972_3234.html, urlToImage=https://img.lemde.fr/2019/06/20/0/0/4533/2263/1440/720/60/0/4548018_LcGli4lKR4zVUMb30il1ffJO.jpg, publishedAt=Thu Jun 20 11:37:59 CEST 2019, content=Philippe Escande
Lalliance Renault-Nissan se délite et les motifs daffrontement se multiplient depuis larrestation de Carlos Ghosn. Lassemblée générale des actionnaires de Nissan et le sommet du G20 à Osaka, qui se tiendront la semaine prochaine, sauront-ils… [+3098 chars])
2019-06-21 10:41:09,872 DEBUG yncrea.isen.cir3.view.impl.MyView(1.) [Thread-6] updateArticles ArticleData(author=Nicole Vulser, title=Comment Beaubourg enrichit ses collections, description=Avec un budget de seulement 2 millions d’euros en 2018 alloué aux acquisitions, les dons, le mécénat ou des ententes avec des artistes sont indispensables pour que le Centre Pompidou puisse s’offrir de nouvelles œuvres., url=https://www.lemonde.fr/economie/article/2019/06/20/comment-beaubourg-enrichit-ses-collections_5478894_3234.html, urlToImage=https://img.lemde.fr/2019/06/19/0/0/5184/2592/1440/720/60/0/7cb2064_QbJ4sH6mL8nvig_OsgeCWN7N.jpg, publishedAt=Thu Jun 20 10:30:32 CEST 2019, content=Dilemme cornélien. Comment un musée tel que celui du Centre Georges-Pompidou peut-il continuer à étoffer sa collection dart moderne et contemporain lorsque la cote de certaines uvres atteint des niveaux stratosphé­riques ?
Quon en juge. En acier inoxydable, … [+2250 chars])
2019-06-21 10:41:10,044 DEBUG yncrea.isen.cir3.view.impl.MyView(1.) [Thread-6] updateArticles ArticleData(author=Marie Charrel, title=« Trop de gouvernements restent obsédés par la nationalité du successeur de Draghi à la tête de la BCE », description=Les tractations en cours sur le prochain président de la Banque centrale européenne ne devraient pas se limiter à un bras de fer franco-allemand, estime notre journaliste Marie Charrel., url=https://www.lemonde.fr/idees/article/2019/06/20/trop-de-gouvernements-restent-obsedes-par-la-nationalite-du-successeur-de-draghi-a-la-tete-de-la-bce_5478813_3232.html, urlToImage=https://img.lemde.fr/2019/06/19/329/0/4005/2002/1440/720/60/0/2bc5928_xLEZ3UNFklRYsoJ2CSh8WcOg.jpg, publishedAt=Thu Jun 20 07:00:31 CEST 2019, content=Article réservé aux abonnés
Chronique. Il nest jamais bon de résumer les institutions à un homme. Cest oublier la part essentielle des dynamiques de groupe et du travail collectif, surtout lorsque les décisions sont prises par consensus. Ces dernières années… [+2295 chars])
2019-06-21 10:41:10,204 DEBUG yncrea.isen.cir3.view.impl.MyView(1.) [Thread-6] updateArticles ArticleData(author=Philippe Escande, title=« L’argent afflue dans la French Tech », description=La levée de fonds de 205 millions d’euros réalisée par la start-up Meero souligne spectaculairement la bonne santé du secteur en ce début 2019, observe Philippe Escande, éditorialiste économique au « Monde »., url=https://www.lemonde.fr/economie/article/2019/06/19/l-argent-afflue-dans-la-french-tech_5478418_3234.html, urlToImage=https://img.lemde.fr/2019/06/19/406/0/6203/3096/1440/720/60/0/c8e3331_EHLx6nk0mfxzKy5BRpHuGc0L.jpg, publishedAt=Wed Jun 19 11:29:37 CEST 2019, content=Thomas Rebaud est le fondateur de Meero, la start-up française qui vient de lever 205 millions deuros. MEERO
Pertes et profits. Elles sappellent OpenClassrooms, PayFit, Back Market ou ManoMano et il va falloir apprendre à prononcer leur nom en bon français. … [+2379 chars])
2019-06-21 10:41:10,485 DEBUG yncrea.isen.cir3.view.impl.MyView(1.) [Thread-6] updateArticles ArticleData(author=null, title=Vidéo. Pourquoi Hongkong est (encore) dans la rue, description=Vidéo - Un million de personnes ont défilé le 9 juin dans les rues de Hongkong, un record depuis la rétrocession du territoire à la Chine en 1997. Mais depuis dix ans, ces manifestations monstres se succèdent. Explication en vidéo., url=https://www.lemonde.fr/international/video/2019/06/15/pourquoi-hongkong-est-encore-dans-la-rue_5476616_3210.html, urlToImage=https://img.lemde.fr/2019/06/09/429/0/4239/2118/1440/720/60/0/cd6cbde_5015305-01-06.jpg, publishedAt=Sat Jun 15 07:52:56 CEST 2019, content=Plus dun million de personnes, selon les organisateurs de la mobilisation, ont défilé le 9 juin dans les rues de Hongkong, qui compte sept millions dhabitants. Un record depuis la rétrocession du territoire à la Chine, en 1997. En cause, un projet de loi qui … [+1310 chars])
2019-06-21 10:41:10,704 DEBUG yncrea.isen.cir3.view.impl.MyView(1.) [Thread-6] updateArticles ArticleData(author=Karim El Hadj, title=Vidéo. Urgences : comment expliquer la crise dans les hôpitaux ?, description=Vidéo - Manque de médecins généralistes, manque de lits, postes vacants… les origines de la crise que traversent actuellement les services d’urgence sont multiples., url=https://www.lemonde.fr/sante/video/2019/06/14/urgences-la-crise-expliquee-en-chiffres_5476492_1651302.html, urlToImage=https://img.lemde.fr/2019/06/14/0/0/3828/1914/1440/720/60/0/b43df41_2Al3r5Q5vAcQFsmG6N22cU6D.jpg, publishedAt=Fri Jun 14 20:10:32 CEST 2019, content=Depuis le 18 mars, les grèves sétendent dans les services durgences. Dans des dizaines dhôpitaux, partout en France, cest le malaise. Chaque année, 180 000 personnes passeraient la nuit sur un brancard au lieu dêtre dirigées vers un lit dans un service spécia… [+1106 chars])
2019-06-21 10:41:10,954 DEBUG yncrea.isen.cir3.view.impl.MyView(1.) [Thread-6] updateArticles ArticleData(author=Arthur Carpentier, title=Vidéo. Un citron congelé est-il plus efficace qu’une chimiothérapie pour vaincre le cancer ?, description=Vidéo - Plutôt que subir une lourde chimiothérapie, consommer des citrons congelés permettrait de lutter contre le cancer. C’est du moins la rumeur que font circuler plusieurs blogs et sites Internet. Une rumeur totalement fausse, et dangereuse., url=https://www.lemonde.fr/sciences/video/2019/06/13/un-citron-congele-est-il-plus-efficace-qu-une-chimiotherapie-pour-vaincre-le-cancer_5475919_1650684.html, urlToImage=https://img.lemde.fr/2019/05/29/494/0/6000/3000/1440/720/60/0/619ac67_ZjwfgwbjAa0ng2aAgCZrtIvl.jpg, publishedAt=Thu Jun 13 18:08:45 CEST 2019, content=« Le citron congelé est 10 000 fois plus efficace quune chimiothérapie. » Depuis plusieurs années, cette phrase circule sur de nombreux blogs, forums et sites Internet. Une affirmation souvent présentée avec des sources universitaires et des articles scientif… [+1031 chars])
2019-06-21 10:41:11,151 DEBUG yncrea.isen.cir3.view.impl.MyView(1.) [Thread-6] updateArticles ArticleData(author=Mouna El Mokhtari, title=Vidéo. Pourquoi tout le monde n’a pas l’oreille absolue, description=Vidéo - Certaines personnes peuvent nommer immédiament les notes qu’elles entendent lorsqu’elles écoutent de la musique. Mais leurs cas sont très rares. Pourquoi ?, url=https://www.lemonde.fr/sciences/video/2018/06/21/pourquoi-tout-le-monde-n-a-pas-l-oreille-absolue_5318711_1650684.html, urlToImage=https://img.lemde.fr/2018/06/13/11/0/781/388/1440/720/60/0/305e400_25345-116y5w7.68vo.png, publishedAt=Thu Jun 21 07:30:03 CEST 2018, content=En musique, loreille absolue, cest la capacité de nommer les notes dès quon les entend. Contrairement à loreille relative, qui désigne la faculté de reconnaître une note à partir dune note de référence, loreille absolue est très rare. En occident, elle concer… [+839 chars])
2019-06-21 10:41:47,900 DEBUG yncrea.isen.cir3.view.impl.MyView(1.) [AWT-EventQueue-0] ActionEvent :  java.awt.event.ActionEvent[ACTION_PERFORMED,cmd=Get Headlines,when=1561106506249,modifiers=Button1] on javax.swing.JButton[,0,0,121x26,alignmentX=0.0,alignmentY=0.5,border=javax.swing.plaf.BorderUIResource$CompoundBorderUIResource@4494767b,flags=296,maximumSize=,minimumSize=,preferredSize=,defaultIcon=,disabledIcon=,disabledSelectedIcon=,margin=javax.swing.plaf.InsetsUIResource[top=2,left=14,bottom=2,right=14],paintBorder=true,paintFocus=true,pressedIcon=,rolloverEnabled=true,rolloverIcon=,rolloverSelectedIcon=,selectedIcon=,text=Get Headlines,defaultCapable=true]
2019-06-21 10:41:47,923 INFO yncrea.isen.cir3.model.impl.MyDefaultArticleModel(1.) [AWT-EventQueue-0] get headlines
2019-06-21 10:41:49,444 INFO yncrea.isen.cir3.model.impl.MyDefaultArticleModel$getHeadlines$2(1.) [Thread-6] StatusCode : 200
2019-06-21 10:41:49,444 INFO yncrea.isen.cir3.model.impl.MyDefaultArticleModel$$special$$inlined$observable$1(1.) [Thread-6] Articles property change, notify observer
2019-06-21 10:41:49,444 INFO yncrea.isen.cir3.view.impl.MyView(1.) [Thread-6] receive articles data
2019-06-21 10:41:49,444 DEBUG yncrea.isen.cir3.view.impl.MyView(1.) [Thread-6] updateArticles ArticleData(author=Patrick Roger, title=« L’Entreprise Macron » : le macronisme décrypté, description=Vingt-deux chercheurs ont analysé, dans cet ouvrage, le basculement majeur dans l’histoire de la Ve République que constitue la dernière élection présidentielle et donnent quelques clés pour comprendre le succès d’Emmanuel Macron., url=https://www.lemonde.fr/idees/article/2019/06/21/l-entreprise-macron-le-macronisme-decrypte_5479439_3232.html, urlToImage=https://img.lemde.fr/2019/06/20/698/0/1400/700/1440/720/60/0/8bca785_4HzMI4TRzLF2F_DwnU9C4d-K.jpg, publishedAt=Fri Jun 21 06:00:44 CEST 2019, content=Article réservé aux abonnés
« LEntreprise Macron », Collectif sous la direction de Bernard Dolez, Julien Fretel et Rémi Lefebvre, Presses universitaires de Grenoble, 24 euros
Le livre. Comme la plupart des commentateurs, journalistes, acteurs politiques, et… [+3010 chars])
2019-06-21 10:41:49,992 DEBUG yncrea.isen.cir3.view.impl.MyView(1.) [Thread-6] updateArticles ArticleData(author=Henri-Corto Stoeklé, Guillaume Vogt, title=Nous devons « modifier nos normes de protection des données de santé », description=Les chercheurs Henri-Corto Stoeklé et Guillaume Vogt plaident pour un débat sur la norme juridique française qui entrave l’exploitation commerciale des données, à rebours de la tendance internationale., url=https://www.lemonde.fr/idees/article/2019/06/20/nous-devons-modifier-nos-normes-de-protection-des-donnees-de-sante_5479181_3232.html, urlToImage=https://img.lemde.fr/2019/06/20/494/0/4602/2298/1440/720/60/0/6ccbc25_bkqM6WHZHqV7YfWU43OfK75v.jpg, publishedAt=Thu Jun 20 17:00:43 CEST 2019, content=« En France, les données de santé peuvent avoir une valeur dusage économique, sans nécessairement avoir une valeur déchange. Ce nest pas le cas de la tendance mondiale actuelle. » Katie Edwards/Ikon Images / Photononstop
Tribune. Les Etats-Unis, et désormais… [+2668 chars])
2019-06-21 10:41:50,316 DEBUG yncrea.isen.cir3.view.impl.MyView(1.) [Thread-6] updateArticles ArticleData(author=Philippe Escande, title=« Renault-Nissan : comment recoller les morceaux ? », description=L’alliance Renault-Nissan se délite et les motifs d’affrontement se multiplient depuis l’arrestation de Carlos Ghosn. L’assemblée générale des actionnaires de Nissan et le sommet du G20 à Osaka, qui se tiendront la semaine prochaine, sauront-ils remettre un p…, url=https://www.lemonde.fr/economie/article/2019/06/20/renault-nissan-comment-recoller-les-morceaux_5478972_3234.html, urlToImage=https://img.lemde.fr/2019/06/20/0/0/4533/2263/1440/720/60/0/4548018_LcGli4lKR4zVUMb30il1ffJO.jpg, publishedAt=Thu Jun 20 11:37:59 CEST 2019, content=Philippe Escande
Lalliance Renault-Nissan se délite et les motifs daffrontement se multiplient depuis larrestation de Carlos Ghosn. Lassemblée générale des actionnaires de Nissan et le sommet du G20 à Osaka, qui se tiendront la semaine prochaine, sauront-ils… [+3098 chars])
2019-06-21 10:41:50,472 DEBUG yncrea.isen.cir3.view.impl.MyView(1.) [Thread-6] updateArticles ArticleData(author=Nicole Vulser, title=Comment Beaubourg enrichit ses collections, description=Avec un budget de seulement 2 millions d’euros en 2018 alloué aux acquisitions, les dons, le mécénat ou des ententes avec des artistes sont indispensables pour que le Centre Pompidou puisse s’offrir de nouvelles œuvres., url=https://www.lemonde.fr/economie/article/2019/06/20/comment-beaubourg-enrichit-ses-collections_5478894_3234.html, urlToImage=https://img.lemde.fr/2019/06/19/0/0/5184/2592/1440/720/60/0/7cb2064_QbJ4sH6mL8nvig_OsgeCWN7N.jpg, publishedAt=Thu Jun 20 10:30:32 CEST 2019, content=Dilemme cornélien. Comment un musée tel que celui du Centre Georges-Pompidou peut-il continuer à étoffer sa collection dart moderne et contemporain lorsque la cote de certaines uvres atteint des niveaux stratosphé­riques ?
Quon en juge. En acier inoxydable, … [+2250 chars])
2019-06-21 10:41:50,644 DEBUG yncrea.isen.cir3.view.impl.MyView(1.) [Thread-6] updateArticles ArticleData(author=Marie Charrel, title=« Trop de gouvernements restent obsédés par la nationalité du successeur de Draghi à la tête de la BCE », description=Les tractations en cours sur le prochain président de la Banque centrale européenne ne devraient pas se limiter à un bras de fer franco-allemand, estime notre journaliste Marie Charrel., url=https://www.lemonde.fr/idees/article/2019/06/20/trop-de-gouvernements-restent-obsedes-par-la-nationalite-du-successeur-de-draghi-a-la-tete-de-la-bce_5478813_3232.html, urlToImage=https://img.lemde.fr/2019/06/19/329/0/4005/2002/1440/720/60/0/2bc5928_xLEZ3UNFklRYsoJ2CSh8WcOg.jpg, publishedAt=Thu Jun 20 07:00:31 CEST 2019, content=Article réservé aux abonnés
Chronique. Il nest jamais bon de résumer les institutions à un homme. Cest oublier la part essentielle des dynamiques de groupe et du travail collectif, surtout lorsque les décisions sont prises par consensus. Ces dernières années… [+2295 chars])
2019-06-21 10:41:50,831 DEBUG yncrea.isen.cir3.view.impl.MyView(1.) [Thread-6] updateArticles ArticleData(author=Philippe Escande, title=« L’argent afflue dans la French Tech », description=La levée de fonds de 205 millions d’euros réalisée par la start-up Meero souligne spectaculairement la bonne santé du secteur en ce début 2019, observe Philippe Escande, éditorialiste économique au « Monde »., url=https://www.lemonde.fr/economie/article/2019/06/19/l-argent-afflue-dans-la-french-tech_5478418_3234.html, urlToImage=https://img.lemde.fr/2019/06/19/406/0/6203/3096/1440/720/60/0/c8e3331_EHLx6nk0mfxzKy5BRpHuGc0L.jpg, publishedAt=Wed Jun 19 11:29:37 CEST 2019, content=Thomas Rebaud est le fondateur de Meero, la start-up française qui vient de lever 205 millions deuros. MEERO
Pertes et profits. Elles sappellent OpenClassrooms, PayFit, Back Market ou ManoMano et il va falloir apprendre à prononcer leur nom en bon français. … [+2379 chars])
2019-06-21 10:41:51,050 DEBUG yncrea.isen.cir3.view.impl.MyView(1.) [Thread-6] updateArticles ArticleData(author=null, title=Vidéo. Pourquoi Hongkong est (encore) dans la rue, description=Vidéo - Un million de personnes ont défilé le 9 juin dans les rues de Hongkong, un record depuis la rétrocession du territoire à la Chine en 1997. Mais depuis dix ans, ces manifestations monstres se succèdent. Explication en vidéo., url=https://www.lemonde.fr/international/video/2019/06/15/pourquoi-hongkong-est-encore-dans-la-rue_5476616_3210.html, urlToImage=https://img.lemde.fr/2019/06/09/429/0/4239/2118/1440/720/60/0/cd6cbde_5015305-01-06.jpg, publishedAt=Sat Jun 15 07:52:56 CEST 2019, content=Plus dun million de personnes, selon les organisateurs de la mobilisation, ont défilé le 9 juin dans les rues de Hongkong, qui compte sept millions dhabitants. Un record depuis la rétrocession du territoire à la Chine, en 1997. En cause, un projet de loi qui … [+1310 chars])
2019-06-21 10:41:51,362 DEBUG yncrea.isen.cir3.view.impl.MyView(1.) [Thread-6] updateArticles ArticleData(author=Karim El Hadj, title=Vidéo. Urgences : comment expliquer la crise dans les hôpitaux ?, description=Vidéo - Manque de médecins généralistes, manque de lits, postes vacants… les origines de la crise que traversent actuellement les services d’urgence sont multiples., url=https://www.lemonde.fr/sante/video/2019/06/14/urgences-la-crise-expliquee-en-chiffres_5476492_1651302.html, urlToImage=https://img.lemde.fr/2019/06/14/0/0/3828/1914/1440/720/60/0/b43df41_2Al3r5Q5vAcQFsmG6N22cU6D.jpg, publishedAt=Fri Jun 14 20:10:32 CEST 2019, content=Depuis le 18 mars, les grèves sétendent dans les services durgences. Dans des dizaines dhôpitaux, partout en France, cest le malaise. Chaque année, 180 000 personnes passeraient la nuit sur un brancard au lieu dêtre dirigées vers un lit dans un service spécia… [+1106 chars])
2019-06-21 10:41:51,612 DEBUG yncrea.isen.cir3.view.impl.MyView(1.) [Thread-6] updateArticles ArticleData(author=Arthur Carpentier, title=Vidéo. Un citron congelé est-il plus efficace qu’une chimiothérapie pour vaincre le cancer ?, description=Vidéo - Plutôt que subir une lourde chimiothérapie, consommer des citrons congelés permettrait de lutter contre le cancer. C’est du moins la rumeur que font circuler plusieurs blogs et sites Internet. Une rumeur totalement fausse, et dangereuse., url=https://www.lemonde.fr/sciences/video/2019/06/13/un-citron-congele-est-il-plus-efficace-qu-une-chimiotherapie-pour-vaincre-le-cancer_5475919_1650684.html, urlToImage=https://img.lemde.fr/2019/05/29/494/0/6000/3000/1440/720/60/0/619ac67_ZjwfgwbjAa0ng2aAgCZrtIvl.jpg, publishedAt=Thu Jun 13 18:08:45 CEST 2019, content=« Le citron congelé est 10 000 fois plus efficace quune chimiothérapie. » Depuis plusieurs années, cette phrase circule sur de nombreux blogs, forums et sites Internet. Une affirmation souvent présentée avec des sources universitaires et des articles scientif… [+1031 chars])
2019-06-21 10:41:51,831 DEBUG yncrea.isen.cir3.view.impl.MyView(1.) [Thread-6] updateArticles ArticleData(author=Mouna El Mokhtari, title=Vidéo. Pourquoi tout le monde n’a pas l’oreille absolue, description=Vidéo - Certaines personnes peuvent nommer immédiament les notes qu’elles entendent lorsqu’elles écoutent de la musique. Mais leurs cas sont très rares. Pourquoi ?, url=https://www.lemonde.fr/sciences/video/2018/06/21/pourquoi-tout-le-monde-n-a-pas-l-oreille-absolue_5318711_1650684.html, urlToImage=https://img.lemde.fr/2018/06/13/11/0/781/388/1440/720/60/0/305e400_25345-116y5w7.68vo.png, publishedAt=Thu Jun 21 07:30:03 CEST 2018, content=En musique, loreille absolue, cest la capacité de nommer les notes dès quon les entend. Contrairement à loreille relative, qui désigne la faculté de reconnaître une note à partir dune note de référence, loreille absolue est très rare. En occident, elle concer… [+839 chars])
2019-06-21 10:42:47,948 DEBUG yncrea.isen.cir3.view.impl.MyView(1.) [AWT-EventQueue-0] ActionEvent :  java.awt.event.ActionEvent[ACTION_PERFORMED,cmd=Get Headlines,when=1561106566312,modifiers=Button1] on javax.swing.JButton[,0,0,121x26,alignmentX=0.0,alignmentY=0.5,border=javax.swing.plaf.BorderUIResource$CompoundBorderUIResource@66833263,flags=296,maximumSize=,minimumSize=,preferredSize=,defaultIcon=,disabledIcon=,disabledSelectedIcon=,margin=javax.swing.plaf.InsetsUIResource[top=2,left=14,bottom=2,right=14],paintBorder=true,paintFocus=true,pressedIcon=,rolloverEnabled=true,rolloverIcon=,rolloverSelectedIcon=,selectedIcon=,text=Get Headlines,defaultCapable=true]
2019-06-21 10:42:47,994 INFO yncrea.isen.cir3.model.impl.MyDefaultArticleModel(1.) [AWT-EventQueue-0] get headlines
2019-06-21 10:42:49,578 INFO yncrea.isen.cir3.model.impl.MyDefaultArticleModel$getHeadlines$2(1.) [Thread-6] StatusCode : 200
2019-06-21 10:42:49,593 INFO yncrea.isen.cir3.model.impl.MyDefaultArticleModel$$special$$inlined$observable$1(1.) [Thread-6] Articles property change, notify observer
2019-06-21 10:42:49,593 INFO yncrea.isen.cir3.view.impl.MyView(1.) [Thread-6] receive articles data
2019-06-21 10:42:49,593 DEBUG yncrea.isen.cir3.view.impl.MyView(1.) [Thread-6] updateArticles ArticleData(author=Patrick Roger, title=« L’Entreprise Macron » : le macronisme décrypté, description=Vingt-deux chercheurs ont analysé, dans cet ouvrage, le basculement majeur dans l’histoire de la Ve République que constitue la dernière élection présidentielle et donnent quelques clés pour comprendre le succès d’Emmanuel Macron., url=https://www.lemonde.fr/idees/article/2019/06/21/l-entreprise-macron-le-macronisme-decrypte_5479439_3232.html, urlToImage=https://img.lemde.fr/2019/06/20/698/0/1400/700/1440/720/60/0/8bca785_4HzMI4TRzLF2F_DwnU9C4d-K.jpg, publishedAt=Fri Jun 21 06:00:44 CEST 2019, content=Article réservé aux abonnés
« LEntreprise Macron », Collectif sous la direction de Bernard Dolez, Julien Fretel et Rémi Lefebvre, Presses universitaires de Grenoble, 24 euros
Le livre. Comme la plupart des commentateurs, journalistes, acteurs politiques, et… [+3010 chars])
2019-06-21 10:42:50,144 DEBUG yncrea.isen.cir3.view.impl.MyView(1.) [Thread-6] updateArticles ArticleData(author=Henri-Corto Stoeklé, Guillaume Vogt, title=Nous devons « modifier nos normes de protection des données de santé », description=Les chercheurs Henri-Corto Stoeklé et Guillaume Vogt plaident pour un débat sur la norme juridique française qui entrave l’exploitation commerciale des données, à rebours de la tendance internationale., url=https://www.lemonde.fr/idees/article/2019/06/20/nous-devons-modifier-nos-normes-de-protection-des-donnees-de-sante_5479181_3232.html, urlToImage=https://img.lemde.fr/2019/06/20/494/0/4602/2298/1440/720/60/0/6ccbc25_bkqM6WHZHqV7YfWU43OfK75v.jpg, publishedAt=Thu Jun 20 17:00:43 CEST 2019, content=« En France, les données de santé peuvent avoir une valeur dusage économique, sans nécessairement avoir une valeur déchange. Ce nest pas le cas de la tendance mondiale actuelle. » Katie Edwards/Ikon Images / Photononstop
Tribune. Les Etats-Unis, et désormais… [+2668 chars])
2019-06-21 10:42:50,375 DEBUG yncrea.isen.cir3.view.impl.MyView(1.) [Thread-6] updateArticles ArticleData(author=Philippe Escande, title=« Renault-Nissan : comment recoller les morceaux ? », description=L’alliance Renault-Nissan se délite et les motifs d’affrontement se multiplient depuis l’arrestation de Carlos Ghosn. L’assemblée générale des actionnaires de Nissan et le sommet du G20 à Osaka, qui se tiendront la semaine prochaine, sauront-ils remettre un p…, url=https://www.lemonde.fr/economie/article/2019/06/20/renault-nissan-comment-recoller-les-morceaux_5478972_3234.html, urlToImage=https://img.lemde.fr/2019/06/20/0/0/4533/2263/1440/720/60/0/4548018_LcGli4lKR4zVUMb30il1ffJO.jpg, publishedAt=Thu Jun 20 11:37:59 CEST 2019, content=Philippe Escande
Lalliance Renault-Nissan se délite et les motifs daffrontement se multiplient depuis larrestation de Carlos Ghosn. Lassemblée générale des actionnaires de Nissan et le sommet du G20 à Osaka, qui se tiendront la semaine prochaine, sauront-ils… [+3098 chars])
2019-06-21 10:42:50,657 DEBUG yncrea.isen.cir3.view.impl.MyView(1.) [Thread-6] updateArticles ArticleData(author=Nicole Vulser, title=Comment Beaubourg enrichit ses collections, description=Avec un budget de seulement 2 millions d’euros en 2018 alloué aux acquisitions, les dons, le mécénat ou des ententes avec des artistes sont indispensables pour que le Centre Pompidou puisse s’offrir de nouvelles œuvres., url=https://www.lemonde.fr/economie/article/2019/06/20/comment-beaubourg-enrichit-ses-collections_5478894_3234.html, urlToImage=https://img.lemde.fr/2019/06/19/0/0/5184/2592/1440/720/60/0/7cb2064_QbJ4sH6mL8nvig_OsgeCWN7N.jpg, publishedAt=Thu Jun 20 10:30:32 CEST 2019, content=Dilemme cornélien. Comment un musée tel que celui du Centre Georges-Pompidou peut-il continuer à étoffer sa collection dart moderne et contemporain lorsque la cote de certaines uvres atteint des niveaux stratosphé­riques ?
Quon en juge. En acier inoxydable, … [+2250 chars])
2019-06-21 10:42:50,844 DEBUG yncrea.isen.cir3.view.impl.MyView(1.) [Thread-6] updateArticles ArticleData(author=Marie Charrel, title=« Trop de gouvernements restent obsédés par la nationalité du successeur de Draghi à la tête de la BCE », description=Les tractations en cours sur le prochain président de la Banque centrale européenne ne devraient pas se limiter à un bras de fer franco-allemand, estime notre journaliste Marie Charrel., url=https://www.lemonde.fr/idees/article/2019/06/20/trop-de-gouvernements-restent-obsedes-par-la-nationalite-du-successeur-de-draghi-a-la-tete-de-la-bce_5478813_3232.html, urlToImage=https://img.lemde.fr/2019/06/19/329/0/4005/2002/1440/720/60/0/2bc5928_xLEZ3UNFklRYsoJ2CSh8WcOg.jpg, publishedAt=Thu Jun 20 07:00:31 CEST 2019, content=Article réservé aux abonnés
Chronique. Il nest jamais bon de résumer les institutions à un homme. Cest oublier la part essentielle des dynamiques de groupe et du travail collectif, surtout lorsque les décisions sont prises par consensus. Ces dernières années… [+2295 chars])
2019-06-21 10:42:51,063 DEBUG yncrea.isen.cir3.view.impl.MyView(1.) [Thread-6] updateArticles ArticleData(author=Philippe Escande, title=« L’argent afflue dans la French Tech », description=La levée de fonds de 205 millions d’euros réalisée par la start-up Meero souligne spectaculairement la bonne santé du secteur en ce début 2019, observe Philippe Escande, éditorialiste économique au « Monde »., url=https://www.lemonde.fr/economie/article/2019/06/19/l-argent-afflue-dans-la-french-tech_5478418_3234.html, urlToImage=https://img.lemde.fr/2019/06/19/406/0/6203/3096/1440/720/60/0/c8e3331_EHLx6nk0mfxzKy5BRpHuGc0L.jpg, publishedAt=Wed Jun 19 11:29:37 CEST 2019, content=Thomas Rebaud est le fondateur de Meero, la start-up française qui vient de lever 205 millions deuros. MEERO
Pertes et profits. Elles sappellent OpenClassrooms, PayFit, Back Market ou ManoMano et il va falloir apprendre à prononcer leur nom en bon français. … [+2379 chars])
2019-06-21 10:42:51,281 DEBUG yncrea.isen.cir3.view.impl.MyView(1.) [Thread-6] updateArticles ArticleData(author=null, title=Vidéo. Pourquoi Hongkong est (encore) dans la rue, description=Vidéo - Un million de personnes ont défilé le 9 juin dans les rues de Hongkong, un record depuis la rétrocession du territoire à la Chine en 1997. Mais depuis dix ans, ces manifestations monstres se succèdent. Explication en vidéo., url=https://www.lemonde.fr/international/video/2019/06/15/pourquoi-hongkong-est-encore-dans-la-rue_5476616_3210.html, urlToImage=https://img.lemde.fr/2019/06/09/429/0/4239/2118/1440/720/60/0/cd6cbde_5015305-01-06.jpg, publishedAt=Sat Jun 15 07:52:56 CEST 2019, content=Plus dun million de personnes, selon les organisateurs de la mobilisation, ont défilé le 9 juin dans les rues de Hongkong, qui compte sept millions dhabitants. Un record depuis la rétrocession du territoire à la Chine, en 1997. En cause, un projet de loi qui … [+1310 chars])
2019-06-21 10:42:51,578 DEBUG yncrea.isen.cir3.view.impl.MyView(1.) [Thread-6] updateArticles ArticleData(author=Karim El Hadj, title=Vidéo. Urgences : comment expliquer la crise dans les hôpitaux ?, description=Vidéo - Manque de médecins généralistes, manque de lits, postes vacants… les origines de la crise que traversent actuellement les services d’urgence sont multiples., url=https://www.lemonde.fr/sante/video/2019/06/14/urgences-la-crise-expliquee-en-chiffres_5476492_1651302.html, urlToImage=https://img.lemde.fr/2019/06/14/0/0/3828/1914/1440/720/60/0/b43df41_2Al3r5Q5vAcQFsmG6N22cU6D.jpg, publishedAt=Fri Jun 14 20:10:32 CEST 2019, content=Depuis le 18 mars, les grèves sétendent dans les services durgences. Dans des dizaines dhôpitaux, partout en France, cest le malaise. Chaque année, 180 000 personnes passeraient la nuit sur un brancard au lieu dêtre dirigées vers un lit dans un service spécia… [+1106 chars])
2019-06-21 10:42:51,781 DEBUG yncrea.isen.cir3.view.impl.MyView(1.) [Thread-6] updateArticles ArticleData(author=Arthur Carpentier, title=Vidéo. Un citron congelé est-il plus efficace qu’une chimiothérapie pour vaincre le cancer ?, description=Vidéo - Plutôt que subir une lourde chimiothérapie, consommer des citrons congelés permettrait de lutter contre le cancer. C’est du moins la rumeur que font circuler plusieurs blogs et sites Internet. Une rumeur totalement fausse, et dangereuse., url=https://www.lemonde.fr/sciences/video/2019/06/13/un-citron-congele-est-il-plus-efficace-qu-une-chimiotherapie-pour-vaincre-le-cancer_5475919_1650684.html, urlToImage=https://img.lemde.fr/2019/05/29/494/0/6000/3000/1440/720/60/0/619ac67_ZjwfgwbjAa0ng2aAgCZrtIvl.jpg, publishedAt=Thu Jun 13 18:08:45 CEST 2019, content=« Le citron congelé est 10 000 fois plus efficace quune chimiothérapie. » Depuis plusieurs années, cette phrase circule sur de nombreux blogs, forums et sites Internet. Une affirmation souvent présentée avec des sources universitaires et des articles scientif… [+1031 chars])
2019-06-21 10:42:52,031 DEBUG yncrea.isen.cir3.view.impl.MyView(1.) [Thread-6] updateArticles ArticleData(author=Mouna El Mokhtari, title=Vidéo. Pourquoi tout le monde n’a pas l’oreille absolue, description=Vidéo - Certaines personnes peuvent nommer immédiament les notes qu’elles entendent lorsqu’elles écoutent de la musique. Mais leurs cas sont très rares. Pourquoi ?, url=https://www.lemonde.fr/sciences/video/2018/06/21/pourquoi-tout-le-monde-n-a-pas-l-oreille-absolue_5318711_1650684.html, urlToImage=https://img.lemde.fr/2018/06/13/11/0/781/388/1440/720/60/0/305e400_25345-116y5w7.68vo.png, publishedAt=Thu Jun 21 07:30:03 CEST 2018, content=En musique, loreille absolue, cest la capacité de nommer les notes dès quon les entend. Contrairement à loreille relative, qui désigne la faculté de reconnaître une note à partir dune note de référence, loreille absolue est très rare. En occident, elle concer… [+839 chars])
2019-06-21 10:44:44,546 DEBUG yncrea.isen.cir3.view.impl.MyView(1.) [AWT-EventQueue-0] ActionEvent :  java.awt.event.ActionEvent[ACTION_PERFORMED,cmd=Get Headlines,when=1561106682776,modifiers=Button1] on javax.swing.JButton[,0,0,121x26,alignmentX=0.0,alignmentY=0.5,border=javax.swing.plaf.BorderUIResource$CompoundBorderUIResource@6518ee96,flags=296,maximumSize=,minimumSize=,preferredSize=,defaultIcon=,disabledIcon=,disabledSelectedIcon=,margin=javax.swing.plaf.InsetsUIResource[top=2,left=14,bottom=2,right=14],paintBorder=true,paintFocus=true,pressedIcon=,rolloverEnabled=true,rolloverIcon=,rolloverSelectedIcon=,selectedIcon=,text=Get Headlines,defaultCapable=true]
2019-06-21 10:44:44,577 INFO yncrea.isen.cir3.model.impl.MyDefaultArticleModel(1.) [AWT-EventQueue-0] get headlines
2019-06-21 10:44:46,309 INFO yncrea.isen.cir3.model.impl.MyDefaultArticleModel$getHeadlines$2(1.) [Thread-6] StatusCode : 200
2019-06-21 10:44:46,309 INFO yncrea.isen.cir3.model.impl.MyDefaultArticleModel$$special$$inlined$observable$1(1.) [Thread-6] Articles property change, notify observer
2019-06-21 10:44:46,309 INFO yncrea.isen.cir3.view.impl.MyView(1.) [Thread-6] receive articles data
2019-06-21 10:44:46,309 DEBUG yncrea.isen.cir3.view.impl.MyView(1.) [Thread-6] updateArticles ArticleData(author=Patrick Roger, title=« L’Entreprise Macron » : le macronisme décrypté, description=Vingt-deux chercheurs ont analysé, dans cet ouvrage, le basculement majeur dans l’histoire de la Ve République que constitue la dernière élection présidentielle et donnent quelques clés pour comprendre le succès d’Emmanuel Macron., url=https://www.lemonde.fr/idees/article/2019/06/21/l-entreprise-macron-le-macronisme-decrypte_5479439_3232.html, urlToImage=https://img.lemde.fr/2019/06/20/698/0/1400/700/1440/720/60/0/8bca785_4HzMI4TRzLF2F_DwnU9C4d-K.jpg, publishedAt=Fri Jun 21 06:00:44 CEST 2019, content=Article réservé aux abonnés
« LEntreprise Macron », Collectif sous la direction de Bernard Dolez, Julien Fretel et Rémi Lefebvre, Presses universitaires de Grenoble, 24 euros
Le livre. Comme la plupart des commentateurs, journalistes, acteurs politiques, et… [+3010 chars])
2019-06-21 10:44:46,965 DEBUG yncrea.isen.cir3.view.impl.MyView(1.) [Thread-6] updateArticles ArticleData(author=Henri-Corto Stoeklé, Guillaume Vogt, title=Nous devons « modifier nos normes de protection des données de santé », description=Les chercheurs Henri-Corto Stoeklé et Guillaume Vogt plaident pour un débat sur la norme juridique française qui entrave l’exploitation commerciale des données, à rebours de la tendance internationale., url=https://www.lemonde.fr/idees/article/2019/06/20/nous-devons-modifier-nos-normes-de-protection-des-donnees-de-sante_5479181_3232.html, urlToImage=https://img.lemde.fr/2019/06/20/494/0/4602/2298/1440/720/60/0/6ccbc25_bkqM6WHZHqV7YfWU43OfK75v.jpg, publishedAt=Thu Jun 20 17:00:43 CEST 2019, content=« En France, les données de santé peuvent avoir une valeur dusage économique, sans nécessairement avoir une valeur déchange. Ce nest pas le cas de la tendance mondiale actuelle. » Katie Edwards/Ikon Images / Photononstop
Tribune. Les Etats-Unis, et désormais… [+2668 chars])
2019-06-21 10:44:47,263 DEBUG yncrea.isen.cir3.view.impl.MyView(1.) [Thread-6] updateArticles ArticleData(author=Philippe Escande, title=« Renault-Nissan : comment recoller les morceaux ? », description=L’alliance Renault-Nissan se délite et les motifs d’affrontement se multiplient depuis l’arrestation de Carlos Ghosn. L’assemblée générale des actionnaires de Nissan et le sommet du G20 à Osaka, qui se tiendront la semaine prochaine, sauront-ils remettre un p…, url=https://www.lemonde.fr/economie/article/2019/06/20/renault-nissan-comment-recoller-les-morceaux_5478972_3234.html, urlToImage=https://img.lemde.fr/2019/06/20/0/0/4533/2263/1440/720/60/0/4548018_LcGli4lKR4zVUMb30il1ffJO.jpg, publishedAt=Thu Jun 20 11:37:59 CEST 2019, content=Philippe Escande
Lalliance Renault-Nissan se délite et les motifs daffrontement se multiplient depuis larrestation de Carlos Ghosn. Lassemblée générale des actionnaires de Nissan et le sommet du G20 à Osaka, qui se tiendront la semaine prochaine, sauront-ils… [+3098 chars])
2019-06-21 10:44:47,513 DEBUG yncrea.isen.cir3.view.impl.MyView(1.) [Thread-6] updateArticles ArticleData(author=Nicole Vulser, title=Comment Beaubourg enrichit ses collections, description=Avec un budget de seulement 2 millions d’euros en 2018 alloué aux acquisitions, les dons, le mécénat ou des ententes avec des artistes sont indispensables pour que le Centre Pompidou puisse s’offrir de nouvelles œuvres., url=https://www.lemonde.fr/economie/article/2019/06/20/comment-beaubourg-enrichit-ses-collections_5478894_3234.html, urlToImage=https://img.lemde.fr/2019/06/19/0/0/5184/2592/1440/720/60/0/7cb2064_QbJ4sH6mL8nvig_OsgeCWN7N.jpg, publishedAt=Thu Jun 20 10:30:32 CEST 2019, content=Dilemme cornélien. Comment un musée tel que celui du Centre Georges-Pompidou peut-il continuer à étoffer sa collection dart moderne et contemporain lorsque la cote de certaines uvres atteint des niveaux stratosphé­riques ?
Quon en juge. En acier inoxydable, … [+2250 chars])
2019-06-21 10:44:47,857 DEBUG yncrea.isen.cir3.view.impl.MyView(1.) [Thread-6] updateArticles ArticleData(author=Marie Charrel, title=« Trop de gouvernements restent obsédés par la nationalité du successeur de Draghi à la tête de la BCE », description=Les tractations en cours sur le prochain président de la Banque centrale européenne ne devraient pas se limiter à un bras de fer franco-allemand, estime notre journaliste Marie Charrel., url=https://www.lemonde.fr/idees/article/2019/06/20/trop-de-gouvernements-restent-obsedes-par-la-nationalite-du-successeur-de-draghi-a-la-tete-de-la-bce_5478813_3232.html, urlToImage=https://img.lemde.fr/2019/06/19/329/0/4005/2002/1440/720/60/0/2bc5928_xLEZ3UNFklRYsoJ2CSh8WcOg.jpg, publishedAt=Thu Jun 20 07:00:31 CEST 2019, content=Article réservé aux abonnés
Chronique. Il nest jamais bon de résumer les institutions à un homme. Cest oublier la part essentielle des dynamiques de groupe et du travail collectif, surtout lorsque les décisions sont prises par consensus. Ces dernières années… [+2295 chars])
2019-06-21 10:44:48,294 DEBUG yncrea.isen.cir3.view.impl.MyView(1.) [Thread-6] updateArticles ArticleData(author=Philippe Escande, title=« L’argent afflue dans la French Tech », description=La levée de fonds de 205 millions d’euros réalisée par la start-up Meero souligne spectaculairement la bonne santé du secteur en ce début 2019, observe Philippe Escande, éditorialiste économique au « Monde »., url=https://www.lemonde.fr/economie/article/2019/06/19/l-argent-afflue-dans-la-french-tech_5478418_3234.html, urlToImage=https://img.lemde.fr/2019/06/19/406/0/6203/3096/1440/720/60/0/c8e3331_EHLx6nk0mfxzKy5BRpHuGc0L.jpg, publishedAt=Wed Jun 19 11:29:37 CEST 2019, content=Thomas Rebaud est le fondateur de Meero, la start-up française qui vient de lever 205 millions deuros. MEERO
Pertes et profits. Elles sappellent OpenClassrooms, PayFit, Back Market ou ManoMano et il va falloir apprendre à prononcer leur nom en bon français. … [+2379 chars])
2019-06-21 10:44:48,638 DEBUG yncrea.isen.cir3.view.impl.MyView(1.) [Thread-6] updateArticles ArticleData(author=null, title=Vidéo. Pourquoi Hongkong est (encore) dans la rue, description=Vidéo - Un million de personnes ont défilé le 9 juin dans les rues de Hongkong, un record depuis la rétrocession du territoire à la Chine en 1997. Mais depuis dix ans, ces manifestations monstres se succèdent. Explication en vidéo., url=https://www.lemonde.fr/international/video/2019/06/15/pourquoi-hongkong-est-encore-dans-la-rue_5476616_3210.html, urlToImage=https://img.lemde.fr/2019/06/09/429/0/4239/2118/1440/720/60/0/cd6cbde_5015305-01-06.jpg, publishedAt=Sat Jun 15 07:52:56 CEST 2019, content=Plus dun million de personnes, selon les organisateurs de la mobilisation, ont défilé le 9 juin dans les rues de Hongkong, qui compte sept millions dhabitants. Un record depuis la rétrocession du territoire à la Chine, en 1997. En cause, un projet de loi qui … [+1310 chars])
2019-06-21 10:44:49,075 DEBUG yncrea.isen.cir3.view.impl.MyView(1.) [Thread-6] updateArticles ArticleData(author=Karim El Hadj, title=Vidéo. Urgences : comment expliquer la crise dans les hôpitaux ?, description=Vidéo - Manque de médecins généralistes, manque de lits, postes vacants… les origines de la crise que traversent actuellement les services d’urgence sont multiples., url=https://www.lemonde.fr/sante/video/2019/06/14/urgences-la-crise-expliquee-en-chiffres_5476492_1651302.html, urlToImage=https://img.lemde.fr/2019/06/14/0/0/3828/1914/1440/720/60/0/b43df41_2Al3r5Q5vAcQFsmG6N22cU6D.jpg, publishedAt=Fri Jun 14 20:10:32 CEST 2019, content=Depuis le 18 mars, les grèves sétendent dans les services durgences. Dans des dizaines dhôpitaux, partout en France, cest le malaise. Chaque année, 180 000 personnes passeraient la nuit sur un brancard au lieu dêtre dirigées vers un lit dans un service spécia… [+1106 chars])
2019-06-21 10:44:49,357 DEBUG yncrea.isen.cir3.view.impl.MyView(1.) [Thread-6] updateArticles ArticleData(author=Arthur Carpentier, title=Vidéo. Un citron congelé est-il plus efficace qu’une chimiothérapie pour vaincre le cancer ?, description=Vidéo - Plutôt que subir une lourde chimiothérapie, consommer des citrons congelés permettrait de lutter contre le cancer. C’est du moins la rumeur que font circuler plusieurs blogs et sites Internet. Une rumeur totalement fausse, et dangereuse., url=https://www.lemonde.fr/sciences/video/2019/06/13/un-citron-congele-est-il-plus-efficace-qu-une-chimiotherapie-pour-vaincre-le-cancer_5475919_1650684.html, urlToImage=https://img.lemde.fr/2019/05/29/494/0/6000/3000/1440/720/60/0/619ac67_ZjwfgwbjAa0ng2aAgCZrtIvl.jpg, publishedAt=Thu Jun 13 18:08:45 CEST 2019, content=« Le citron congelé est 10 000 fois plus efficace quune chimiothérapie. » Depuis plusieurs années, cette phrase circule sur de nombreux blogs, forums et sites Internet. Une affirmation souvent présentée avec des sources universitaires et des articles scientif… [+1031 chars])
2019-06-21 10:44:49,670 DEBUG yncrea.isen.cir3.view.impl.MyView(1.) [Thread-6] updateArticles ArticleData(author=Mouna El Mokhtari, title=Vidéo. Pourquoi tout le monde n’a pas l’oreille absolue, description=Vidéo - Certaines personnes peuvent nommer immédiament les notes qu’elles entendent lorsqu’elles écoutent de la musique. Mais leurs cas sont très rares. Pourquoi ?, url=https://www.lemonde.fr/sciences/video/2018/06/21/pourquoi-tout-le-monde-n-a-pas-l-oreille-absolue_5318711_1650684.html, urlToImage=https://img.lemde.fr/2018/06/13/11/0/781/388/1440/720/60/0/305e400_25345-116y5w7.68vo.png, publishedAt=Thu Jun 21 07:30:03 CEST 2018, content=En musique, loreille absolue, cest la capacité de nommer les notes dès quon les entend. Contrairement à loreille relative, qui désigne la faculté de reconnaître une note à partir dune note de référence, loreille absolue est très rare. En occident, elle concer… [+839 chars])
2019-06-21 10:47:33,910 DEBUG yncrea.isen.cir3.view.impl.MyView(1.) [AWT-EventQueue-0] ActionEvent :  java.awt.event.ActionEvent[ACTION_PERFORMED,cmd=Get Headlines,when=1561106852458,modifiers=Button1] on javax.swing.JButton[,0,0,121x26,alignmentX=0.0,alignmentY=0.5,border=javax.swing.plaf.BorderUIResource$CompoundBorderUIResource@6a7e214b,flags=296,maximumSize=,minimumSize=,preferredSize=,defaultIcon=,disabledIcon=,disabledSelectedIcon=,margin=javax.swing.plaf.InsetsUIResource[top=2,left=14,bottom=2,right=14],paintBorder=true,paintFocus=true,pressedIcon=,rolloverEnabled=true,rolloverIcon=,rolloverSelectedIcon=,selectedIcon=,text=Get Headlines,defaultCapable=true]
2019-06-21 10:47:33,941 INFO yncrea.isen.cir3.model.impl.MyDefaultArticleModel(1.) [AWT-EventQueue-0] get headlines
2019-06-21 10:47:36,992 INFO yncrea.isen.cir3.model.impl.MyDefaultArticleModel$getHeadlines$2(1.) [Thread-6] StatusCode : 200
2019-06-21 10:47:36,992 INFO yncrea.isen.cir3.model.impl.MyDefaultArticleModel$$special$$inlined$observable$2(1.) [Thread-6] ArticlesHeadlines property change, notify observer
2019-06-21 10:47:36,992 INFO yncrea.isen.cir3.view.impl.MyView(1.) [Thread-6] receive articles data
2019-06-21 10:47:36,992 DEBUG yncrea.isen.cir3.view.impl.MyView(1.) [Thread-6] updateArticles ArticleData(author=Patrick Roger, title=« L’Entreprise Macron » : le macronisme décrypté, description=Vingt-deux chercheurs ont analysé, dans cet ouvrage, le basculement majeur dans l’histoire de la Ve République que constitue la dernière élection présidentielle et donnent quelques clés pour comprendre le succès d’Emmanuel Macron., url=https://www.lemonde.fr/idees/article/2019/06/21/l-entreprise-macron-le-macronisme-decrypte_5479439_3232.html, urlToImage=https://img.lemde.fr/2019/06/20/698/0/1400/700/1440/720/60/0/8bca785_4HzMI4TRzLF2F_DwnU9C4d-K.jpg, publishedAt=Fri Jun 21 06:00:44 CEST 2019, content=Article réservé aux abonnés
« LEntreprise Macron », Collectif sous la direction de Bernard Dolez, Julien Fretel et Rémi Lefebvre, Presses universitaires de Grenoble, 24 euros
Le livre. Comme la plupart des commentateurs, journalistes, acteurs politiques, et… [+3010 chars])
2019-06-21 10:47:37,535 DEBUG yncrea.isen.cir3.view.impl.MyView(1.) [Thread-6] updateArticles ArticleData(author=Dominique Gallois, Isabelle Chaperon, title=La fusée Ariane 5 a décollé, et la bataille pour la souveraineté dans l’espace s’intensifie, description=Partie jeudi de Kourou, la fusée a placé deux satellites géostationnaires en orbite. Le lanceur européen est menacé par la compétition farouche entre Américains et Chinois., url=https://www.lemonde.fr/economie/article/2019/06/21/ariane-5-la-bataille-pour-la-souverainete-dans-l-espace-s-intensifie_5479388_3234.html, urlToImage=https://img.lemde.fr/2019/06/20/187/0/7346/3673/1440/720/60/0/2b29046_dw6Bgx_Rqtq-8Z00D0Abh19W.jpg, publishedAt=Fri Jun 21 00:57:26 CEST 2019, content=Article réservé aux abonnés
Décollage de la fusée Ariane 5 le 20 juin à Kourou, en Guyane. JODY AMIET / AFP
Longtemps la météo a laissé craindre un report. Mais, jeudi 20 juin, à 23 h 43, heure de Paris, la fusée Ariane 5 a traversé avec panache le ciel ble… [+2368 chars])
2019-06-21 10:47:38,035 DEBUG yncrea.isen.cir3.view.impl.MyView(1.) [Thread-6] updateArticles ArticleData(author=Henri-Corto Stoeklé, Guillaume Vogt, title=Nous devons « modifier nos normes de protection des données de santé », description=Les chercheurs Henri-Corto Stoeklé et Guillaume Vogt plaident pour un débat sur la norme juridique française qui entrave l’exploitation commerciale des données, à rebours de la tendance internationale., url=https://www.lemonde.fr/idees/article/2019/06/20/nous-devons-modifier-nos-normes-de-protection-des-donnees-de-sante_5479181_3232.html, urlToImage=https://img.lemde.fr/2019/06/20/494/0/4602/2298/1440/720/60/0/6ccbc25_bkqM6WHZHqV7YfWU43OfK75v.jpg, publishedAt=Thu Jun 20 17:00:43 CEST 2019, content=« En France, les données de santé peuvent avoir une valeur dusage économique, sans nécessairement avoir une valeur déchange. Ce nest pas le cas de la tendance mondiale actuelle. » Katie Edwards/Ikon Images / Photononstop
Tribune. Les Etats-Unis, et désormais… [+2668 chars])
2019-06-21 10:47:38,208 DEBUG yncrea.isen.cir3.view.impl.MyView(1.) [Thread-6] updateArticles ArticleData(author=Philippe Escande, title=« Renault-Nissan : comment recoller les morceaux ? », description=L’alliance Renault-Nissan se délite et les motifs d’affrontement se multiplient depuis l’arrestation de Carlos Ghosn. L’assemblée générale des actionnaires de Nissan et le sommet du G20 à Osaka, qui se tiendront la semaine prochaine, sauront-ils remettre un p…, url=https://www.lemonde.fr/economie/article/2019/06/20/renault-nissan-comment-recoller-les-morceaux_5478972_3234.html, urlToImage=https://img.lemde.fr/2019/06/20/0/0/4533/2263/1440/720/60/0/4548018_LcGli4lKR4zVUMb30il1ffJO.jpg, publishedAt=Thu Jun 20 11:37:59 CEST 2019, content=Philippe Escande
Lalliance Renault-Nissan se délite et les motifs daffrontement se multiplient depuis larrestation de Carlos Ghosn. Lassemblée générale des actionnaires de Nissan et le sommet du G20 à Osaka, qui se tiendront la semaine prochaine, sauront-ils… [+3098 chars])
2019-06-21 10:47:38,351 DEBUG yncrea.isen.cir3.view.impl.MyView(1.) [Thread-6] updateArticles ArticleData(author=Marie Charrel, title=« Trop de gouvernements restent obsédés par la nationalité du successeur de Draghi à la tête de la BCE », description=Les tractations en cours sur le prochain président de la Banque centrale européenne ne devraient pas se limiter à un bras de fer franco-allemand, estime notre journaliste Marie Charrel., url=https://www.lemonde.fr/idees/article/2019/06/20/trop-de-gouvernements-restent-obsedes-par-la-nationalite-du-successeur-de-draghi-a-la-tete-de-la-bce_5478813_3232.html, urlToImage=https://img.lemde.fr/2019/06/19/329/0/4005/2002/1440/720/60/0/2bc5928_xLEZ3UNFklRYsoJ2CSh8WcOg.jpg, publishedAt=Thu Jun 20 07:00:31 CEST 2019, content=Article réservé aux abonnés
Chronique. Il nest jamais bon de résumer les institutions à un homme. Cest oublier la part essentielle des dynamiques de groupe et du travail collectif, surtout lorsque les décisions sont prises par consensus. Ces dernières années… [+2295 chars])
2019-06-21 10:47:38,695 DEBUG yncrea.isen.cir3.view.impl.MyView(1.) [Thread-6] updateArticles ArticleData(author=Philippe Escande, title=« L’argent afflue dans la French Tech », description=La levée de fonds de 205 millions d’euros réalisée par la start-up Meero souligne spectaculairement la bonne santé du secteur en ce début 2019, observe Philippe Escande, éditorialiste économique au « Monde »., url=https://www.lemonde.fr/economie/article/2019/06/19/l-argent-afflue-dans-la-french-tech_5478418_3234.html, urlToImage=https://img.lemde.fr/2019/06/19/406/0/6203/3096/1440/720/60/0/c8e3331_EHLx6nk0mfxzKy5BRpHuGc0L.jpg, publishedAt=Wed Jun 19 11:29:37 CEST 2019, content=Thomas Rebaud est le fondateur de Meero, la start-up française qui vient de lever 205 millions deuros. MEERO
Pertes et profits. Elles sappellent OpenClassrooms, PayFit, Back Market ou ManoMano et il va falloir apprendre à prononcer leur nom en bon français. … [+2379 chars])
2019-06-21 10:47:43,237 DEBUG yncrea.isen.cir3.view.impl.MyView(1.) [Thread-6] updateArticles ArticleData(author=null, title=Vidéo. Pourquoi Hongkong est (encore) dans la rue, description=Vidéo - Un million de personnes ont défilé le 9 juin dans les rues de Hongkong, un record depuis la rétrocession du territoire à la Chine en 1997. Mais depuis dix ans, ces manifestations monstres se succèdent. Explication en vidéo., url=https://www.lemonde.fr/international/video/2019/06/15/pourquoi-hongkong-est-encore-dans-la-rue_5476616_3210.html, urlToImage=https://img.lemde.fr/2019/06/09/429/0/4239/2118/1440/720/60/0/cd6cbde_5015305-01-06.jpg, publishedAt=Sat Jun 15 07:52:56 CEST 2019, content=Plus dun million de personnes, selon les organisateurs de la mobilisation, ont défilé le 9 juin dans les rues de Hongkong, qui compte sept millions dhabitants. Un record depuis la rétrocession du territoire à la Chine, en 1997. En cause, un projet de loi qui … [+1310 chars])
2019-06-21 10:47:43,581 DEBUG yncrea.isen.cir3.view.impl.MyView(1.) [Thread-6] updateArticles ArticleData(author=Karim El Hadj, title=Vidéo. Urgences : comment expliquer la crise dans les hôpitaux ?, description=Vidéo - Manque de médecins généralistes, manque de lits, postes vacants… les origines de la crise que traversent actuellement les services d’urgence sont multiples., url=https://www.lemonde.fr/sante/video/2019/06/14/urgences-la-crise-expliquee-en-chiffres_5476492_1651302.html, urlToImage=https://img.lemde.fr/2019/06/14/0/0/3828/1914/1440/720/60/0/b43df41_2Al3r5Q5vAcQFsmG6N22cU6D.jpg, publishedAt=Fri Jun 14 20:10:32 CEST 2019, content=Depuis le 18 mars, les grèves sétendent dans les services durgences. Dans des dizaines dhôpitaux, partout en France, cest le malaise. Chaque année, 180 000 personnes passeraient la nuit sur un brancard au lieu dêtre dirigées vers un lit dans un service spécia… [+1106 chars])
2019-06-21 10:47:43,784 DEBUG yncrea.isen.cir3.view.impl.MyView(1.) [Thread-6] updateArticles ArticleData(author=Arthur Carpentier, title=Vidéo. Un citron congelé est-il plus efficace qu’une chimiothérapie pour vaincre le cancer ?, description=Vidéo - Plutôt que subir une lourde chimiothérapie, consommer des citrons congelés permettrait de lutter contre le cancer. C’est du moins la rumeur que font circuler plusieurs blogs et sites Internet. Une rumeur totalement fausse, et dangereuse., url=https://www.lemonde.fr/sciences/video/2019/06/13/un-citron-congele-est-il-plus-efficace-qu-une-chimiotherapie-pour-vaincre-le-cancer_5475919_1650684.html, urlToImage=https://img.lemde.fr/2019/05/29/494/0/6000/3000/1440/720/60/0/619ac67_ZjwfgwbjAa0ng2aAgCZrtIvl.jpg, publishedAt=Thu Jun 13 18:08:45 CEST 2019, content=« Le citron congelé est 10 000 fois plus efficace quune chimiothérapie. » Depuis plusieurs années, cette phrase circule sur de nombreux blogs, forums et sites Internet. Une affirmation souvent présentée avec des sources universitaires et des articles scientif… [+1031 chars])
2019-06-21 10:47:44,221 DEBUG yncrea.isen.cir3.view.impl.MyView(1.) [Thread-6] updateArticles ArticleData(author=Mouna El Mokhtari, title=Vidéo. Pourquoi tout le monde n’a pas l’oreille absolue, description=Vidéo - Certaines personnes peuvent nommer immédiament les notes qu’elles entendent lorsqu’elles écoutent de la musique. Mais leurs cas sont très rares. Pourquoi ?, url=https://www.lemonde.fr/sciences/video/2018/06/21/pourquoi-tout-le-monde-n-a-pas-l-oreille-absolue_5318711_1650684.html, urlToImage=https://img.lemde.fr/2018/06/13/11/0/781/388/1440/720/60/0/305e400_25345-116y5w7.68vo.png, publishedAt=Thu Jun 21 07:30:03 CEST 2018, content=En musique, loreille absolue, cest la capacité de nommer les notes dès quon les entend. Contrairement à loreille relative, qui désigne la faculté de reconnaître une note à partir dune note de référence, loreille absolue est très rare. En occident, elle concer… [+839 chars])
2019-06-21 10:48:47,439 DEBUG yncrea.isen.cir3.view.impl.MyView(1.) [AWT-EventQueue-0] ActionEvent :  java.awt.event.ActionEvent[ACTION_PERFORMED,cmd=Get Headlines,when=1561106925695,modifiers=Button1] on javax.swing.JButton[,0,0,121x26,alignmentX=0.0,alignmentY=0.5,border=javax.swing.plaf.BorderUIResource$CompoundBorderUIResource@234587f9,flags=296,maximumSize=,minimumSize=,preferredSize=,defaultIcon=,disabledIcon=,disabledSelectedIcon=,margin=javax.swing.plaf.InsetsUIResource[top=2,left=14,bottom=2,right=14],paintBorder=true,paintFocus=true,pressedIcon=,rolloverEnabled=true,rolloverIcon=,rolloverSelectedIcon=,selectedIcon=,text=Get Headlines,defaultCapable=true]
2019-06-21 10:48:47,470 INFO yncrea.isen.cir3.model.impl.MyDefaultArticleModel(1.) [AWT-EventQueue-0] get headlines
2019-06-21 10:48:49,111 INFO yncrea.isen.cir3.model.impl.MyDefaultArticleModel$getHeadlines$2(1.) [Thread-6] StatusCode : 200
2019-06-21 10:48:49,111 INFO yncrea.isen.cir3.model.impl.MyDefaultArticleModel$$special$$inlined$observable$2(1.) [Thread-6] ArticlesHeadlines property change, notify observer
2019-06-21 10:48:49,111 INFO yncrea.isen.cir3.view.impl.MyView(1.) [Thread-6] receive articles data
2019-06-21 10:48:49,111 DEBUG yncrea.isen.cir3.view.impl.MyView(1.) [Thread-6] updateArticles ArticleData(author=Patrick Roger, title=« L’Entreprise Macron » : le macronisme décrypté, description=Vingt-deux chercheurs ont analysé, dans cet ouvrage, le basculement majeur dans l’histoire de la Ve République que constitue la dernière élection présidentielle et donnent quelques clés pour comprendre le succès d’Emmanuel Macron., url=https://www.lemonde.fr/idees/article/2019/06/21/l-entreprise-macron-le-macronisme-decrypte_5479439_3232.html, urlToImage=https://img.lemde.fr/2019/06/20/698/0/1400/700/1440/720/60/0/8bca785_4HzMI4TRzLF2F_DwnU9C4d-K.jpg, publishedAt=Fri Jun 21 06:00:44 CEST 2019, content=Article réservé aux abonnés
« LEntreprise Macron », Collectif sous la direction de Bernard Dolez, Julien Fretel et Rémi Lefebvre, Presses universitaires de Grenoble, 24 euros
Le livre. Comme la plupart des commentateurs, journalistes, acteurs politiques, et… [+3010 chars])
2019-06-21 10:48:49,664 DEBUG yncrea.isen.cir3.view.impl.MyView(1.) [Thread-6] updateArticles ArticleData(author=Dominique Gallois, Isabelle Chaperon, title=La fusée Ariane 5 a décollé, et la bataille pour la souveraineté dans l’espace s’intensifie, description=Partie jeudi de Kourou, la fusée a placé deux satellites géostationnaires en orbite. Le lanceur européen est menacé par la compétition farouche entre Américains et Chinois., url=https://www.lemonde.fr/economie/article/2019/06/21/ariane-5-la-bataille-pour-la-souverainete-dans-l-espace-s-intensifie_5479388_3234.html, urlToImage=https://img.lemde.fr/2019/06/20/187/0/7346/3673/1440/720/60/0/2b29046_dw6Bgx_Rqtq-8Z00D0Abh19W.jpg, publishedAt=Fri Jun 21 00:57:26 CEST 2019, content=Article réservé aux abonnés
Décollage de la fusée Ariane 5 le 20 juin à Kourou, en Guyane. JODY AMIET / AFP
Longtemps la météo a laissé craindre un report. Mais, jeudi 20 juin, à 23 h 43, heure de Paris, la fusée Ariane 5 a traversé avec panache le ciel ble… [+2368 chars])
2019-06-21 10:48:49,914 DEBUG yncrea.isen.cir3.view.impl.MyView(1.) [Thread-6] updateArticles ArticleData(author=Henri-Corto Stoeklé, Guillaume Vogt, title=Nous devons « modifier nos normes de protection des données de santé », description=Les chercheurs Henri-Corto Stoeklé et Guillaume Vogt plaident pour un débat sur la norme juridique française qui entrave l’exploitation commerciale des données, à rebours de la tendance internationale., url=https://www.lemonde.fr/idees/article/2019/06/20/nous-devons-modifier-nos-normes-de-protection-des-donnees-de-sante_5479181_3232.html, urlToImage=https://img.lemde.fr/2019/06/20/494/0/4602/2298/1440/720/60/0/6ccbc25_bkqM6WHZHqV7YfWU43OfK75v.jpg, publishedAt=Thu Jun 20 17:00:43 CEST 2019, content=« En France, les données de santé peuvent avoir une valeur dusage économique, sans nécessairement avoir une valeur déchange. Ce nest pas le cas de la tendance mondiale actuelle. » Katie Edwards/Ikon Images / Photononstop
Tribune. Les Etats-Unis, et désormais… [+2668 chars])
2019-06-21 10:48:50,152 DEBUG yncrea.isen.cir3.view.impl.MyView(1.) [Thread-6] updateArticles ArticleData(author=Philippe Escande, title=« Renault-Nissan : comment recoller les morceaux ? », description=L’alliance Renault-Nissan se délite et les motifs d’affrontement se multiplient depuis l’arrestation de Carlos Ghosn. L’assemblée générale des actionnaires de Nissan et le sommet du G20 à Osaka, qui se tiendront la semaine prochaine, sauront-ils remettre un p…, url=https://www.lemonde.fr/economie/article/2019/06/20/renault-nissan-comment-recoller-les-morceaux_5478972_3234.html, urlToImage=https://img.lemde.fr/2019/06/20/0/0/4533/2263/1440/720/60/0/4548018_LcGli4lKR4zVUMb30il1ffJO.jpg, publishedAt=Thu Jun 20 11:37:59 CEST 2019, content=Philippe Escande
Lalliance Renault-Nissan se délite et les motifs daffrontement se multiplient depuis larrestation de Carlos Ghosn. Lassemblée générale des actionnaires de Nissan et le sommet du G20 à Osaka, qui se tiendront la semaine prochaine, sauront-ils… [+3098 chars])
2019-06-21 10:48:50,335 DEBUG yncrea.isen.cir3.view.impl.MyView(1.) [Thread-6] updateArticles ArticleData(author=Marie Charrel, title=« Trop de gouvernements restent obsédés par la nationalité du successeur de Draghi à la tête de la BCE », description=Les tractations en cours sur le prochain président de la Banque centrale européenne ne devraient pas se limiter à un bras de fer franco-allemand, estime notre journaliste Marie Charrel., url=https://www.lemonde.fr/idees/article/2019/06/20/trop-de-gouvernements-restent-obsedes-par-la-nationalite-du-successeur-de-draghi-a-la-tete-de-la-bce_5478813_3232.html, urlToImage=https://img.lemde.fr/2019/06/19/329/0/4005/2002/1440/720/60/0/2bc5928_xLEZ3UNFklRYsoJ2CSh8WcOg.jpg, publishedAt=Thu Jun 20 07:00:31 CEST 2019, content=Article réservé aux abonnés
Chronique. Il nest jamais bon de résumer les institutions à un homme. Cest oublier la part essentielle des dynamiques de groupe et du travail collectif, surtout lorsque les décisions sont prises par consensus. Ces dernières années… [+2295 chars])
2019-06-21 10:48:50,523 DEBUG yncrea.isen.cir3.view.impl.MyView(1.) [Thread-6] updateArticles ArticleData(author=Philippe Escande, title=« L’argent afflue dans la French Tech », description=La levée de fonds de 205 millions d’euros réalisée par la start-up Meero souligne spectaculairement la bonne santé du secteur en ce début 2019, observe Philippe Escande, éditorialiste économique au « Monde »., url=https://www.lemonde.fr/economie/article/2019/06/19/l-argent-afflue-dans-la-french-tech_5478418_3234.html, urlToImage=https://img.lemde.fr/2019/06/19/406/0/6203/3096/1440/720/60/0/c8e3331_EHLx6nk0mfxzKy5BRpHuGc0L.jpg, publishedAt=Wed Jun 19 11:29:37 CEST 2019, content=Thomas Rebaud est le fondateur de Meero, la start-up française qui vient de lever 205 millions deuros. MEERO
Pertes et profits. Elles sappellent OpenClassrooms, PayFit, Back Market ou ManoMano et il va falloir apprendre à prononcer leur nom en bon français. … [+2379 chars])
2019-06-21 10:48:50,804 DEBUG yncrea.isen.cir3.view.impl.MyView(1.) [Thread-6] updateArticles ArticleData(author=null, title=Vidéo. Pourquoi Hongkong est (encore) dans la rue, description=Vidéo - Un million de personnes ont défilé le 9 juin dans les rues de Hongkong, un record depuis la rétrocession du territoire à la Chine en 1997. Mais depuis dix ans, ces manifestations monstres se succèdent. Explication en vidéo., url=https://www.lemonde.fr/international/video/2019/06/15/pourquoi-hongkong-est-encore-dans-la-rue_5476616_3210.html, urlToImage=https://img.lemde.fr/2019/06/09/429/0/4239/2118/1440/720/60/0/cd6cbde_5015305-01-06.jpg, publishedAt=Sat Jun 15 07:52:56 CEST 2019, content=Plus dun million de personnes, selon les organisateurs de la mobilisation, ont défilé le 9 juin dans les rues de Hongkong, qui compte sept millions dhabitants. Un record depuis la rétrocession du territoire à la Chine, en 1997. En cause, un projet de loi qui … [+1310 chars])
2019-06-21 10:48:51,085 DEBUG yncrea.isen.cir3.view.impl.MyView(1.) [Thread-6] updateArticles ArticleData(author=Karim El Hadj, title=Vidéo. Urgences : comment expliquer la crise dans les hôpitaux ?, description=Vidéo - Manque de médecins généralistes, manque de lits, postes vacants… les origines de la crise que traversent actuellement les services d’urgence sont multiples., url=https://www.lemonde.fr/sante/video/2019/06/14/urgences-la-crise-expliquee-en-chiffres_5476492_1651302.html, urlToImage=https://img.lemde.fr/2019/06/14/0/0/3828/1914/1440/720/60/0/b43df41_2Al3r5Q5vAcQFsmG6N22cU6D.jpg, publishedAt=Fri Jun 14 20:10:32 CEST 2019, content=Depuis le 18 mars, les grèves sétendent dans les services durgences. Dans des dizaines dhôpitaux, partout en France, cest le malaise. Chaque année, 180 000 personnes passeraient la nuit sur un brancard au lieu dêtre dirigées vers un lit dans un service spécia… [+1106 chars])
2019-06-21 10:48:51,507 DEBUG yncrea.isen.cir3.view.impl.MyView(1.) [Thread-6] updateArticles ArticleData(author=Arthur Carpentier, title=Vidéo. Un citron congelé est-il plus efficace qu’une chimiothérapie pour vaincre le cancer ?, description=Vidéo - Plutôt que subir une lourde chimiothérapie, consommer des citrons congelés permettrait de lutter contre le cancer. C’est du moins la rumeur que font circuler plusieurs blogs et sites Internet. Une rumeur totalement fausse, et dangereuse., url=https://www.lemonde.fr/sciences/video/2019/06/13/un-citron-congele-est-il-plus-efficace-qu-une-chimiotherapie-pour-vaincre-le-cancer_5475919_1650684.html, urlToImage=https://img.lemde.fr/2019/05/29/494/0/6000/3000/1440/720/60/0/619ac67_ZjwfgwbjAa0ng2aAgCZrtIvl.jpg, publishedAt=Thu Jun 13 18:08:45 CEST 2019, content=« Le citron congelé est 10 000 fois plus efficace quune chimiothérapie. » Depuis plusieurs années, cette phrase circule sur de nombreux blogs, forums et sites Internet. Une affirmation souvent présentée avec des sources universitaires et des articles scientif… [+1031 chars])
2019-06-21 10:48:51,745 DEBUG yncrea.isen.cir3.view.impl.MyView(1.) [Thread-6] updateArticles ArticleData(author=Mouna El Mokhtari, title=Vidéo. Pourquoi tout le monde n’a pas l’oreille absolue, description=Vidéo - Certaines personnes peuvent nommer immédiament les notes qu’elles entendent lorsqu’elles écoutent de la musique. Mais leurs cas sont très rares. Pourquoi ?, url=https://www.lemonde.fr/sciences/video/2018/06/21/pourquoi-tout-le-monde-n-a-pas-l-oreille-absolue_5318711_1650684.html, urlToImage=https://img.lemde.fr/2018/06/13/11/0/781/388/1440/720/60/0/305e400_25345-116y5w7.68vo.png, publishedAt=Thu Jun 21 07:30:03 CEST 2018, content=En musique, loreille absolue, cest la capacité de nommer les notes dès quon les entend. Contrairement à loreille relative, qui désigne la faculté de reconnaître une note à partir dune note de référence, loreille absolue est très rare. En occident, elle concer… [+839 chars])
2019-06-21 10:49:26,721 DEBUG yncrea.isen.cir3.view.impl.MyView(1.) [AWT-EventQueue-0] ActionEvent :  java.awt.event.ActionEvent[ACTION_PERFORMED,cmd=Get Headlines,when=1561106964910,modifiers=Button1] on javax.swing.JButton[,0,0,121x26,alignmentX=0.0,alignmentY=0.5,border=javax.swing.plaf.BorderUIResource$CompoundBorderUIResource@5551f2d0,flags=296,maximumSize=,minimumSize=,preferredSize=,defaultIcon=,disabledIcon=,disabledSelectedIcon=,margin=javax.swing.plaf.InsetsUIResource[top=2,left=14,bottom=2,right=14],paintBorder=true,paintFocus=true,pressedIcon=,rolloverEnabled=true,rolloverIcon=,rolloverSelectedIcon=,selectedIcon=,text=Get Headlines,defaultCapable=true]
2019-06-21 10:49:26,752 INFO yncrea.isen.cir3.model.impl.MyDefaultArticleModel(1.) [AWT-EventQueue-0] get headlines
2019-06-21 10:49:28,393 INFO yncrea.isen.cir3.model.impl.MyDefaultArticleModel$getHeadlines$2(1.) [Thread-6] StatusCode : 200
2019-06-21 10:49:28,393 INFO yncrea.isen.cir3.model.impl.MyDefaultArticleModel$$special$$inlined$observable$2(1.) [Thread-6] ArticlesHeadlines property change, notify observer
2019-06-21 10:49:28,393 INFO yncrea.isen.cir3.view.impl.MyView(1.) [Thread-6] receive articles data
2019-06-21 10:49:28,393 DEBUG yncrea.isen.cir3.view.impl.MyView(1.) [Thread-6] updateArticles ArticleData(author=Patrick Roger, title=« L’Entreprise Macron » : le macronisme décrypté, description=Vingt-deux chercheurs ont analysé, dans cet ouvrage, le basculement majeur dans l’histoire de la Ve République que constitue la dernière élection présidentielle et donnent quelques clés pour comprendre le succès d’Emmanuel Macron., url=https://www.lemonde.fr/idees/article/2019/06/21/l-entreprise-macron-le-macronisme-decrypte_5479439_3232.html, urlToImage=https://img.lemde.fr/2019/06/20/698/0/1400/700/1440/720/60/0/8bca785_4HzMI4TRzLF2F_DwnU9C4d-K.jpg, publishedAt=Fri Jun 21 06:00:44 CEST 2019, content=Article réservé aux abonnés
« LEntreprise Macron », Collectif sous la direction de Bernard Dolez, Julien Fretel et Rémi Lefebvre, Presses universitaires de Grenoble, 24 euros
Le livre. Comme la plupart des commentateurs, journalistes, acteurs politiques, et… [+3010 chars])
2019-06-21 10:49:29,877 DEBUG yncrea.isen.cir3.view.impl.MyView(1.) [Thread-6] updateArticles ArticleData(author=Dominique Gallois, Isabelle Chaperon, title=La fusée Ariane 5 a décollé, et la bataille pour la souveraineté dans l’espace s’intensifie, description=Partie jeudi de Kourou, la fusée a placé deux satellites géostationnaires en orbite. Le lanceur européen est menacé par la compétition farouche entre Américains et Chinois., url=https://www.lemonde.fr/economie/article/2019/06/21/ariane-5-la-bataille-pour-la-souverainete-dans-l-espace-s-intensifie_5479388_3234.html, urlToImage=https://img.lemde.fr/2019/06/20/187/0/7346/3673/1440/720/60/0/2b29046_dw6Bgx_Rqtq-8Z00D0Abh19W.jpg, publishedAt=Fri Jun 21 00:57:26 CEST 2019, content=Article réservé aux abonnés
Décollage de la fusée Ariane 5 le 20 juin à Kourou, en Guyane. JODY AMIET / AFP
Longtemps la météo a laissé craindre un report. Mais, jeudi 20 juin, à 23 h 43, heure de Paris, la fusée Ariane 5 a traversé avec panache le ciel ble… [+2368 chars])
2019-06-21 10:49:30,321 DEBUG yncrea.isen.cir3.view.impl.MyView(1.) [Thread-6] updateArticles ArticleData(author=Henri-Corto Stoeklé, Guillaume Vogt, title=Nous devons « modifier nos normes de protection des données de santé », description=Les chercheurs Henri-Corto Stoeklé et Guillaume Vogt plaident pour un débat sur la norme juridique française qui entrave l’exploitation commerciale des données, à rebours de la tendance internationale., url=https://www.lemonde.fr/idees/article/2019/06/20/nous-devons-modifier-nos-normes-de-protection-des-donnees-de-sante_5479181_3232.html, urlToImage=https://img.lemde.fr/2019/06/20/494/0/4602/2298/1440/720/60/0/6ccbc25_bkqM6WHZHqV7YfWU43OfK75v.jpg, publishedAt=Thu Jun 20 17:00:43 CEST 2019, content=« En France, les données de santé peuvent avoir une valeur dusage économique, sans nécessairement avoir une valeur déchange. Ce nest pas le cas de la tendance mondiale actuelle. » Katie Edwards/Ikon Images / Photononstop
Tribune. Les Etats-Unis, et désormais… [+2668 chars])
2019-06-21 10:49:30,509 DEBUG yncrea.isen.cir3.view.impl.MyView(1.) [Thread-6] updateArticles ArticleData(author=Philippe Escande, title=« Renault-Nissan : comment recoller les morceaux ? », description=L’alliance Renault-Nissan se délite et les motifs d’affrontement se multiplient depuis l’arrestation de Carlos Ghosn. L’assemblée générale des actionnaires de Nissan et le sommet du G20 à Osaka, qui se tiendront la semaine prochaine, sauront-ils remettre un p…, url=https://www.lemonde.fr/economie/article/2019/06/20/renault-nissan-comment-recoller-les-morceaux_5478972_3234.html, urlToImage=https://img.lemde.fr/2019/06/20/0/0/4533/2263/1440/720/60/0/4548018_LcGli4lKR4zVUMb30il1ffJO.jpg, publishedAt=Thu Jun 20 11:37:59 CEST 2019, content=Philippe Escande
Lalliance Renault-Nissan se délite et les motifs daffrontement se multiplient depuis larrestation de Carlos Ghosn. Lassemblée générale des actionnaires de Nissan et le sommet du G20 à Osaka, qui se tiendront la semaine prochaine, sauront-ils… [+3098 chars])
2019-06-21 10:49:30,696 DEBUG yncrea.isen.cir3.view.impl.MyView(1.) [Thread-6] updateArticles ArticleData(author=Marie Charrel, title=« Trop de gouvernements restent obsédés par la nationalité du successeur de Draghi à la tête de la BCE », description=Les tractations en cours sur le prochain président de la Banque centrale européenne ne devraient pas se limiter à un bras de fer franco-allemand, estime notre journaliste Marie Charrel., url=https://www.lemonde.fr/idees/article/2019/06/20/trop-de-gouvernements-restent-obsedes-par-la-nationalite-du-successeur-de-draghi-a-la-tete-de-la-bce_5478813_3232.html, urlToImage=https://img.lemde.fr/2019/06/19/329/0/4005/2002/1440/720/60/0/2bc5928_xLEZ3UNFklRYsoJ2CSh8WcOg.jpg, publishedAt=Thu Jun 20 07:00:31 CEST 2019, content=Article réservé aux abonnés
Chronique. Il nest jamais bon de résumer les institutions à un homme. Cest oublier la part essentielle des dynamiques de groupe et du travail collectif, surtout lorsque les décisions sont prises par consensus. Ces dernières années… [+2295 chars])
2019-06-21 10:49:30,868 DEBUG yncrea.isen.cir3.view.impl.MyView(1.) [Thread-6] updateArticles ArticleData(author=Philippe Escande, title=« L’argent afflue dans la French Tech », description=La levée de fonds de 205 millions d’euros réalisée par la start-up Meero souligne spectaculairement la bonne santé du secteur en ce début 2019, observe Philippe Escande, éditorialiste économique au « Monde »., url=https://www.lemonde.fr/economie/article/2019/06/19/l-argent-afflue-dans-la-french-tech_5478418_3234.html, urlToImage=https://img.lemde.fr/2019/06/19/406/0/6203/3096/1440/720/60/0/c8e3331_EHLx6nk0mfxzKy5BRpHuGc0L.jpg, publishedAt=Wed Jun 19 11:29:37 CEST 2019, content=Thomas Rebaud est le fondateur de Meero, la start-up française qui vient de lever 205 millions deuros. MEERO
Pertes et profits. Elles sappellent OpenClassrooms, PayFit, Back Market ou ManoMano et il va falloir apprendre à prononcer leur nom en bon français. … [+2379 chars])
2019-06-21 10:49:31,147 DEBUG yncrea.isen.cir3.view.impl.MyView(1.) [Thread-6] updateArticles ArticleData(author=null, title=Vidéo. Pourquoi Hongkong est (encore) dans la rue, description=Vidéo - Un million de personnes ont défilé le 9 juin dans les rues de Hongkong, un record depuis la rétrocession du territoire à la Chine en 1997. Mais depuis dix ans, ces manifestations monstres se succèdent. Explication en vidéo., url=https://www.lemonde.fr/international/video/2019/06/15/pourquoi-hongkong-est-encore-dans-la-rue_5476616_3210.html, urlToImage=https://img.lemde.fr/2019/06/09/429/0/4239/2118/1440/720/60/0/cd6cbde_5015305-01-06.jpg, publishedAt=Sat Jun 15 07:52:56 CEST 2019, content=Plus dun million de personnes, selon les organisateurs de la mobilisation, ont défilé le 9 juin dans les rues de Hongkong, qui compte sept millions dhabitants. Un record depuis la rétrocession du territoire à la Chine, en 1997. En cause, un projet de loi qui … [+1310 chars])
2019-06-21 10:49:31,737 DEBUG yncrea.isen.cir3.view.impl.MyView(1.) [Thread-6] updateArticles ArticleData(author=Karim El Hadj, title=Vidéo. Urgences : comment expliquer la crise dans les hôpitaux ?, description=Vidéo - Manque de médecins généralistes, manque de lits, postes vacants… les origines de la crise que traversent actuellement les services d’urgence sont multiples., url=https://www.lemonde.fr/sante/video/2019/06/14/urgences-la-crise-expliquee-en-chiffres_5476492_1651302.html, urlToImage=https://img.lemde.fr/2019/06/14/0/0/3828/1914/1440/720/60/0/b43df41_2Al3r5Q5vAcQFsmG6N22cU6D.jpg, publishedAt=Fri Jun 14 20:10:32 CEST 2019, content=Depuis le 18 mars, les grèves sétendent dans les services durgences. Dans des dizaines dhôpitaux, partout en France, cest le malaise. Chaque année, 180 000 personnes passeraient la nuit sur un brancard au lieu dêtre dirigées vers un lit dans un service spécia… [+1106 chars])
2019-06-21 10:49:31,909 DEBUG yncrea.isen.cir3.view.impl.MyView(1.) [Thread-6] updateArticles ArticleData(author=Arthur Carpentier, title=Vidéo. Un citron congelé est-il plus efficace qu’une chimiothérapie pour vaincre le cancer ?, description=Vidéo - Plutôt que subir une lourde chimiothérapie, consommer des citrons congelés permettrait de lutter contre le cancer. C’est du moins la rumeur que font circuler plusieurs blogs et sites Internet. Une rumeur totalement fausse, et dangereuse., url=https://www.lemonde.fr/sciences/video/2019/06/13/un-citron-congele-est-il-plus-efficace-qu-une-chimiotherapie-pour-vaincre-le-cancer_5475919_1650684.html, urlToImage=https://img.lemde.fr/2019/05/29/494/0/6000/3000/1440/720/60/0/619ac67_ZjwfgwbjAa0ng2aAgCZrtIvl.jpg, publishedAt=Thu Jun 13 18:08:45 CEST 2019, content=« Le citron congelé est 10 000 fois plus efficace quune chimiothérapie. » Depuis plusieurs années, cette phrase circule sur de nombreux blogs, forums et sites Internet. Une affirmation souvent présentée avec des sources universitaires et des articles scientif… [+1031 chars])
2019-06-21 10:49:32,189 DEBUG yncrea.isen.cir3.view.impl.MyView(1.) [Thread-6] updateArticles ArticleData(author=Mouna El Mokhtari, title=Vidéo. Pourquoi tout le monde n’a pas l’oreille absolue, description=Vidéo - Certaines personnes peuvent nommer immédiament les notes qu’elles entendent lorsqu’elles écoutent de la musique. Mais leurs cas sont très rares. Pourquoi ?, url=https://www.lemonde.fr/sciences/video/2018/06/21/pourquoi-tout-le-monde-n-a-pas-l-oreille-absolue_5318711_1650684.html, urlToImage=https://img.lemde.fr/2018/06/13/11/0/781/388/1440/720/60/0/305e400_25345-116y5w7.68vo.png, publishedAt=Thu Jun 21 07:30:03 CEST 2018, content=En musique, loreille absolue, cest la capacité de nommer les notes dès quon les entend. Contrairement à loreille relative, qui désigne la faculté de reconnaître une note à partir dune note de référence, loreille absolue est très rare. En occident, elle concer… [+839 chars])
2019-06-21 10:50:05,044 DEBUG yncrea.isen.cir3.view.impl.MyView(1.) [AWT-EventQueue-0] ActionEvent :  java.awt.event.ActionEvent[ACTION_PERFORMED,cmd=Get Headlines,when=1561107003248,modifiers=Button1] on javax.swing.JButton[,0,0,121x26,alignmentX=0.0,alignmentY=0.5,border=javax.swing.plaf.BorderUIResource$CompoundBorderUIResource@5551f2d0,flags=296,maximumSize=,minimumSize=,preferredSize=,defaultIcon=,disabledIcon=,disabledSelectedIcon=,margin=javax.swing.plaf.InsetsUIResource[top=2,left=14,bottom=2,right=14],paintBorder=true,paintFocus=true,pressedIcon=,rolloverEnabled=true,rolloverIcon=,rolloverSelectedIcon=,selectedIcon=,text=Get Headlines,defaultCapable=true]
2019-06-21 10:50:05,076 INFO yncrea.isen.cir3.model.impl.MyDefaultArticleModel(1.) [AWT-EventQueue-0] get headlines
2019-06-21 10:50:06,686 INFO yncrea.isen.cir3.model.impl.MyDefaultArticleModel$getHeadlines$2(1.) [Thread-6] StatusCode : 200
2019-06-21 10:50:06,686 INFO yncrea.isen.cir3.model.impl.MyDefaultArticleModel$$special$$inlined$observable$2(1.) [Thread-6] ArticlesHeadlines property change, notify observer
2019-06-21 10:50:06,686 INFO yncrea.isen.cir3.view.impl.MyView(1.) [Thread-6] receive articles data
2019-06-21 10:50:06,686 DEBUG yncrea.isen.cir3.view.impl.MyView(1.) [Thread-6] updateArticlesHeadlines ArticleData(author=Patrick Roger, title=« L’Entreprise Macron » : le macronisme décrypté, description=Vingt-deux chercheurs ont analysé, dans cet ouvrage, le basculement majeur dans l’histoire de la Ve République que constitue la dernière élection présidentielle et donnent quelques clés pour comprendre le succès d’Emmanuel Macron., url=https://www.lemonde.fr/idees/article/2019/06/21/l-entreprise-macron-le-macronisme-decrypte_5479439_3232.html, urlToImage=https://img.lemde.fr/2019/06/20/698/0/1400/700/1440/720/60/0/8bca785_4HzMI4TRzLF2F_DwnU9C4d-K.jpg, publishedAt=Fri Jun 21 06:00:44 CEST 2019, content=Article réservé aux abonnés
« LEntreprise Macron », Collectif sous la direction de Bernard Dolez, Julien Fretel et Rémi Lefebvre, Presses universitaires de Grenoble, 24 euros
Le livre. Comme la plupart des commentateurs, journalistes, acteurs politiques, et… [+3010 chars])
2019-06-21 10:50:09,077 DEBUG yncrea.isen.cir3.view.impl.MyView(1.) [Thread-6] updateArticlesHeadlines ArticleData(author=Dominique Gallois, Isabelle Chaperon, title=La fusée Ariane 5 a décollé, et la bataille pour la souveraineté dans l’espace s’intensifie, description=Partie jeudi de Kourou, la fusée a placé deux satellites géostationnaires en orbite. Le lanceur européen est menacé par la compétition farouche entre Américains et Chinois., url=https://www.lemonde.fr/economie/article/2019/06/21/ariane-5-la-bataille-pour-la-souverainete-dans-l-espace-s-intensifie_5479388_3234.html, urlToImage=https://img.lemde.fr/2019/06/20/187/0/7346/3673/1440/720/60/0/2b29046_dw6Bgx_Rqtq-8Z00D0Abh19W.jpg, publishedAt=Fri Jun 21 00:57:26 CEST 2019, content=Article réservé aux abonnés
Décollage de la fusée Ariane 5 le 20 juin à Kourou, en Guyane. JODY AMIET / AFP
Longtemps la météo a laissé craindre un report. Mais, jeudi 20 juin, à 23 h 43, heure de Paris, la fusée Ariane 5 a traversé avec panache le ciel ble… [+2368 chars])
2019-06-21 10:50:09,327 DEBUG yncrea.isen.cir3.view.impl.MyView(1.) [Thread-6] updateArticlesHeadlines ArticleData(author=Henri-Corto Stoeklé, Guillaume Vogt, title=Nous devons « modifier nos normes de protection des données de santé », description=Les chercheurs Henri-Corto Stoeklé et Guillaume Vogt plaident pour un débat sur la norme juridique française qui entrave l’exploitation commerciale des données, à rebours de la tendance internationale., url=https://www.lemonde.fr/idees/article/2019/06/20/nous-devons-modifier-nos-normes-de-protection-des-donnees-de-sante_5479181_3232.html, urlToImage=https://img.lemde.fr/2019/06/20/494/0/4602/2298/1440/720/60/0/6ccbc25_bkqM6WHZHqV7YfWU43OfK75v.jpg, publishedAt=Thu Jun 20 17:00:43 CEST 2019, content=« En France, les données de santé peuvent avoir une valeur dusage économique, sans nécessairement avoir une valeur déchange. Ce nest pas le cas de la tendance mondiale actuelle. » Katie Edwards/Ikon Images / Photononstop
Tribune. Les Etats-Unis, et désormais… [+2668 chars])
2019-06-21 10:50:09,530 DEBUG yncrea.isen.cir3.view.impl.MyView(1.) [Thread-6] updateArticlesHeadlines ArticleData(author=Philippe Escande, title=« Renault-Nissan : comment recoller les morceaux ? », description=L’alliance Renault-Nissan se délite et les motifs d’affrontement se multiplient depuis l’arrestation de Carlos Ghosn. L’assemblée générale des actionnaires de Nissan et le sommet du G20 à Osaka, qui se tiendront la semaine prochaine, sauront-ils remettre un p…, url=https://www.lemonde.fr/economie/article/2019/06/20/renault-nissan-comment-recoller-les-morceaux_5478972_3234.html, urlToImage=https://img.lemde.fr/2019/06/20/0/0/4533/2263/1440/720/60/0/4548018_LcGli4lKR4zVUMb30il1ffJO.jpg, publishedAt=Thu Jun 20 11:37:59 CEST 2019, content=Philippe Escande
Lalliance Renault-Nissan se délite et les motifs daffrontement se multiplient depuis larrestation de Carlos Ghosn. Lassemblée générale des actionnaires de Nissan et le sommet du G20 à Osaka, qui se tiendront la semaine prochaine, sauront-ils… [+3098 chars])
2019-06-21 10:50:09,671 DEBUG yncrea.isen.cir3.view.impl.MyView(1.) [Thread-6] updateArticlesHeadlines ArticleData(author=Marie Charrel, title=« Trop de gouvernements restent obsédés par la nationalité du successeur de Draghi à la tête de la BCE », description=Les tractations en cours sur le prochain président de la Banque centrale européenne ne devraient pas se limiter à un bras de fer franco-allemand, estime notre journaliste Marie Charrel., url=https://www.lemonde.fr/idees/article/2019/06/20/trop-de-gouvernements-restent-obsedes-par-la-nationalite-du-successeur-de-draghi-a-la-tete-de-la-bce_5478813_3232.html, urlToImage=https://img.lemde.fr/2019/06/19/329/0/4005/2002/1440/720/60/0/2bc5928_xLEZ3UNFklRYsoJ2CSh8WcOg.jpg, publishedAt=Thu Jun 20 07:00:31 CEST 2019, content=Article réservé aux abonnés
Chronique. Il nest jamais bon de résumer les institutions à un homme. Cest oublier la part essentielle des dynamiques de groupe et du travail collectif, surtout lorsque les décisions sont prises par consensus. Ces dernières années… [+2295 chars])
2019-06-21 10:50:09,842 DEBUG yncrea.isen.cir3.view.impl.MyView(1.) [Thread-6] updateArticlesHeadlines ArticleData(author=Philippe Escande, title=« L’argent afflue dans la French Tech », description=La levée de fonds de 205 millions d’euros réalisée par la start-up Meero souligne spectaculairement la bonne santé du secteur en ce début 2019, observe Philippe Escande, éditorialiste économique au « Monde »., url=https://www.lemonde.fr/economie/article/2019/06/19/l-argent-afflue-dans-la-french-tech_5478418_3234.html, urlToImage=https://img.lemde.fr/2019/06/19/406/0/6203/3096/1440/720/60/0/c8e3331_EHLx6nk0mfxzKy5BRpHuGc0L.jpg, publishedAt=Wed Jun 19 11:29:37 CEST 2019, content=Thomas Rebaud est le fondateur de Meero, la start-up française qui vient de lever 205 millions deuros. MEERO
Pertes et profits. Elles sappellent OpenClassrooms, PayFit, Back Market ou ManoMano et il va falloir apprendre à prononcer leur nom en bon français. … [+2379 chars])
2019-06-21 10:50:10,045 DEBUG yncrea.isen.cir3.view.impl.MyView(1.) [Thread-6] updateArticlesHeadlines ArticleData(author=null, title=Vidéo. Pourquoi Hongkong est (encore) dans la rue, description=Vidéo - Un million de personnes ont défilé le 9 juin dans les rues de Hongkong, un record depuis la rétrocession du territoire à la Chine en 1997. Mais depuis dix ans, ces manifestations monstres se succèdent. Explication en vidéo., url=https://www.lemonde.fr/international/video/2019/06/15/pourquoi-hongkong-est-encore-dans-la-rue_5476616_3210.html, urlToImage=https://img.lemde.fr/2019/06/09/429/0/4239/2118/1440/720/60/0/cd6cbde_5015305-01-06.jpg, publishedAt=Sat Jun 15 07:52:56 CEST 2019, content=Plus dun million de personnes, selon les organisateurs de la mobilisation, ont défilé le 9 juin dans les rues de Hongkong, qui compte sept millions dhabitants. Un record depuis la rétrocession du territoire à la Chine, en 1997. En cause, un projet de loi qui … [+1310 chars])
2019-06-21 10:50:10,263 DEBUG yncrea.isen.cir3.view.impl.MyView(1.) [Thread-6] updateArticlesHeadlines ArticleData(author=Karim El Hadj, title=Vidéo. Urgences : comment expliquer la crise dans les hôpitaux ?, description=Vidéo - Manque de médecins généralistes, manque de lits, postes vacants… les origines de la crise que traversent actuellement les services d’urgence sont multiples., url=https://www.lemonde.fr/sante/video/2019/06/14/urgences-la-crise-expliquee-en-chiffres_5476492_1651302.html, urlToImage=https://img.lemde.fr/2019/06/14/0/0/3828/1914/1440/720/60/0/b43df41_2Al3r5Q5vAcQFsmG6N22cU6D.jpg, publishedAt=Fri Jun 14 20:10:32 CEST 2019, content=Depuis le 18 mars, les grèves sétendent dans les services durgences. Dans des dizaines dhôpitaux, partout en France, cest le malaise. Chaque année, 180 000 personnes passeraient la nuit sur un brancard au lieu dêtre dirigées vers un lit dans un service spécia… [+1106 chars])
2019-06-21 10:50:10,513 DEBUG yncrea.isen.cir3.view.impl.MyView(1.) [Thread-6] updateArticlesHeadlines ArticleData(author=Arthur Carpentier, title=Vidéo. Un citron congelé est-il plus efficace qu’une chimiothérapie pour vaincre le cancer ?, description=Vidéo - Plutôt que subir une lourde chimiothérapie, consommer des citrons congelés permettrait de lutter contre le cancer. C’est du moins la rumeur que font circuler plusieurs blogs et sites Internet. Une rumeur totalement fausse, et dangereuse., url=https://www.lemonde.fr/sciences/video/2019/06/13/un-citron-congele-est-il-plus-efficace-qu-une-chimiotherapie-pour-vaincre-le-cancer_5475919_1650684.html, urlToImage=https://img.lemde.fr/2019/05/29/494/0/6000/3000/1440/720/60/0/619ac67_ZjwfgwbjAa0ng2aAgCZrtIvl.jpg, publishedAt=Thu Jun 13 18:08:45 CEST 2019, content=« Le citron congelé est 10 000 fois plus efficace quune chimiothérapie. » Depuis plusieurs années, cette phrase circule sur de nombreux blogs, forums et sites Internet. Une affirmation souvent présentée avec des sources universitaires et des articles scientif… [+1031 chars])
2019-06-21 10:50:10,685 DEBUG yncrea.isen.cir3.view.impl.MyView(1.) [Thread-6] updateArticlesHeadlines ArticleData(author=Mouna El Mokhtari, title=Vidéo. Pourquoi tout le monde n’a pas l’oreille absolue, description=Vidéo - Certaines personnes peuvent nommer immédiament les notes qu’elles entendent lorsqu’elles écoutent de la musique. Mais leurs cas sont très rares. Pourquoi ?, url=https://www.lemonde.fr/sciences/video/2018/06/21/pourquoi-tout-le-monde-n-a-pas-l-oreille-absolue_5318711_1650684.html, urlToImage=https://img.lemde.fr/2018/06/13/11/0/781/388/1440/720/60/0/305e400_25345-116y5w7.68vo.png, publishedAt=Thu Jun 21 07:30:03 CEST 2018, content=En musique, loreille absolue, cest la capacité de nommer les notes dès quon les entend. Contrairement à loreille relative, qui désigne la faculté de reconnaître une note à partir dune note de référence, loreille absolue est très rare. En occident, elle concer… [+839 chars])
2019-06-21 10:52:27,240 DEBUG yncrea.isen.cir3.view.impl.MyView(1.) [AWT-EventQueue-0] ActionEvent :  java.awt.event.ActionEvent[ACTION_PERFORMED,cmd=Get Headlines,when=1561107145835,modifiers=Button1] on javax.swing.JButton[,0,0,121x26,alignmentX=0.0,alignmentY=0.5,border=javax.swing.plaf.BorderUIResource$CompoundBorderUIResource@31b9b743,flags=296,maximumSize=,minimumSize=,preferredSize=,defaultIcon=,disabledIcon=,disabledSelectedIcon=,margin=javax.swing.plaf.InsetsUIResource[top=2,left=14,bottom=2,right=14],paintBorder=true,paintFocus=true,pressedIcon=,rolloverEnabled=true,rolloverIcon=,rolloverSelectedIcon=,selectedIcon=,text=Get Headlines,defaultCapable=true]
2019-06-21 10:52:27,272 INFO yncrea.isen.cir3.model.impl.MyDefaultArticleModel(1.) [AWT-EventQueue-0] get headlines
2019-06-21 10:52:28,788 INFO yncrea.isen.cir3.model.impl.MyDefaultArticleModel$getHeadlines$2(1.) [Thread-6] StatusCode : 200
2019-06-21 10:52:28,788 INFO yncrea.isen.cir3.model.impl.MyDefaultArticleModel$$special$$inlined$observable$2(1.) [Thread-6] ArticlesHeadlines property change, notify observer
2019-06-21 10:52:28,788 INFO yncrea.isen.cir3.view.impl.MyView(1.) [Thread-6] receive articles data
2019-06-21 10:52:28,803 DEBUG yncrea.isen.cir3.view.impl.MyView(1.) [Thread-6] updateArticlesHeadlines ArticleData(author=Patrick Roger, title=« L’Entreprise Macron » : le macronisme décrypté, description=Vingt-deux chercheurs ont analysé, dans cet ouvrage, le basculement majeur dans l’histoire de la Ve République que constitue la dernière élection présidentielle et donnent quelques clés pour comprendre le succès d’Emmanuel Macron., url=https://www.lemonde.fr/idees/article/2019/06/21/l-entreprise-macron-le-macronisme-decrypte_5479439_3232.html, urlToImage=https://img.lemde.fr/2019/06/20/698/0/1400/700/1440/720/60/0/8bca785_4HzMI4TRzLF2F_DwnU9C4d-K.jpg, publishedAt=Fri Jun 21 06:00:44 CEST 2019, content=Article réservé aux abonnés
« LEntreprise Macron », Collectif sous la direction de Bernard Dolez, Julien Fretel et Rémi Lefebvre, Presses universitaires de Grenoble, 24 euros
Le livre. Comme la plupart des commentateurs, journalistes, acteurs politiques, et… [+3010 chars])
2019-06-21 10:52:29,209 DEBUG yncrea.isen.cir3.view.impl.MyView(1.) [Thread-6] updateArticlesHeadlines ArticleData(author=Dominique Gallois, Isabelle Chaperon, title=La fusée Ariane 5 a décollé, et la bataille pour la souveraineté dans l’espace s’intensifie, description=Partie jeudi de Kourou, la fusée a placé deux satellites géostationnaires en orbite. Le lanceur européen est menacé par la compétition farouche entre Américains et Chinois., url=https://www.lemonde.fr/economie/article/2019/06/21/ariane-5-la-bataille-pour-la-souverainete-dans-l-espace-s-intensifie_5479388_3234.html, urlToImage=https://img.lemde.fr/2019/06/20/187/0/7346/3673/1440/720/60/0/2b29046_dw6Bgx_Rqtq-8Z00D0Abh19W.jpg, publishedAt=Fri Jun 21 00:57:26 CEST 2019, content=Article réservé aux abonnés
Décollage de la fusée Ariane 5 le 20 juin à Kourou, en Guyane. JODY AMIET / AFP
Longtemps la météo a laissé craindre un report. Mais, jeudi 20 juin, à 23 h 43, heure de Paris, la fusée Ariane 5 a traversé avec panache le ciel ble… [+2368 chars])
2019-06-21 10:52:29,397 DEBUG yncrea.isen.cir3.view.impl.MyView(1.) [Thread-6] updateArticlesHeadlines ArticleData(author=Henri-Corto Stoeklé, Guillaume Vogt, title=Nous devons « modifier nos normes de protection des données de santé », description=Les chercheurs Henri-Corto Stoeklé et Guillaume Vogt plaident pour un débat sur la norme juridique française qui entrave l’exploitation commerciale des données, à rebours de la tendance internationale., url=https://www.lemonde.fr/idees/article/2019/06/20/nous-devons-modifier-nos-normes-de-protection-des-donnees-de-sante_5479181_3232.html, urlToImage=https://img.lemde.fr/2019/06/20/494/0/4602/2298/1440/720/60/0/6ccbc25_bkqM6WHZHqV7YfWU43OfK75v.jpg, publishedAt=Thu Jun 20 17:00:43 CEST 2019, content=« En France, les données de santé peuvent avoir une valeur dusage économique, sans nécessairement avoir une valeur déchange. Ce nest pas le cas de la tendance mondiale actuelle. » Katie Edwards/Ikon Images / Photononstop
Tribune. Les Etats-Unis, et désormais… [+2668 chars])
2019-06-21 10:52:29,537 DEBUG yncrea.isen.cir3.view.impl.MyView(1.) [Thread-6] updateArticlesHeadlines ArticleData(author=Philippe Escande, title=« Renault-Nissan : comment recoller les morceaux ? », description=L’alliance Renault-Nissan se délite et les motifs d’affrontement se multiplient depuis l’arrestation de Carlos Ghosn. L’assemblée générale des actionnaires de Nissan et le sommet du G20 à Osaka, qui se tiendront la semaine prochaine, sauront-ils remettre un p…, url=https://www.lemonde.fr/economie/article/2019/06/20/renault-nissan-comment-recoller-les-morceaux_5478972_3234.html, urlToImage=https://img.lemde.fr/2019/06/20/0/0/4533/2263/1440/720/60/0/4548018_LcGli4lKR4zVUMb30il1ffJO.jpg, publishedAt=Thu Jun 20 11:37:59 CEST 2019, content=Philippe Escande
Lalliance Renault-Nissan se délite et les motifs daffrontement se multiplient depuis larrestation de Carlos Ghosn. Lassemblée générale des actionnaires de Nissan et le sommet du G20 à Osaka, qui se tiendront la semaine prochaine, sauront-ils… [+3098 chars])
2019-06-21 10:52:29,693 DEBUG yncrea.isen.cir3.view.impl.MyView(1.) [Thread-6] updateArticlesHeadlines ArticleData(author=Marie Charrel, title=« Trop de gouvernements restent obsédés par la nationalité du successeur de Draghi à la tête de la BCE », description=Les tractations en cours sur le prochain président de la Banque centrale européenne ne devraient pas se limiter à un bras de fer franco-allemand, estime notre journaliste Marie Charrel., url=https://www.lemonde.fr/idees/article/2019/06/20/trop-de-gouvernements-restent-obsedes-par-la-nationalite-du-successeur-de-draghi-a-la-tete-de-la-bce_5478813_3232.html, urlToImage=https://img.lemde.fr/2019/06/19/329/0/4005/2002/1440/720/60/0/2bc5928_xLEZ3UNFklRYsoJ2CSh8WcOg.jpg, publishedAt=Thu Jun 20 07:00:31 CEST 2019, content=Article réservé aux abonnés
Chronique. Il nest jamais bon de résumer les institutions à un homme. Cest oublier la part essentielle des dynamiques de groupe et du travail collectif, surtout lorsque les décisions sont prises par consensus. Ces dernières années… [+2295 chars])
2019-06-21 10:52:29,865 DEBUG yncrea.isen.cir3.view.impl.MyView(1.) [Thread-6] updateArticlesHeadlines ArticleData(author=Philippe Escande, title=« L’argent afflue dans la French Tech », description=La levée de fonds de 205 millions d’euros réalisée par la start-up Meero souligne spectaculairement la bonne santé du secteur en ce début 2019, observe Philippe Escande, éditorialiste économique au « Monde »., url=https://www.lemonde.fr/economie/article/2019/06/19/l-argent-afflue-dans-la-french-tech_5478418_3234.html, urlToImage=https://img.lemde.fr/2019/06/19/406/0/6203/3096/1440/720/60/0/c8e3331_EHLx6nk0mfxzKy5BRpHuGc0L.jpg, publishedAt=Wed Jun 19 11:29:37 CEST 2019, content=Thomas Rebaud est le fondateur de Meero, la start-up française qui vient de lever 205 millions deuros. MEERO
Pertes et profits. Elles sappellent OpenClassrooms, PayFit, Back Market ou ManoMano et il va falloir apprendre à prononcer leur nom en bon français. … [+2379 chars])
2019-06-21 10:52:30,068 DEBUG yncrea.isen.cir3.view.impl.MyView(1.) [Thread-6] updateArticlesHeadlines ArticleData(author=null, title=Vidéo. Pourquoi Hongkong est (encore) dans la rue, description=Vidéo - Un million de personnes ont défilé le 9 juin dans les rues de Hongkong, un record depuis la rétrocession du territoire à la Chine en 1997. Mais depuis dix ans, ces manifestations monstres se succèdent. Explication en vidéo., url=https://www.lemonde.fr/international/video/2019/06/15/pourquoi-hongkong-est-encore-dans-la-rue_5476616_3210.html, urlToImage=https://img.lemde.fr/2019/06/09/429/0/4239/2118/1440/720/60/0/cd6cbde_5015305-01-06.jpg, publishedAt=Sat Jun 15 07:52:56 CEST 2019, content=Plus dun million de personnes, selon les organisateurs de la mobilisation, ont défilé le 9 juin dans les rues de Hongkong, qui compte sept millions dhabitants. Un record depuis la rétrocession du territoire à la Chine, en 1997. En cause, un projet de loi qui … [+1310 chars])
2019-06-21 10:52:30,271 DEBUG yncrea.isen.cir3.view.impl.MyView(1.) [Thread-6] updateArticlesHeadlines ArticleData(author=Karim El Hadj, title=Vidéo. Urgences : comment expliquer la crise dans les hôpitaux ?, description=Vidéo - Manque de médecins généralistes, manque de lits, postes vacants… les origines de la crise que traversent actuellement les services d’urgence sont multiples., url=https://www.lemonde.fr/sante/video/2019/06/14/urgences-la-crise-expliquee-en-chiffres_5476492_1651302.html, urlToImage=https://img.lemde.fr/2019/06/14/0/0/3828/1914/1440/720/60/0/b43df41_2Al3r5Q5vAcQFsmG6N22cU6D.jpg, publishedAt=Fri Jun 14 20:10:32 CEST 2019, content=Depuis le 18 mars, les grèves sétendent dans les services durgences. Dans des dizaines dhôpitaux, partout en France, cest le malaise. Chaque année, 180 000 personnes passeraient la nuit sur un brancard au lieu dêtre dirigées vers un lit dans un service spécia… [+1106 chars])
2019-06-21 10:52:30,459 DEBUG yncrea.isen.cir3.view.impl.MyView(1.) [Thread-6] updateArticlesHeadlines ArticleData(author=Arthur Carpentier, title=Vidéo. Un citron congelé est-il plus efficace qu’une chimiothérapie pour vaincre le cancer ?, description=Vidéo - Plutôt que subir une lourde chimiothérapie, consommer des citrons congelés permettrait de lutter contre le cancer. C’est du moins la rumeur que font circuler plusieurs blogs et sites Internet. Une rumeur totalement fausse, et dangereuse., url=https://www.lemonde.fr/sciences/video/2019/06/13/un-citron-congele-est-il-plus-efficace-qu-une-chimiotherapie-pour-vaincre-le-cancer_5475919_1650684.html, urlToImage=https://img.lemde.fr/2019/05/29/494/0/6000/3000/1440/720/60/0/619ac67_ZjwfgwbjAa0ng2aAgCZrtIvl.jpg, publishedAt=Thu Jun 13 18:08:45 CEST 2019, content=« Le citron congelé est 10 000 fois plus efficace quune chimiothérapie. » Depuis plusieurs années, cette phrase circule sur de nombreux blogs, forums et sites Internet. Une affirmation souvent présentée avec des sources universitaires et des articles scientif… [+1031 chars])
2019-06-21 10:52:30,631 DEBUG yncrea.isen.cir3.view.impl.MyView(1.) [Thread-6] updateArticlesHeadlines ArticleData(author=Mouna El Mokhtari, title=Vidéo. Pourquoi tout le monde n’a pas l’oreille absolue, description=Vidéo - Certaines personnes peuvent nommer immédiament les notes qu’elles entendent lorsqu’elles écoutent de la musique. Mais leurs cas sont très rares. Pourquoi ?, url=https://www.lemonde.fr/sciences/video/2018/06/21/pourquoi-tout-le-monde-n-a-pas-l-oreille-absolue_5318711_1650684.html, urlToImage=https://img.lemde.fr/2018/06/13/11/0/781/388/1440/720/60/0/305e400_25345-116y5w7.68vo.png, publishedAt=Thu Jun 21 07:30:03 CEST 2018, content=En musique, loreille absolue, cest la capacité de nommer les notes dès quon les entend. Contrairement à loreille relative, qui désigne la faculté de reconnaître une note à partir dune note de référence, loreille absolue est très rare. En occident, elle concer… [+839 chars])
2019-06-21 10:52:41,941 DEBUG yncrea.isen.cir3.view.impl.MyView(1.) [AWT-EventQueue-0] ActionEvent :  java.awt.event.ActionEvent[ACTION_PERFORMED,cmd=Get Headlines,when=1561107160287,modifiers=Button1] on javax.swing.JButton[,0,0,121x26,alignmentX=0.0,alignmentY=0.5,border=javax.swing.plaf.BorderUIResource$CompoundBorderUIResource@7764961e,flags=296,maximumSize=,minimumSize=,preferredSize=,defaultIcon=,disabledIcon=,disabledSelectedIcon=,margin=javax.swing.plaf.InsetsUIResource[top=2,left=14,bottom=2,right=14],paintBorder=true,paintFocus=true,pressedIcon=,rolloverEnabled=true,rolloverIcon=,rolloverSelectedIcon=,selectedIcon=,text=Get Headlines,defaultCapable=true]
2019-06-21 10:52:41,973 INFO yncrea.isen.cir3.model.impl.MyDefaultArticleModel(1.) [AWT-EventQueue-0] get headlines
2019-06-21 10:52:53,687 INFO yncrea.isen.cir3.model.impl.MyDefaultArticleModel$getHeadlines$2(1.) [Thread-6] StatusCode : 200
2019-06-21 10:52:53,687 INFO yncrea.isen.cir3.model.impl.MyDefaultArticleModel$$special$$inlined$observable$2(1.) [Thread-6] ArticlesHeadlines property change, notify observer
2019-06-21 10:52:53,687 INFO yncrea.isen.cir3.view.impl.MyView(1.) [Thread-6] receive articles data
2019-06-21 10:53:22,655 DEBUG yncrea.isen.cir3.view.impl.MyView(1.) [Thread-6] updateArticlesHeadlines ArticleData(author=Patrick Roger, title=« L’Entreprise Macron » : le macronisme décrypté, description=Vingt-deux chercheurs ont analysé, dans cet ouvrage, le basculement majeur dans l’histoire de la Ve République que constitue la dernière élection présidentielle et donnent quelques clés pour comprendre le succès d’Emmanuel Macron., url=https://www.lemonde.fr/idees/article/2019/06/21/l-entreprise-macron-le-macronisme-decrypte_5479439_3232.html, urlToImage=https://img.lemde.fr/2019/06/20/698/0/1400/700/1440/720/60/0/8bca785_4HzMI4TRzLF2F_DwnU9C4d-K.jpg, publishedAt=Fri Jun 21 06:00:44 CEST 2019, content=Article réservé aux abonnés
« LEntreprise Macron », Collectif sous la direction de Bernard Dolez, Julien Fretel et Rémi Lefebvre, Presses universitaires de Grenoble, 24 euros
Le livre. Comme la plupart des commentateurs, journalistes, acteurs politiques, et… [+3010 chars])
2019-06-21 10:53:29,499 DEBUG yncrea.isen.cir3.view.impl.MyView(1.) [Thread-6] updateArticlesHeadlines ArticleData(author=Dominique Gallois, Isabelle Chaperon, title=La fusée Ariane 5 a décollé, et la bataille pour la souveraineté dans l’espace s’intensifie, description=Partie jeudi de Kourou, la fusée a placé deux satellites géostationnaires en orbite. Le lanceur européen est menacé par la compétition farouche entre Américains et Chinois., url=https://www.lemonde.fr/economie/article/2019/06/21/ariane-5-la-bataille-pour-la-souverainete-dans-l-espace-s-intensifie_5479388_3234.html, urlToImage=https://img.lemde.fr/2019/06/20/187/0/7346/3673/1440/720/60/0/2b29046_dw6Bgx_Rqtq-8Z00D0Abh19W.jpg, publishedAt=Fri Jun 21 00:57:26 CEST 2019, content=Article réservé aux abonnés
Décollage de la fusée Ariane 5 le 20 juin à Kourou, en Guyane. JODY AMIET / AFP
Longtemps la météo a laissé craindre un report. Mais, jeudi 20 juin, à 23 h 43, heure de Paris, la fusée Ariane 5 a traversé avec panache le ciel ble… [+2368 chars])
2019-06-21 10:53:34,918 DEBUG yncrea.isen.cir3.view.impl.MyView(1.) [Thread-6] updateArticlesHeadlines ArticleData(author=Henri-Corto Stoeklé, Guillaume Vogt, title=Nous devons « modifier nos normes de protection des données de santé », description=Les chercheurs Henri-Corto Stoeklé et Guillaume Vogt plaident pour un débat sur la norme juridique française qui entrave l’exploitation commerciale des données, à rebours de la tendance internationale., url=https://www.lemonde.fr/idees/article/2019/06/20/nous-devons-modifier-nos-normes-de-protection-des-donnees-de-sante_5479181_3232.html, urlToImage=https://img.lemde.fr/2019/06/20/494/0/4602/2298/1440/720/60/0/6ccbc25_bkqM6WHZHqV7YfWU43OfK75v.jpg, publishedAt=Thu Jun 20 17:00:43 CEST 2019, content=« En France, les données de santé peuvent avoir une valeur dusage économique, sans nécessairement avoir une valeur déchange. Ce nest pas le cas de la tendance mondiale actuelle. » Katie Edwards/Ikon Images / Photononstop
Tribune. Les Etats-Unis, et désormais… [+2668 chars])
2019-06-21 10:53:42,043 DEBUG yncrea.isen.cir3.view.impl.MyView(1.) [Thread-6] updateArticlesHeadlines ArticleData(author=Philippe Escande, title=« Renault-Nissan : comment recoller les morceaux ? », description=L’alliance Renault-Nissan se délite et les motifs d’affrontement se multiplient depuis l’arrestation de Carlos Ghosn. L’assemblée générale des actionnaires de Nissan et le sommet du G20 à Osaka, qui se tiendront la semaine prochaine, sauront-ils remettre un p…, url=https://www.lemonde.fr/economie/article/2019/06/20/renault-nissan-comment-recoller-les-morceaux_5478972_3234.html, urlToImage=https://img.lemde.fr/2019/06/20/0/0/4533/2263/1440/720/60/0/4548018_LcGli4lKR4zVUMb30il1ffJO.jpg, publishedAt=Thu Jun 20 11:37:59 CEST 2019, content=Philippe Escande
Lalliance Renault-Nissan se délite et les motifs daffrontement se multiplient depuis larrestation de Carlos Ghosn. Lassemblée générale des actionnaires de Nissan et le sommet du G20 à Osaka, qui se tiendront la semaine prochaine, sauront-ils… [+3098 chars])
2019-06-21 10:53:45,059 DEBUG yncrea.isen.cir3.view.impl.MyView(1.) [Thread-6] updateArticlesHeadlines ArticleData(author=Marie Charrel, title=« Trop de gouvernements restent obsédés par la nationalité du successeur de Draghi à la tête de la BCE », description=Les tractations en cours sur le prochain président de la Banque centrale européenne ne devraient pas se limiter à un bras de fer franco-allemand, estime notre journaliste Marie Charrel., url=https://www.lemonde.fr/idees/article/2019/06/20/trop-de-gouvernements-restent-obsedes-par-la-nationalite-du-successeur-de-draghi-a-la-tete-de-la-bce_5478813_3232.html, urlToImage=https://img.lemde.fr/2019/06/19/329/0/4005/2002/1440/720/60/0/2bc5928_xLEZ3UNFklRYsoJ2CSh8WcOg.jpg, publishedAt=Thu Jun 20 07:00:31 CEST 2019, content=Article réservé aux abonnés
Chronique. Il nest jamais bon de résumer les institutions à un homme. Cest oublier la part essentielle des dynamiques de groupe et du travail collectif, surtout lorsque les décisions sont prises par consensus. Ces dernières années… [+2295 chars])
2019-06-21 10:53:46,901 DEBUG yncrea.isen.cir3.view.impl.MyView(1.) [Thread-6] updateArticlesHeadlines ArticleData(author=Philippe Escande, title=« L’argent afflue dans la French Tech », description=La levée de fonds de 205 millions d’euros réalisée par la start-up Meero souligne spectaculairement la bonne santé du secteur en ce début 2019, observe Philippe Escande, éditorialiste économique au « Monde »., url=https://www.lemonde.fr/economie/article/2019/06/19/l-argent-afflue-dans-la-french-tech_5478418_3234.html, urlToImage=https://img.lemde.fr/2019/06/19/406/0/6203/3096/1440/720/60/0/c8e3331_EHLx6nk0mfxzKy5BRpHuGc0L.jpg, publishedAt=Wed Jun 19 11:29:37 CEST 2019, content=Thomas Rebaud est le fondateur de Meero, la start-up française qui vient de lever 205 millions deuros. MEERO
Pertes et profits. Elles sappellent OpenClassrooms, PayFit, Back Market ou ManoMano et il va falloir apprendre à prononcer leur nom en bon français. … [+2379 chars])
2019-06-21 10:53:54,447 DEBUG yncrea.isen.cir3.view.impl.MyView(1.) [Thread-6] updateArticlesHeadlines ArticleData(author=null, title=Vidéo. Pourquoi Hongkong est (encore) dans la rue, description=Vidéo - Un million de personnes ont défilé le 9 juin dans les rues de Hongkong, un record depuis la rétrocession du territoire à la Chine en 1997. Mais depuis dix ans, ces manifestations monstres se succèdent. Explication en vidéo., url=https://www.lemonde.fr/international/video/2019/06/15/pourquoi-hongkong-est-encore-dans-la-rue_5476616_3210.html, urlToImage=https://img.lemde.fr/2019/06/09/429/0/4239/2118/1440/720/60/0/cd6cbde_5015305-01-06.jpg, publishedAt=Sat Jun 15 07:52:56 CEST 2019, content=Plus dun million de personnes, selon les organisateurs de la mobilisation, ont défilé le 9 juin dans les rues de Hongkong, qui compte sept millions dhabitants. Un record depuis la rétrocession du territoire à la Chine, en 1997. En cause, un projet de loi qui … [+1310 chars])
2019-06-21 10:53:56,353 DEBUG yncrea.isen.cir3.view.impl.MyView(1.) [Thread-6] updateArticlesHeadlines ArticleData(author=Karim El Hadj, title=Vidéo. Urgences : comment expliquer la crise dans les hôpitaux ?, description=Vidéo - Manque de médecins généralistes, manque de lits, postes vacants… les origines de la crise que traversent actuellement les services d’urgence sont multiples., url=https://www.lemonde.fr/sante/video/2019/06/14/urgences-la-crise-expliquee-en-chiffres_5476492_1651302.html, urlToImage=https://img.lemde.fr/2019/06/14/0/0/3828/1914/1440/720/60/0/b43df41_2Al3r5Q5vAcQFsmG6N22cU6D.jpg, publishedAt=Fri Jun 14 20:10:32 CEST 2019, content=Depuis le 18 mars, les grèves sétendent dans les services durgences. Dans des dizaines dhôpitaux, partout en France, cest le malaise. Chaque année, 180 000 personnes passeraient la nuit sur un brancard au lieu dêtre dirigées vers un lit dans un service spécia… [+1106 chars])
2019-06-21 10:53:58,541 DEBUG yncrea.isen.cir3.view.impl.MyView(1.) [Thread-6] updateArticlesHeadlines ArticleData(author=Arthur Carpentier, title=Vidéo. Un citron congelé est-il plus efficace qu’une chimiothérapie pour vaincre le cancer ?, description=Vidéo - Plutôt que subir une lourde chimiothérapie, consommer des citrons congelés permettrait de lutter contre le cancer. C’est du moins la rumeur que font circuler plusieurs blogs et sites Internet. Une rumeur totalement fausse, et dangereuse., url=https://www.lemonde.fr/sciences/video/2019/06/13/un-citron-congele-est-il-plus-efficace-qu-une-chimiotherapie-pour-vaincre-le-cancer_5475919_1650684.html, urlToImage=https://img.lemde.fr/2019/05/29/494/0/6000/3000/1440/720/60/0/619ac67_ZjwfgwbjAa0ng2aAgCZrtIvl.jpg, publishedAt=Thu Jun 13 18:08:45 CEST 2019, content=« Le citron congelé est 10 000 fois plus efficace quune chimiothérapie. » Depuis plusieurs années, cette phrase circule sur de nombreux blogs, forums et sites Internet. Une affirmation souvent présentée avec des sources universitaires et des articles scientif… [+1031 chars])
2019-06-21 10:57:17,668 DEBUG yncrea.isen.cir3.view.impl.MyView(1.) [Thread-6] updateArticlesHeadlines ArticleData(author=Mouna El Mokhtari, title=Vidéo. Pourquoi tout le monde n’a pas l’oreille absolue, description=Vidéo - Certaines personnes peuvent nommer immédiament les notes qu’elles entendent lorsqu’elles écoutent de la musique. Mais leurs cas sont très rares. Pourquoi ?, url=https://www.lemonde.fr/sciences/video/2018/06/21/pourquoi-tout-le-monde-n-a-pas-l-oreille-absolue_5318711_1650684.html, urlToImage=https://img.lemde.fr/2018/06/13/11/0/781/388/1440/720/60/0/305e400_25345-116y5w7.68vo.png, publishedAt=Thu Jun 21 07:30:03 CEST 2018, content=En musique, loreille absolue, cest la capacité de nommer les notes dès quon les entend. Contrairement à loreille relative, qui désigne la faculté de reconnaître une note à partir dune note de référence, loreille absolue est très rare. En occident, elle concer… [+839 chars])
2019-06-21 11:03:44,829 DEBUG yncrea.isen.cir3.view.impl.MyView(1.) [AWT-EventQueue-0] ActionEvent :  java.awt.event.ActionEvent[ACTION_PERFORMED,cmd=Get Headlines,when=1561107823156,modifiers=Button1] on javax.swing.JButton[,0,0,121x26,alignmentX=0.0,alignmentY=0.5,border=javax.swing.plaf.BorderUIResource$CompoundBorderUIResource@3559b456,flags=296,maximumSize=,minimumSize=,preferredSize=,defaultIcon=,disabledIcon=,disabledSelectedIcon=,margin=javax.swing.plaf.InsetsUIResource[top=2,left=14,bottom=2,right=14],paintBorder=true,paintFocus=true,pressedIcon=,rolloverEnabled=true,rolloverIcon=,rolloverSelectedIcon=,selectedIcon=,text=Get Headlines,defaultCapable=true]
2019-06-21 11:03:44,860 INFO yncrea.isen.cir3.model.impl.MyDefaultArticleModel(1.) [AWT-EventQueue-0] get headlines
2019-06-21 11:03:46,593 INFO yncrea.isen.cir3.model.impl.MyDefaultArticleModel$getHeadlines$2(1.) [Thread-6] StatusCode : 200
2019-06-21 11:03:46,593 INFO yncrea.isen.cir3.model.impl.MyDefaultArticleModel$$special$$inlined$observable$2(1.) [Thread-6] ArticlesHeadlines property change, notify observer
2019-06-21 11:03:46,593 INFO yncrea.isen.cir3.view.impl.MyView(1.) [Thread-6] receive articles data
2019-06-21 11:03:46,593 DEBUG yncrea.isen.cir3.view.impl.MyView(1.) [Thread-6] updateArticlesHeadlines ArticleData(author=Patrick Roger, title=« L’Entreprise Macron » : le macronisme décrypté, description=Vingt-deux chercheurs ont analysé, dans cet ouvrage, le basculement majeur dans l’histoire de la Ve République que constitue la dernière élection présidentielle et donnent quelques clés pour comprendre le succès d’Emmanuel Macron., url=https://www.lemonde.fr/idees/article/2019/06/21/l-entreprise-macron-le-macronisme-decrypte_5479439_3232.html, urlToImage=https://img.lemde.fr/2019/06/20/698/0/1400/700/1440/720/60/0/8bca785_4HzMI4TRzLF2F_DwnU9C4d-K.jpg, publishedAt=Fri Jun 21 06:00:44 CEST 2019, content=Article réservé aux abonnés
« LEntreprise Macron », Collectif sous la direction de Bernard Dolez, Julien Fretel et Rémi Lefebvre, Presses universitaires de Grenoble, 24 euros
Le livre. Comme la plupart des commentateurs, journalistes, acteurs politiques, et… [+3010 chars])
2019-06-21 11:03:47,125 DEBUG yncrea.isen.cir3.view.impl.MyView(1.) [Thread-6] updateArticlesHeadlines ArticleData(author=Dominique Gallois, Isabelle Chaperon, title=La fusée Ariane 5 a décollé, et la bataille pour la souveraineté dans l’espace s’intensifie, description=Partie jeudi de Kourou, la fusée a placé deux satellites géostationnaires en orbite. Le lanceur européen est menacé par la compétition farouche entre Américains et Chinois., url=https://www.lemonde.fr/economie/article/2019/06/21/ariane-5-la-bataille-pour-la-souverainete-dans-l-espace-s-intensifie_5479388_3234.html, urlToImage=https://img.lemde.fr/2019/06/20/187/0/7346/3673/1440/720/60/0/2b29046_dw6Bgx_Rqtq-8Z00D0Abh19W.jpg, publishedAt=Fri Jun 21 00:57:26 CEST 2019, content=Article réservé aux abonnés
Décollage de la fusée Ariane 5 le 20 juin à Kourou, en Guyane. JODY AMIET / AFP
Longtemps la météo a laissé craindre un report. Mais, jeudi 20 juin, à 23 h 43, heure de Paris, la fusée Ariane 5 a traversé avec panache le ciel ble… [+2368 chars])
2019-06-21 11:03:47,389 DEBUG yncrea.isen.cir3.view.impl.MyView(1.) [Thread-6] updateArticlesHeadlines ArticleData(author=Henri-Corto Stoeklé, Guillaume Vogt, title=Nous devons « modifier nos normes de protection des données de santé », description=Les chercheurs Henri-Corto Stoeklé et Guillaume Vogt plaident pour un débat sur la norme juridique française qui entrave l’exploitation commerciale des données, à rebours de la tendance internationale., url=https://www.lemonde.fr/idees/article/2019/06/20/nous-devons-modifier-nos-normes-de-protection-des-donnees-de-sante_5479181_3232.html, urlToImage=https://img.lemde.fr/2019/06/20/494/0/4602/2298/1440/720/60/0/6ccbc25_bkqM6WHZHqV7YfWU43OfK75v.jpg, publishedAt=Thu Jun 20 17:00:43 CEST 2019, content=« En France, les données de santé peuvent avoir une valeur dusage économique, sans nécessairement avoir une valeur déchange. Ce nest pas le cas de la tendance mondiale actuelle. » Katie Edwards/Ikon Images / Photononstop
Tribune. Les Etats-Unis, et désormais… [+2668 chars])
2019-06-21 11:03:47,546 DEBUG yncrea.isen.cir3.view.impl.MyView(1.) [Thread-6] updateArticlesHeadlines ArticleData(author=Philippe Escande, title=« Renault-Nissan : comment recoller les morceaux ? », description=L’alliance Renault-Nissan se délite et les motifs d’affrontement se multiplient depuis l’arrestation de Carlos Ghosn. L’assemblée générale des actionnaires de Nissan et le sommet du G20 à Osaka, qui se tiendront la semaine prochaine, sauront-ils remettre un p…, url=https://www.lemonde.fr/economie/article/2019/06/20/renault-nissan-comment-recoller-les-morceaux_5478972_3234.html, urlToImage=https://img.lemde.fr/2019/06/20/0/0/4533/2263/1440/720/60/0/4548018_LcGli4lKR4zVUMb30il1ffJO.jpg, publishedAt=Thu Jun 20 11:37:59 CEST 2019, content=Philippe Escande
Lalliance Renault-Nissan se délite et les motifs daffrontement se multiplient depuis larrestation de Carlos Ghosn. Lassemblée générale des actionnaires de Nissan et le sommet du G20 à Osaka, qui se tiendront la semaine prochaine, sauront-ils… [+3098 chars])
2019-06-21 11:03:47,702 DEBUG yncrea.isen.cir3.view.impl.MyView(1.) [Thread-6] updateArticlesHeadlines ArticleData(author=Marie Charrel, title=« Trop de gouvernements restent obsédés par la nationalité du successeur de Draghi à la tête de la BCE », description=Les tractations en cours sur le prochain président de la Banque centrale européenne ne devraient pas se limiter à un bras de fer franco-allemand, estime notre journaliste Marie Charrel., url=https://www.lemonde.fr/idees/article/2019/06/20/trop-de-gouvernements-restent-obsedes-par-la-nationalite-du-successeur-de-draghi-a-la-tete-de-la-bce_5478813_3232.html, urlToImage=https://img.lemde.fr/2019/06/19/329/0/4005/2002/1440/720/60/0/2bc5928_xLEZ3UNFklRYsoJ2CSh8WcOg.jpg, publishedAt=Thu Jun 20 07:00:31 CEST 2019, content=Article réservé aux abonnés
Chronique. Il nest jamais bon de résumer les institutions à un homme. Cest oublier la part essentielle des dynamiques de groupe et du travail collectif, surtout lorsque les décisions sont prises par consensus. Ces dernières années… [+2295 chars])
2019-06-21 11:03:47,874 DEBUG yncrea.isen.cir3.view.impl.MyView(1.) [Thread-6] updateArticlesHeadlines ArticleData(author=Philippe Escande, title=« L’argent afflue dans la French Tech », description=La levée de fonds de 205 millions d’euros réalisée par la start-up Meero souligne spectaculairement la bonne santé du secteur en ce début 2019, observe Philippe Escande, éditorialiste économique au « Monde »., url=https://www.lemonde.fr/economie/article/2019/06/19/l-argent-afflue-dans-la-french-tech_5478418_3234.html, urlToImage=https://img.lemde.fr/2019/06/19/406/0/6203/3096/1440/720/60/0/c8e3331_EHLx6nk0mfxzKy5BRpHuGc0L.jpg, publishedAt=Wed Jun 19 11:29:37 CEST 2019, content=Thomas Rebaud est le fondateur de Meero, la start-up française qui vient de lever 205 millions deuros. MEERO
Pertes et profits. Elles sappellent OpenClassrooms, PayFit, Back Market ou ManoMano et il va falloir apprendre à prononcer leur nom en bon français. … [+2379 chars])
2019-06-21 11:03:48,104 DEBUG yncrea.isen.cir3.view.impl.MyView(1.) [Thread-6] updateArticlesHeadlines ArticleData(author=null, title=Vidéo. Pourquoi Hongkong est (encore) dans la rue, description=Vidéo - Un million de personnes ont défilé le 9 juin dans les rues de Hongkong, un record depuis la rétrocession du territoire à la Chine en 1997. Mais depuis dix ans, ces manifestations monstres se succèdent. Explication en vidéo., url=https://www.lemonde.fr/international/video/2019/06/15/pourquoi-hongkong-est-encore-dans-la-rue_5476616_3210.html, urlToImage=https://img.lemde.fr/2019/06/09/429/0/4239/2118/1440/720/60/0/cd6cbde_5015305-01-06.jpg, publishedAt=Sat Jun 15 07:52:56 CEST 2019, content=Plus dun million de personnes, selon les organisateurs de la mobilisation, ont défilé le 9 juin dans les rues de Hongkong, qui compte sept millions dhabitants. Un record depuis la rétrocession du territoire à la Chine, en 1997. En cause, un projet de loi qui … [+1310 chars])
2019-06-21 11:03:48,370 DEBUG yncrea.isen.cir3.view.impl.MyView(1.) [Thread-6] updateArticlesHeadlines ArticleData(author=Karim El Hadj, title=Vidéo. Urgences : comment expliquer la crise dans les hôpitaux ?, description=Vidéo - Manque de médecins généralistes, manque de lits, postes vacants… les origines de la crise que traversent actuellement les services d’urgence sont multiples., url=https://www.lemonde.fr/sante/video/2019/06/14/urgences-la-crise-expliquee-en-chiffres_5476492_1651302.html, urlToImage=https://img.lemde.fr/2019/06/14/0/0/3828/1914/1440/720/60/0/b43df41_2Al3r5Q5vAcQFsmG6N22cU6D.jpg, publishedAt=Fri Jun 14 20:10:32 CEST 2019, content=Depuis le 18 mars, les grèves sétendent dans les services durgences. Dans des dizaines dhôpitaux, partout en France, cest le malaise. Chaque année, 180 000 personnes passeraient la nuit sur un brancard au lieu dêtre dirigées vers un lit dans un service spécia… [+1106 chars])
2019-06-21 11:03:48,542 DEBUG yncrea.isen.cir3.view.impl.MyView(1.) [Thread-6] updateArticlesHeadlines ArticleData(author=Arthur Carpentier, title=Vidéo. Un citron congelé est-il plus efficace qu’une chimiothérapie pour vaincre le cancer ?, description=Vidéo - Plutôt que subir une lourde chimiothérapie, consommer des citrons congelés permettrait de lutter contre le cancer. C’est du moins la rumeur que font circuler plusieurs blogs et sites Internet. Une rumeur totalement fausse, et dangereuse., url=https://www.lemonde.fr/sciences/video/2019/06/13/un-citron-congele-est-il-plus-efficace-qu-une-chimiotherapie-pour-vaincre-le-cancer_5475919_1650684.html, urlToImage=https://img.lemde.fr/2019/05/29/494/0/6000/3000/1440/720/60/0/619ac67_ZjwfgwbjAa0ng2aAgCZrtIvl.jpg, publishedAt=Thu Jun 13 18:08:45 CEST 2019, content=« Le citron congelé est 10 000 fois plus efficace quune chimiothérapie. » Depuis plusieurs années, cette phrase circule sur de nombreux blogs, forums et sites Internet. Une affirmation souvent présentée avec des sources universitaires et des articles scientif… [+1031 chars])
2019-06-21 11:03:48,729 DEBUG yncrea.isen.cir3.view.impl.MyView(1.) [Thread-6] updateArticlesHeadlines ArticleData(author=Mouna El Mokhtari, title=Vidéo. Pourquoi tout le monde n’a pas l’oreille absolue, description=Vidéo - Certaines personnes peuvent nommer immédiament les notes qu’elles entendent lorsqu’elles écoutent de la musique. Mais leurs cas sont très rares. Pourquoi ?, url=https://www.lemonde.fr/sciences/video/2018/06/21/pourquoi-tout-le-monde-n-a-pas-l-oreille-absolue_5318711_1650684.html, urlToImage=https://img.lemde.fr/2018/06/13/11/0/781/388/1440/720/60/0/305e400_25345-116y5w7.68vo.png, publishedAt=Thu Jun 21 07:30:03 CEST 2018, content=En musique, loreille absolue, cest la capacité de nommer les notes dès quon les entend. Contrairement à loreille relative, qui désigne la faculté de reconnaître une note à partir dune note de référence, loreille absolue est très rare. En occident, elle concer… [+839 chars])
2019-06-21 11:03:51,358 DEBUG yncrea.isen.cir3.view.impl.MyView(1.) [AWT-EventQueue-0] ActionEvent :  java.awt.event.ActionEvent[ACTION_PERFORMED,cmd=Get Articles,when=1561107831358,modifiers=Button1] on javax.swing.JButton[,363,0,121x26,alignmentX=0.0,alignmentY=0.5,border=javax.swing.plaf.BorderUIResource$CompoundBorderUIResource@3559b456,flags=296,maximumSize=,minimumSize=,preferredSize=,defaultIcon=,disabledIcon=,disabledSelectedIcon=,margin=javax.swing.plaf.InsetsUIResource[top=2,left=14,bottom=2,right=14],paintBorder=true,paintFocus=true,pressedIcon=,rolloverEnabled=true,rolloverIcon=,rolloverSelectedIcon=,selectedIcon=,text=Get Articles,defaultCapable=true]
2019-06-21 11:03:51,358 INFO yncrea.isen.cir3.model.impl.MyDefaultArticleModel(1.) [AWT-EventQueue-0] get headlines
2019-06-21 11:03:51,623 INFO yncrea.isen.cir3.model.impl.MyDefaultArticleModel$getHeadlines$2(1.) [Thread-6] StatusCode : 200
2019-06-21 11:03:51,623 INFO yncrea.isen.cir3.model.impl.MyDefaultArticleModel$$special$$inlined$observable$2(1.) [Thread-6] ArticlesHeadlines property change, notify observer
2019-06-21 11:03:51,623 INFO yncrea.isen.cir3.view.impl.MyView(1.) [Thread-6] receive articles data
2019-06-21 11:03:51,623 DEBUG yncrea.isen.cir3.view.impl.MyView(1.) [Thread-6] updateArticlesHeadlines ArticleData(author=Patrick Roger, title=« L’Entreprise Macron » : le macronisme décrypté, description=Vingt-deux chercheurs ont analysé, dans cet ouvrage, le basculement majeur dans l’histoire de la Ve République que constitue la dernière élection présidentielle et donnent quelques clés pour comprendre le succès d’Emmanuel Macron., url=https://www.lemonde.fr/idees/article/2019/06/21/l-entreprise-macron-le-macronisme-decrypte_5479439_3232.html, urlToImage=https://img.lemde.fr/2019/06/20/698/0/1400/700/1440/720/60/0/8bca785_4HzMI4TRzLF2F_DwnU9C4d-K.jpg, publishedAt=Fri Jun 21 06:00:44 CEST 2019, content=Article réservé aux abonnés
« LEntreprise Macron », Collectif sous la direction de Bernard Dolez, Julien Fretel et Rémi Lefebvre, Presses universitaires de Grenoble, 24 euros
Le livre. Comme la plupart des commentateurs, journalistes, acteurs politiques, et… [+3010 chars])
2019-06-21 11:03:51,733 DEBUG yncrea.isen.cir3.view.impl.MyView(1.) [Thread-6] updateArticlesHeadlines ArticleData(author=Dominique Gallois, Isabelle Chaperon, title=La fusée Ariane 5 a décollé, et la bataille pour la souveraineté dans l’espace s’intensifie, description=Partie jeudi de Kourou, la fusée a placé deux satellites géostationnaires en orbite. Le lanceur européen est menacé par la compétition farouche entre Américains et Chinois., url=https://www.lemonde.fr/economie/article/2019/06/21/ariane-5-la-bataille-pour-la-souverainete-dans-l-espace-s-intensifie_5479388_3234.html, urlToImage=https://img.lemde.fr/2019/06/20/187/0/7346/3673/1440/720/60/0/2b29046_dw6Bgx_Rqtq-8Z00D0Abh19W.jpg, publishedAt=Fri Jun 21 00:57:26 CEST 2019, content=Article réservé aux abonnés
Décollage de la fusée Ariane 5 le 20 juin à Kourou, en Guyane. JODY AMIET / AFP
Longtemps la météo a laissé craindre un report. Mais, jeudi 20 juin, à 23 h 43, heure de Paris, la fusée Ariane 5 a traversé avec panache le ciel ble… [+2368 chars])
2019-06-21 11:03:51,936 DEBUG yncrea.isen.cir3.view.impl.MyView(1.) [Thread-6] updateArticlesHeadlines ArticleData(author=Henri-Corto Stoeklé, Guillaume Vogt, title=Nous devons « modifier nos normes de protection des données de santé », description=Les chercheurs Henri-Corto Stoeklé et Guillaume Vogt plaident pour un débat sur la norme juridique française qui entrave l’exploitation commerciale des données, à rebours de la tendance internationale., url=https://www.lemonde.fr/idees/article/2019/06/20/nous-devons-modifier-nos-normes-de-protection-des-donnees-de-sante_5479181_3232.html, urlToImage=https://img.lemde.fr/2019/06/20/494/0/4602/2298/1440/720/60/0/6ccbc25_bkqM6WHZHqV7YfWU43OfK75v.jpg, publishedAt=Thu Jun 20 17:00:43 CEST 2019, content=« En France, les données de santé peuvent avoir une valeur dusage économique, sans nécessairement avoir une valeur déchange. Ce nest pas le cas de la tendance mondiale actuelle. » Katie Edwards/Ikon Images / Photononstop
Tribune. Les Etats-Unis, et désormais… [+2668 chars])
2019-06-21 11:03:52,142 DEBUG yncrea.isen.cir3.view.impl.MyView(1.) [Thread-6] updateArticlesHeadlines ArticleData(author=Philippe Escande, title=« Renault-Nissan : comment recoller les morceaux ? », description=L’alliance Renault-Nissan se délite et les motifs d’affrontement se multiplient depuis l’arrestation de Carlos Ghosn. L’assemblée générale des actionnaires de Nissan et le sommet du G20 à Osaka, qui se tiendront la semaine prochaine, sauront-ils remettre un p…, url=https://www.lemonde.fr/economie/article/2019/06/20/renault-nissan-comment-recoller-les-morceaux_5478972_3234.html, urlToImage=https://img.lemde.fr/2019/06/20/0/0/4533/2263/1440/720/60/0/4548018_LcGli4lKR4zVUMb30il1ffJO.jpg, publishedAt=Thu Jun 20 11:37:59 CEST 2019, content=Philippe Escande
Lalliance Renault-Nissan se délite et les motifs daffrontement se multiplient depuis larrestation de Carlos Ghosn. Lassemblée générale des actionnaires de Nissan et le sommet du G20 à Osaka, qui se tiendront la semaine prochaine, sauront-ils… [+3098 chars])
2019-06-21 11:03:52,357 DEBUG yncrea.isen.cir3.view.impl.MyView(1.) [Thread-6] updateArticlesHeadlines ArticleData(author=Marie Charrel, title=« Trop de gouvernements restent obsédés par la nationalité du successeur de Draghi à la tête de la BCE », description=Les tractations en cours sur le prochain président de la Banque centrale européenne ne devraient pas se limiter à un bras de fer franco-allemand, estime notre journaliste Marie Charrel., url=https://www.lemonde.fr/idees/article/2019/06/20/trop-de-gouvernements-restent-obsedes-par-la-nationalite-du-successeur-de-draghi-a-la-tete-de-la-bce_5478813_3232.html, urlToImage=https://img.lemde.fr/2019/06/19/329/0/4005/2002/1440/720/60/0/2bc5928_xLEZ3UNFklRYsoJ2CSh8WcOg.jpg, publishedAt=Thu Jun 20 07:00:31 CEST 2019, content=Article réservé aux abonnés
Chronique. Il nest jamais bon de résumer les institutions à un homme. Cest oublier la part essentielle des dynamiques de groupe et du travail collectif, surtout lorsque les décisions sont prises par consensus. Ces dernières années… [+2295 chars])
2019-06-21 11:03:52,529 DEBUG yncrea.isen.cir3.view.impl.MyView(1.) [Thread-6] updateArticlesHeadlines ArticleData(author=Philippe Escande, title=« L’argent afflue dans la French Tech », description=La levée de fonds de 205 millions d’euros réalisée par la start-up Meero souligne spectaculairement la bonne santé du secteur en ce début 2019, observe Philippe Escande, éditorialiste économique au « Monde »., url=https://www.lemonde.fr/economie/article/2019/06/19/l-argent-afflue-dans-la-french-tech_5478418_3234.html, urlToImage=https://img.lemde.fr/2019/06/19/406/0/6203/3096/1440/720/60/0/c8e3331_EHLx6nk0mfxzKy5BRpHuGc0L.jpg, publishedAt=Wed Jun 19 11:29:37 CEST 2019, content=Thomas Rebaud est le fondateur de Meero, la start-up française qui vient de lever 205 millions deuros. MEERO
Pertes et profits. Elles sappellent OpenClassrooms, PayFit, Back Market ou ManoMano et il va falloir apprendre à prononcer leur nom en bon français. … [+2379 chars])
2019-06-21 11:03:52,748 DEBUG yncrea.isen.cir3.view.impl.MyView(1.) [Thread-6] updateArticlesHeadlines ArticleData(author=null, title=Vidéo. Pourquoi Hongkong est (encore) dans la rue, description=Vidéo - Un million de personnes ont défilé le 9 juin dans les rues de Hongkong, un record depuis la rétrocession du territoire à la Chine en 1997. Mais depuis dix ans, ces manifestations monstres se succèdent. Explication en vidéo., url=https://www.lemonde.fr/international/video/2019/06/15/pourquoi-hongkong-est-encore-dans-la-rue_5476616_3210.html, urlToImage=https://img.lemde.fr/2019/06/09/429/0/4239/2118/1440/720/60/0/cd6cbde_5015305-01-06.jpg, publishedAt=Sat Jun 15 07:52:56 CEST 2019, content=Plus dun million de personnes, selon les organisateurs de la mobilisation, ont défilé le 9 juin dans les rues de Hongkong, qui compte sept millions dhabitants. Un record depuis la rétrocession du territoire à la Chine, en 1997. En cause, un projet de loi qui … [+1310 chars])
2019-06-21 11:03:52,951 DEBUG yncrea.isen.cir3.view.impl.MyView(1.) [Thread-6] updateArticlesHeadlines ArticleData(author=Karim El Hadj, title=Vidéo. Urgences : comment expliquer la crise dans les hôpitaux ?, description=Vidéo - Manque de médecins généralistes, manque de lits, postes vacants… les origines de la crise que traversent actuellement les services d’urgence sont multiples., url=https://www.lemonde.fr/sante/video/2019/06/14/urgences-la-crise-expliquee-en-chiffres_5476492_1651302.html, urlToImage=https://img.lemde.fr/2019/06/14/0/0/3828/1914/1440/720/60/0/b43df41_2Al3r5Q5vAcQFsmG6N22cU6D.jpg, publishedAt=Fri Jun 14 20:10:32 CEST 2019, content=Depuis le 18 mars, les grèves sétendent dans les services durgences. Dans des dizaines dhôpitaux, partout en France, cest le malaise. Chaque année, 180 000 personnes passeraient la nuit sur un brancard au lieu dêtre dirigées vers un lit dans un service spécia… [+1106 chars])
2019-06-21 11:03:53,131 DEBUG yncrea.isen.cir3.view.impl.MyView(1.) [Thread-6] updateArticlesHeadlines ArticleData(author=Arthur Carpentier, title=Vidéo. Un citron congelé est-il plus efficace qu’une chimiothérapie pour vaincre le cancer ?, description=Vidéo - Plutôt que subir une lourde chimiothérapie, consommer des citrons congelés permettrait de lutter contre le cancer. C’est du moins la rumeur que font circuler plusieurs blogs et sites Internet. Une rumeur totalement fausse, et dangereuse., url=https://www.lemonde.fr/sciences/video/2019/06/13/un-citron-congele-est-il-plus-efficace-qu-une-chimiotherapie-pour-vaincre-le-cancer_5475919_1650684.html, urlToImage=https://img.lemde.fr/2019/05/29/494/0/6000/3000/1440/720/60/0/619ac67_ZjwfgwbjAa0ng2aAgCZrtIvl.jpg, publishedAt=Thu Jun 13 18:08:45 CEST 2019, content=« Le citron congelé est 10 000 fois plus efficace quune chimiothérapie. » Depuis plusieurs années, cette phrase circule sur de nombreux blogs, forums et sites Internet. Une affirmation souvent présentée avec des sources universitaires et des articles scientif… [+1031 chars])
2019-06-21 11:03:53,326 DEBUG yncrea.isen.cir3.view.impl.MyView(1.) [Thread-6] updateArticlesHeadlines ArticleData(author=Mouna El Mokhtari, title=Vidéo. Pourquoi tout le monde n’a pas l’oreille absolue, description=Vidéo - Certaines personnes peuvent nommer immédiament les notes qu’elles entendent lorsqu’elles écoutent de la musique. Mais leurs cas sont très rares. Pourquoi ?, url=https://www.lemonde.fr/sciences/video/2018/06/21/pourquoi-tout-le-monde-n-a-pas-l-oreille-absolue_5318711_1650684.html, urlToImage=https://img.lemde.fr/2018/06/13/11/0/781/388/1440/720/60/0/305e400_25345-116y5w7.68vo.png, publishedAt=Thu Jun 21 07:30:03 CEST 2018, content=En musique, loreille absolue, cest la capacité de nommer les notes dès quon les entend. Contrairement à loreille relative, qui désigne la faculté de reconnaître une note à partir dune note de référence, loreille absolue est très rare. En occident, elle concer… [+839 chars])
2019-06-22 01:12:05,624 DEBUG yncrea.isen.cir3.view.impl.MyView(1.) [AWT-EventQueue-0] ActionEvent :  java.awt.event.ActionEvent[ACTION_PERFORMED,cmd=Get Headlines,when=1561158724090,modifiers=Button1] on javax.swing.JButton[,0,0,121x26,alignmentX=0.0,alignmentY=0.5,border=javax.swing.plaf.BorderUIResource$CompoundBorderUIResource@5551f2d0,flags=296,maximumSize=,minimumSize=,preferredSize=,defaultIcon=,disabledIcon=,disabledSelectedIcon=,margin=javax.swing.plaf.InsetsUIResource[top=2,left=14,bottom=2,right=14],paintBorder=true,paintFocus=true,pressedIcon=,rolloverEnabled=true,rolloverIcon=,rolloverSelectedIcon=,selectedIcon=,text=Get Headlines,defaultCapable=true]
2019-06-22 01:12:05,655 INFO yncrea.isen.cir3.model.impl.MyDefaultArticleModel(1.) [AWT-EventQueue-0] get headlines
2019-06-22 01:12:07,545 INFO yncrea.isen.cir3.model.impl.MyDefaultArticleModel$getHeadlines$2(1.) [Thread-6] StatusCode : 200
2019-06-22 01:12:07,545 INFO yncrea.isen.cir3.model.impl.MyDefaultArticleModel$$special$$inlined$observable$2(1.) [Thread-6] ArticlesHeadlines property change, notify observer
2019-06-22 01:12:07,545 INFO yncrea.isen.cir3.view.impl.MyView(1.) [Thread-6] receive articles data
2019-06-22 01:12:07,545 DEBUG yncrea.isen.cir3.view.impl.MyView(1.) [Thread-6] updateArticlesHeadlines ArticleData(author=Vincent Fagot, title=Lenovo ne veut plus se limiter à être un « simple » fabricant de matériel informatique, description=Le groupe chinois, numéro un mondial sur le marché du PC, veut développer une offre de services à destination des entreprises., url=https://www.lemonde.fr/economie/article/2019/06/21/lenovo-ne-veut-plus-se-limiter-a-etre-un-simple-fabricant-de-materiel-informatique_5479854_3234.html, urlToImage=https://img.lemde.fr/2019/06/21/356/0/4256/2128/1440/720/60/0/96b5044_DXxLkay3BDPGk1HL5DWZnv3S.jpg, publishedAt=Fri Jun 21 16:43:42 CEST 2019, content=Article réservé aux abonnés
Dans le classement des cent marques les plus puissantes au monde paru mardi 11 juin dans le Financial Times, ne figurent que deux fabricants dordinateurs, tout en bas de la liste : Dell (81e) et HP (93e). Lenovo, lui, ny figure pa… [+2371 chars])
2019-06-22 01:12:08,061 DEBUG yncrea.isen.cir3.view.impl.MyView(1.) [Thread-6] updateArticlesHeadlines ArticleData(author=Matthieu Auzanneau, Maxence Cordiez, title=Extraction minière : « Sortir des énergies fossiles est une nécessité vitale pour la France, qui n’a toujours pas de pétrole et manque d’idées neuves », description=Dès 2025, l’économie mondiale manquera de pétrole à bon marché. La cause du climat rejoindra celle de la croissance, observent, dans une tribune au « Monde », les chercheurs Matthieu Auzanneau et Maxence Cordiez., url=https://www.lemonde.fr/idees/article/2019/06/21/extraction-miniere-sortir-des-energies-fossiles-est-une-necessite-vitale-pour-la-france-qui-n-a-toujours-pas-de-petrole-et-manque-d-idees-neuves_5479747_3232.html, urlToImage=https://img.lemde.fr/2019/06/20/597/0/7142/3571/1440/720/60/0/c65b82d_aXnw4BVJJ1kOLYIeQotmsbOB.jpg, publishedAt=Fri Jun 21 13:52:51 CEST 2019, content=Matthieu Auzanneau
Directeur du Shift Project, groupe de réflexion sur la transition énergétique
Maxence Cordiez
Ingénieur chercheur au Commissariat à l'énergie atomique et aux énergies alternatives /CEA
Dès 2025, léconomie mondiale manquera de pétrole à … [+3184 chars])
2019-06-22 01:12:09,639 DEBUG yncrea.isen.cir3.view.impl.MyView(1.) [Thread-6] updateArticlesHeadlines ArticleData(author=Marc Semo, title=Marc Pierini : « Pour le président Erdogan, celui qui tient Istanbul tient la Turquie », description=Après l’annulation, fin mars, de la victoire du candidat de l’opposition par le régime de Recep Tayyip Erdogan, la nouvelle élection municipale d’Istanbul, le 23 juin, représente un moment crucial pour le pays., url=https://www.lemonde.fr/international/article/2019/06/21/marc-pierini-pour-le-president-erdogan-celui-qui-tient-istanbul-tient-la-turquie_5479700_3210.html, urlToImage=https://img.lemde.fr/2019/05/29/340/0/3500/1750/1440/720/60/0/e9291c8_FFF-IST19_TURKEY-ANNIVERSARY-_0529_11.JPG, publishedAt=Fri Jun 21 12:20:22 CEST 2019, content=Article réservé aux abonnés
Ancien ambassadeur de lUnion européenne (UE) à Ankara, après avoir été notamment ambassadeur de France au Maroc, puis de lUE à Damas et à Tripoli, Marc Pierini est actuellement chercheur invité au Centre Carnegie de Bruxelles.
Ma… [+2725 chars])
2019-06-22 01:12:10,967 DEBUG yncrea.isen.cir3.view.impl.MyView(1.) [Thread-6] updateArticlesHeadlines ArticleData(author=Philippe Escande, title=« Les très chers portables de Donald Trump et Xi Jinping », description=Les dirigeants américains et chinois se retrouveront au G20 d’Osaka vendredi 28 juin. Ils parleront à coup sûr de Huawei et Apple, leurs deux géants nationaux de la téléphonie mobile, explique Philippe Escande, éditorialiste économique au « Monde »., url=https://www.lemonde.fr/economie/article/2019/06/21/les-tres-chers-portables-de-donald-trump-et-xi-jinping_5479621_3234.html, urlToImage=https://img.lemde.fr/2019/06/21/300/0/3600/1800/1440/720/60/0/96805b0_oUSk5XjdfvN7Ba3yXR6_XMK1.jpg, publishedAt=Fri Jun 21 11:15:10 CEST 2019, content=Le président américain Donald Trump et le président chinois Xi Jinping, lors dun dîner entre les deux chefs dEtat, à Pékin, le 9 novembre 2017. Jonathan Ernst / REUTERS
Pertes et profits. Donald Trump et Xi Jinping sont comme tout le monde. Quand ils se renc… [+2850 chars])
2019-06-22 01:12:11,092 DEBUG yncrea.isen.cir3.view.impl.MyView(1.) [Thread-6] updateArticlesHeadlines ArticleData(author=Natia Navrouzov, title=« La France doit rapatrier ses ressortissants en Irak pour rendre justice aux Yézidis », description=Le rôle des Français qui ont rejoint les rangs de l’organisation Etat islamique dans les crimes commis contre la minorité de la région du Sinjar doit être établi par la justice française. Cet élément trop souvent oublié dans le débat, estime l’avocate Natia N…, url=https://www.lemonde.fr/idees/article/2019/06/21/la-france-doit-rapatrier-ses-ressortissants-en-irak-pour-rendre-justice-aux-yezidis_5479552_3232.html, urlToImage=https://img.lemde.fr/2015/02/04/95/0/4928/2464/1440/720/60/0/e2c748d_10823-f541db.jpg, publishedAt=Fri Jun 21 10:16:07 CEST 2019, content=« Il est impossible que les onze Français condamnés à mort aient pu ignorer le sort horrible réservé par leur groupe à cette communauté depuis août 2014 »(Photo: manifestation, en majorité de femmes, de soutien aux yézidis et aux chrétiens dIrak à Paris, le 1… [+3251 chars])
2019-06-22 01:12:11,232 DEBUG yncrea.isen.cir3.view.impl.MyView(1.) [Thread-6] updateArticlesHeadlines ArticleData(author=Guy Dutheil, title=Au salon du Bourget, Airbus signe des contrats pour 50 milliards de dollars, description=L’avionneur européen a réussi le lancement de l’A321 XLR, la nouvelle version de son moyen-courrier. Son rival américain Boeing a annoncé la reprise des ventes du 737 MAX, interdit de vol depuis mars., url=https://www.lemonde.fr/economie/article/2019/06/21/au-bourget-airbus-et-safran-font-le-plein-de-commandes-boeing-sauve-la-face_5479537_3234.html, urlToImage=https://img.lemde.fr/2019/06/21/85/0/5054/2527/1440/720/60/0/35a258a_c_gSMMtoXAp189kZ4V5IShoD.jpg, publishedAt=Fri Jun 21 09:49:06 CEST 2019, content=Article réservé aux abonnés
Au Salon du Bourget, près de Paris, mercredi 19 juin. PASCAL ROSSIGNOL / REUTERS
Au Bourget, avionneurs et équipementiers avaient le sourire, jeudi 20 juin, à lissue des journées réservées aux professionnels du Salon internationa… [+2489 chars])
2019-06-22 01:12:12,419 DEBUG yncrea.isen.cir3.view.impl.MyView(1.) [Thread-6] updateArticlesHeadlines ArticleData(author=null, title=Vidéo. Des « hublots » sur des vaches : L214 filme une pratique ancienne mais débattue, description=Vidéo - L’association L214 diffuse des images de bovins équipés de canules – hublots en plastique permettant un accès direct à leur rumen, provenant d’un centre de recherche privé sur la nutrition animale., url=https://www.lemonde.fr/festival/video/2019/06/20/des-hublots-sur-des-vaches-l214-filme-une-pratique-ancienne-mais-debattue_5478830_4415198.html, urlToImage=https://img.lemde.fr/2019/06/19/29/0/960/480/1440/720/60/0/49572cd_Ma1EfmaEiI554t10IexClxtf.JPG, publishedAt=Thu Jun 20 07:56:58 CEST 2019, content=Ces images de vaches porteuses de canules, aussi appelées vaches fistulées, tournées en février et mai 2019, ont été obtenues par lassociation L214. Les canules, qui permettent un accès direct à la panse des bovins, servent à observer et étudier leur digestio… [+848 chars])
2019-06-22 01:12:13,810 DEBUG yncrea.isen.cir3.view.impl.MyView(1.) [Thread-6] updateArticlesHeadlines ArticleData(author=null, title=Vidéo. Pourquoi Hongkong est (encore) dans la rue, description=Vidéo - Un million de personnes ont défilé le 9 juin dans les rues de Hongkong, un record depuis la rétrocession du territoire à la Chine en 1997. Mais depuis dix ans, ces manifestations monstres se succèdent. Explication en vidéo., url=https://www.lemonde.fr/international/video/2019/06/15/pourquoi-hongkong-est-encore-dans-la-rue_5476616_3210.html, urlToImage=https://img.lemde.fr/2019/06/09/429/0/4239/2118/1440/720/60/0/cd6cbde_5015305-01-06.jpg, publishedAt=Sat Jun 15 07:52:56 CEST 2019, content=Plus dun million de personnes, selon les organisateurs de la mobilisation, ont défilé le 9 juin dans les rues de Hongkong, qui compte sept millions dhabitants. Un record depuis la rétrocession du territoire à la Chine, en 1997. En cause, un projet de loi qui … [+1310 chars])
2019-06-22 01:12:16,606 DEBUG yncrea.isen.cir3.view.impl.MyView(1.) [Thread-6] updateArticlesHeadlines ArticleData(author=Karim El Hadj, title=Vidéo. Urgences : comment expliquer la crise dans les hôpitaux ?, description=Vidéo - Manque de médecins généralistes, manque de lits, postes vacants… les origines de la crise que traversent actuellement les services d’urgence sont multiples., url=https://www.lemonde.fr/sante/video/2019/06/14/urgences-la-crise-expliquee-en-chiffres_5476492_1651302.html, urlToImage=https://img.lemde.fr/2019/06/14/0/0/3828/1914/1440/720/60/0/b43df41_2Al3r5Q5vAcQFsmG6N22cU6D.jpg, publishedAt=Fri Jun 14 20:10:32 CEST 2019, content=Depuis le 18 mars, les grèves sétendent dans les services durgences. Dans des dizaines dhôpitaux, partout en France, cest le malaise. Chaque année, 180 000 personnes passeraient la nuit sur un brancard au lieu dêtre dirigées vers un lit dans un service spécia… [+1106 chars])
2019-06-22 01:12:17,215 DEBUG yncrea.isen.cir3.view.impl.MyView(1.) [Thread-6] updateArticlesHeadlines ArticleData(author=Asia Balluffier, title=Vidéo. Coupe du monde 2019 : comment la peur du ridicule explique la plupart des penaltys ratés, description=Vidéo - En observant quelque 300 penaltys tirés dans les principales compétitions de football dans le monde, des chercheurs se sont rendu compte que les joueurs adoptaient rarement la meilleure stratégie pendant leur match., url=https://www.lemonde.fr/sport/video/2019/06/12/coupe-du-monde-2019-comment-la-peur-du-ridicule-explique-la-plupart-des-penaltys-rates_5475435_3242.html, urlToImage=https://img.lemde.fr/2019/06/03/56/0/1800/900/1440/720/60/0/962deaf_9we7KXOCFSPdOdKL7jbVFNZT.png, publishedAt=Wed Jun 12 20:51:22 CEST 2019, content=Cette vidéo a été publiée lan dernier pour le Mondial 2018. La Coupe du monde féminine de cette année est loccasion dévoquer à nouveau la peur que suscitent les penaltys chez les joueurs et joueuses de foot.
Au football, le penalty est lun des moyens les plu… [+1130 chars])
2019-06-22 01:22:56,572 DEBUG yncrea.isen.cir3.view.impl.MyView(1.) [AWT-EventQueue-0] ActionEvent :  java.awt.event.ActionEvent[ACTION_PERFORMED,cmd=Get Headlines,when=1561159374963,modifiers=Button1] on javax.swing.JButton[,0,0,121x26,alignmentX=0.0,alignmentY=0.5,border=javax.swing.plaf.BorderUIResource$CompoundBorderUIResource@68d39823,flags=296,maximumSize=,minimumSize=,preferredSize=,defaultIcon=,disabledIcon=,disabledSelectedIcon=,margin=javax.swing.plaf.InsetsUIResource[top=2,left=14,bottom=2,right=14],paintBorder=true,paintFocus=true,pressedIcon=,rolloverEnabled=true,rolloverIcon=,rolloverSelectedIcon=,selectedIcon=,text=Get Headlines,defaultCapable=true]
2019-06-22 01:22:56,603 INFO yncrea.isen.cir3.model.impl.MyDefaultArticleModel(1.) [AWT-EventQueue-0] get headlines
2019-06-22 01:22:58,400 INFO yncrea.isen.cir3.model.impl.MyDefaultArticleModel$getHeadlines$2(1.) [Thread-6] StatusCode : 200
2019-06-22 01:22:58,400 INFO yncrea.isen.cir3.model.impl.MyDefaultArticleModel$$special$$inlined$observable$2(1.) [Thread-6] ArticlesHeadlines property change, notify observer
2019-06-22 01:22:58,400 INFO yncrea.isen.cir3.view.impl.MyView(1.) [Thread-6] receive articles data
2019-06-22 01:22:58,400 DEBUG yncrea.isen.cir3.view.impl.MyView(1.) [Thread-6] updateArticlesHeadlines ArticleData(author=Vincent Fagot, title=Lenovo ne veut plus se limiter à être un « simple » fabricant de matériel informatique, description=Le groupe chinois, numéro un mondial sur le marché du PC, veut développer une offre de services à destination des entreprises., url=https://www.lemonde.fr/economie/article/2019/06/21/lenovo-ne-veut-plus-se-limiter-a-etre-un-simple-fabricant-de-materiel-informatique_5479854_3234.html, urlToImage=https://img.lemde.fr/2019/06/21/356/0/4256/2128/1440/720/60/0/96b5044_DXxLkay3BDPGk1HL5DWZnv3S.jpg, publishedAt=Fri Jun 21 16:43:42 CEST 2019, content=Article réservé aux abonnés
Dans le classement des cent marques les plus puissantes au monde paru mardi 11 juin dans le Financial Times, ne figurent que deux fabricants dordinateurs, tout en bas de la liste : Dell (81e) et HP (93e). Lenovo, lui, ny figure pa… [+2371 chars])
2019-06-22 01:22:59,447 DEBUG yncrea.isen.cir3.view.impl.MyView(1.) [Thread-6] updateArticlesHeadlines ArticleData(author=Matthieu Auzanneau, Maxence Cordiez, title=Extraction minière : « Sortir des énergies fossiles est une nécessité vitale pour la France, qui n’a toujours pas de pétrole et manque d’idées neuves », description=Dès 2025, l’économie mondiale manquera de pétrole à bon marché. La cause du climat rejoindra celle de la croissance, observent, dans une tribune au « Monde », les chercheurs Matthieu Auzanneau et Maxence Cordiez., url=https://www.lemonde.fr/idees/article/2019/06/21/extraction-miniere-sortir-des-energies-fossiles-est-une-necessite-vitale-pour-la-france-qui-n-a-toujours-pas-de-petrole-et-manque-d-idees-neuves_5479747_3232.html, urlToImage=https://img.lemde.fr/2019/06/20/597/0/7142/3571/1440/720/60/0/c65b82d_aXnw4BVJJ1kOLYIeQotmsbOB.jpg, publishedAt=Fri Jun 21 13:52:51 CEST 2019, content=Matthieu Auzanneau
Directeur du Shift Project, groupe de réflexion sur la transition énergétique
Maxence Cordiez
Ingénieur chercheur au Commissariat à l'énergie atomique et aux énergies alternatives /CEA
Dès 2025, léconomie mondiale manquera de pétrole à … [+3184 chars])
2019-06-22 01:23:00,899 DEBUG yncrea.isen.cir3.view.impl.MyView(1.) [Thread-6] updateArticlesHeadlines ArticleData(author=Marc Semo, title=Marc Pierini : « Pour le président Erdogan, celui qui tient Istanbul tient la Turquie », description=Après l’annulation, fin mars, de la victoire du candidat de l’opposition par le régime de Recep Tayyip Erdogan, la nouvelle élection municipale d’Istanbul, le 23 juin, représente un moment crucial pour le pays., url=https://www.lemonde.fr/international/article/2019/06/21/marc-pierini-pour-le-president-erdogan-celui-qui-tient-istanbul-tient-la-turquie_5479700_3210.html, urlToImage=https://img.lemde.fr/2019/05/29/340/0/3500/1750/1440/720/60/0/e9291c8_FFF-IST19_TURKEY-ANNIVERSARY-_0529_11.JPG, publishedAt=Fri Jun 21 12:20:22 CEST 2019, content=Article réservé aux abonnés
Ancien ambassadeur de lUnion européenne (UE) à Ankara, après avoir été notamment ambassadeur de France au Maroc, puis de lUE à Damas et à Tripoli, Marc Pierini est actuellement chercheur invité au Centre Carnegie de Bruxelles.
Ma… [+2725 chars])
2019-06-22 01:23:02,336 DEBUG yncrea.isen.cir3.view.impl.MyView(1.) [Thread-6] updateArticlesHeadlines ArticleData(author=Philippe Escande, title=« Les très chers portables de Donald Trump et Xi Jinping », description=Les dirigeants américains et chinois se retrouveront au G20 d’Osaka vendredi 28 juin. Ils parleront à coup sûr de Huawei et Apple, leurs deux géants nationaux de la téléphonie mobile, explique Philippe Escande, éditorialiste économique au « Monde »., url=https://www.lemonde.fr/economie/article/2019/06/21/les-tres-chers-portables-de-donald-trump-et-xi-jinping_5479621_3234.html, urlToImage=https://img.lemde.fr/2019/06/21/300/0/3600/1800/1440/720/60/0/96805b0_oUSk5XjdfvN7Ba3yXR6_XMK1.jpg, publishedAt=Fri Jun 21 11:15:10 CEST 2019, content=Le président américain Donald Trump et le président chinois Xi Jinping, lors dun dîner entre les deux chefs dEtat, à Pékin, le 9 novembre 2017. Jonathan Ernst / REUTERS
Pertes et profits. Donald Trump et Xi Jinping sont comme tout le monde. Quand ils se renc… [+2850 chars])
2019-06-22 01:23:03,274 DEBUG yncrea.isen.cir3.view.impl.MyView(1.) [Thread-6] updateArticlesHeadlines ArticleData(author=Natia Navrouzov, title=« La France doit rapatrier ses ressortissants en Irak pour rendre justice aux Yézidis », description=Le rôle des Français qui ont rejoint les rangs de l’organisation Etat islamique dans les crimes commis contre la minorité de la région du Sinjar doit être établi par la justice française. Cet élément trop souvent oublié dans le débat, estime l’avocate Natia N…, url=https://www.lemonde.fr/idees/article/2019/06/21/la-france-doit-rapatrier-ses-ressortissants-en-irak-pour-rendre-justice-aux-yezidis_5479552_3232.html, urlToImage=https://img.lemde.fr/2015/02/04/95/0/4928/2464/1440/720/60/0/e2c748d_10823-f541db.jpg, publishedAt=Fri Jun 21 10:16:07 CEST 2019, content=« Il est impossible que les onze Français condamnés à mort aient pu ignorer le sort horrible réservé par leur groupe à cette communauté depuis août 2014 »(Photo: manifestation, en majorité de femmes, de soutien aux yézidis et aux chrétiens dIrak à Paris, le 1… [+3251 chars])
2019-06-22 01:23:04,258 DEBUG yncrea.isen.cir3.view.impl.MyView(1.) [Thread-6] updateArticlesHeadlines ArticleData(author=Guy Dutheil, title=Au salon du Bourget, Airbus signe des contrats pour 50 milliards de dollars, description=L’avionneur européen a réussi le lancement de l’A321 XLR, la nouvelle version de son moyen-courrier. Son rival américain Boeing a annoncé la reprise des ventes du 737 MAX, interdit de vol depuis mars., url=https://www.lemonde.fr/economie/article/2019/06/21/au-bourget-airbus-et-safran-font-le-plein-de-commandes-boeing-sauve-la-face_5479537_3234.html, urlToImage=https://img.lemde.fr/2019/06/21/85/0/5054/2527/1440/720/60/0/35a258a_c_gSMMtoXAp189kZ4V5IShoD.jpg, publishedAt=Fri Jun 21 09:49:06 CEST 2019, content=Article réservé aux abonnés
Au Salon du Bourget, près de Paris, mercredi 19 juin. PASCAL ROSSIGNOL / REUTERS
Au Bourget, avionneurs et équipementiers avaient le sourire, jeudi 20 juin, à lissue des journées réservées aux professionnels du Salon internationa… [+2489 chars])
2019-06-22 01:23:05,883 DEBUG yncrea.isen.cir3.view.impl.MyView(1.) [Thread-6] updateArticlesHeadlines ArticleData(author=null, title=Vidéo. Des « hublots » sur des vaches : L214 filme une pratique ancienne mais débattue, description=Vidéo - L’association L214 diffuse des images de bovins équipés de canules – hublots en plastique permettant un accès direct à leur rumen, provenant d’un centre de recherche privé sur la nutrition animale., url=https://www.lemonde.fr/festival/video/2019/06/20/des-hublots-sur-des-vaches-l214-filme-une-pratique-ancienne-mais-debattue_5478830_4415198.html, urlToImage=https://img.lemde.fr/2019/06/19/29/0/960/480/1440/720/60/0/49572cd_Ma1EfmaEiI554t10IexClxtf.JPG, publishedAt=Thu Jun 20 07:56:58 CEST 2019, content=Ces images de vaches porteuses de canules, aussi appelées vaches fistulées, tournées en février et mai 2019, ont été obtenues par lassociation L214. Les canules, qui permettent un accès direct à la panse des bovins, servent à observer et étudier leur digestio… [+848 chars])
2019-06-22 01:23:07,320 DEBUG yncrea.isen.cir3.view.impl.MyView(1.) [Thread-6] updateArticlesHeadlines ArticleData(author=null, title=Vidéo. Pourquoi Hongkong est (encore) dans la rue, description=Vidéo - Un million de personnes ont défilé le 9 juin dans les rues de Hongkong, un record depuis la rétrocession du territoire à la Chine en 1997. Mais depuis dix ans, ces manifestations monstres se succèdent. Explication en vidéo., url=https://www.lemonde.fr/international/video/2019/06/15/pourquoi-hongkong-est-encore-dans-la-rue_5476616_3210.html, urlToImage=https://img.lemde.fr/2019/06/09/429/0/4239/2118/1440/720/60/0/cd6cbde_5015305-01-06.jpg, publishedAt=Sat Jun 15 07:52:56 CEST 2019, content=Plus dun million de personnes, selon les organisateurs de la mobilisation, ont défilé le 9 juin dans les rues de Hongkong, qui compte sept millions dhabitants. Un record depuis la rétrocession du territoire à la Chine, en 1997. En cause, un projet de loi qui … [+1310 chars])
2019-06-22 01:23:10,225 DEBUG yncrea.isen.cir3.view.impl.MyView(1.) [Thread-6] updateArticlesHeadlines ArticleData(author=Karim El Hadj, title=Vidéo. Urgences : comment expliquer la crise dans les hôpitaux ?, description=Vidéo - Manque de médecins généralistes, manque de lits, postes vacants… les origines de la crise que traversent actuellement les services d’urgence sont multiples., url=https://www.lemonde.fr/sante/video/2019/06/14/urgences-la-crise-expliquee-en-chiffres_5476492_1651302.html, urlToImage=https://img.lemde.fr/2019/06/14/0/0/3828/1914/1440/720/60/0/b43df41_2Al3r5Q5vAcQFsmG6N22cU6D.jpg, publishedAt=Fri Jun 14 20:10:32 CEST 2019, content=Depuis le 18 mars, les grèves sétendent dans les services durgences. Dans des dizaines dhôpitaux, partout en France, cest le malaise. Chaque année, 180 000 personnes passeraient la nuit sur un brancard au lieu dêtre dirigées vers un lit dans un service spécia… [+1106 chars])
2019-06-22 01:23:10,960 DEBUG yncrea.isen.cir3.view.impl.MyView(1.) [Thread-6] updateArticlesHeadlines ArticleData(author=Asia Balluffier, title=Vidéo. Coupe du monde 2019 : comment la peur du ridicule explique la plupart des penaltys ratés, description=Vidéo - En observant quelque 300 penaltys tirés dans les principales compétitions de football dans le monde, des chercheurs se sont rendu compte que les joueurs adoptaient rarement la meilleure stratégie pendant leur match., url=https://www.lemonde.fr/sport/video/2019/06/12/coupe-du-monde-2019-comment-la-peur-du-ridicule-explique-la-plupart-des-penaltys-rates_5475435_3242.html, urlToImage=https://img.lemde.fr/2019/06/03/56/0/1800/900/1440/720/60/0/962deaf_9we7KXOCFSPdOdKL7jbVFNZT.png, publishedAt=Wed Jun 12 20:51:22 CEST 2019, content=Cette vidéo a été publiée lan dernier pour le Mondial 2018. La Coupe du monde féminine de cette année est loccasion dévoquer à nouveau la peur que suscitent les penaltys chez les joueurs et joueuses de foot.
Au football, le penalty est lun des moyens les plu… [+1130 chars])
2019-06-22 01:24:40,251 DEBUG yncrea.isen.cir3.view.impl.MyView(1.) [AWT-EventQueue-0] ActionEvent :  java.awt.event.ActionEvent[ACTION_PERFORMED,cmd=Get Headlines,when=1561159478752,modifiers=Button1] on javax.swing.JButton[,0,0,121x26,alignmentX=0.0,alignmentY=0.5,border=javax.swing.plaf.BorderUIResource$CompoundBorderUIResource@1eddfba,flags=296,maximumSize=,minimumSize=,preferredSize=,defaultIcon=,disabledIcon=,disabledSelectedIcon=,margin=javax.swing.plaf.InsetsUIResource[top=2,left=14,bottom=2,right=14],paintBorder=true,paintFocus=true,pressedIcon=,rolloverEnabled=true,rolloverIcon=,rolloverSelectedIcon=,selectedIcon=,text=Get Headlines,defaultCapable=true]
2019-06-22 01:24:40,282 INFO yncrea.isen.cir3.model.impl.MyDefaultArticleModel(1.) [AWT-EventQueue-0] get headlines
2019-06-22 01:24:42,611 INFO yncrea.isen.cir3.model.impl.MyDefaultArticleModel$getHeadlines$2(1.) [Thread-6] StatusCode : 200
2019-06-22 01:24:42,611 INFO yncrea.isen.cir3.model.impl.MyDefaultArticleModel$$special$$inlined$observable$2(1.) [Thread-6] ArticlesHeadlines property change, notify observer
2019-06-22 01:24:42,626 INFO yncrea.isen.cir3.view.impl.MyView(1.) [Thread-6] receive articles data
2019-06-22 01:24:42,626 DEBUG yncrea.isen.cir3.view.impl.MyView(1.) [Thread-6] updateArticlesHeadlines ArticleData(author=Vincent Fagot, title=Lenovo ne veut plus se limiter à être un « simple » fabricant de matériel informatique, description=Le groupe chinois, numéro un mondial sur le marché du PC, veut développer une offre de services à destination des entreprises., url=https://www.lemonde.fr/economie/article/2019/06/21/lenovo-ne-veut-plus-se-limiter-a-etre-un-simple-fabricant-de-materiel-informatique_5479854_3234.html, urlToImage=https://img.lemde.fr/2019/06/21/356/0/4256/2128/1440/720/60/0/96b5044_DXxLkay3BDPGk1HL5DWZnv3S.jpg, publishedAt=Fri Jun 21 16:43:42 CEST 2019, content=Article réservé aux abonnés
Dans le classement des cent marques les plus puissantes au monde paru mardi 11 juin dans le Financial Times, ne figurent que deux fabricants dordinateurs, tout en bas de la liste : Dell (81e) et HP (93e). Lenovo, lui, ny figure pa… [+2371 chars])
2019-06-22 01:24:44,844 DEBUG yncrea.isen.cir3.view.impl.MyView(1.) [Thread-6] updateArticlesHeadlines ArticleData(author=Matthieu Auzanneau, Maxence Cordiez, title=Extraction minière : « Sortir des énergies fossiles est une nécessité vitale pour la France, qui n’a toujours pas de pétrole et manque d’idées neuves », description=Dès 2025, l’économie mondiale manquera de pétrole à bon marché. La cause du climat rejoindra celle de la croissance, observent, dans une tribune au « Monde », les chercheurs Matthieu Auzanneau et Maxence Cordiez., url=https://www.lemonde.fr/idees/article/2019/06/21/extraction-miniere-sortir-des-energies-fossiles-est-une-necessite-vitale-pour-la-france-qui-n-a-toujours-pas-de-petrole-et-manque-d-idees-neuves_5479747_3232.html, urlToImage=https://img.lemde.fr/2019/06/20/597/0/7142/3571/1440/720/60/0/c65b82d_aXnw4BVJJ1kOLYIeQotmsbOB.jpg, publishedAt=Fri Jun 21 13:52:51 CEST 2019, content=Matthieu Auzanneau
Directeur du Shift Project, groupe de réflexion sur la transition énergétique
Maxence Cordiez
Ingénieur chercheur au Commissariat à l'énergie atomique et aux énergies alternatives /CEA
Dès 2025, léconomie mondiale manquera de pétrole à … [+3184 chars])
2019-06-22 01:24:46,297 DEBUG yncrea.isen.cir3.view.impl.MyView(1.) [Thread-6] updateArticlesHeadlines ArticleData(author=Marc Semo, title=Marc Pierini : « Pour le président Erdogan, celui qui tient Istanbul tient la Turquie », description=Après l’annulation, fin mars, de la victoire du candidat de l’opposition par le régime de Recep Tayyip Erdogan, la nouvelle élection municipale d’Istanbul, le 23 juin, représente un moment crucial pour le pays., url=https://www.lemonde.fr/international/article/2019/06/21/marc-pierini-pour-le-president-erdogan-celui-qui-tient-istanbul-tient-la-turquie_5479700_3210.html, urlToImage=https://img.lemde.fr/2019/05/29/340/0/3500/1750/1440/720/60/0/e9291c8_FFF-IST19_TURKEY-ANNIVERSARY-_0529_11.JPG, publishedAt=Fri Jun 21 12:20:22 CEST 2019, content=Article réservé aux abonnés
Ancien ambassadeur de lUnion européenne (UE) à Ankara, après avoir été notamment ambassadeur de France au Maroc, puis de lUE à Damas et à Tripoli, Marc Pierini est actuellement chercheur invité au Centre Carnegie de Bruxelles.
Ma… [+2725 chars])
2019-06-22 01:24:47,766 DEBUG yncrea.isen.cir3.view.impl.MyView(1.) [Thread-6] updateArticlesHeadlines ArticleData(author=Philippe Escande, title=« Les très chers portables de Donald Trump et Xi Jinping », description=Les dirigeants américains et chinois se retrouveront au G20 d’Osaka vendredi 28 juin. Ils parleront à coup sûr de Huawei et Apple, leurs deux géants nationaux de la téléphonie mobile, explique Philippe Escande, éditorialiste économique au « Monde »., url=https://www.lemonde.fr/economie/article/2019/06/21/les-tres-chers-portables-de-donald-trump-et-xi-jinping_5479621_3234.html, urlToImage=https://img.lemde.fr/2019/06/21/300/0/3600/1800/1440/720/60/0/96805b0_oUSk5XjdfvN7Ba3yXR6_XMK1.jpg, publishedAt=Fri Jun 21 11:15:10 CEST 2019, content=Le président américain Donald Trump et le président chinois Xi Jinping, lors dun dîner entre les deux chefs dEtat, à Pékin, le 9 novembre 2017. Jonathan Ernst / REUTERS
Pertes et profits. Donald Trump et Xi Jinping sont comme tout le monde. Quand ils se renc… [+2850 chars])
2019-06-22 01:24:48,515 DEBUG yncrea.isen.cir3.view.impl.MyView(1.) [Thread-6] updateArticlesHeadlines ArticleData(author=Natia Navrouzov, title=« La France doit rapatrier ses ressortissants en Irak pour rendre justice aux Yézidis », description=Le rôle des Français qui ont rejoint les rangs de l’organisation Etat islamique dans les crimes commis contre la minorité de la région du Sinjar doit être établi par la justice française. Cet élément trop souvent oublié dans le débat, estime l’avocate Natia N…, url=https://www.lemonde.fr/idees/article/2019/06/21/la-france-doit-rapatrier-ses-ressortissants-en-irak-pour-rendre-justice-aux-yezidis_5479552_3232.html, urlToImage=https://img.lemde.fr/2015/02/04/95/0/4928/2464/1440/720/60/0/e2c748d_10823-f541db.jpg, publishedAt=Fri Jun 21 10:16:07 CEST 2019, content=« Il est impossible que les onze Français condamnés à mort aient pu ignorer le sort horrible réservé par leur groupe à cette communauté depuis août 2014 »(Photo: manifestation, en majorité de femmes, de soutien aux yézidis et aux chrétiens dIrak à Paris, le 1… [+3251 chars])
2019-06-22 01:24:49,546 DEBUG yncrea.isen.cir3.view.impl.MyView(1.) [Thread-6] updateArticlesHeadlines ArticleData(author=Guy Dutheil, title=Au salon du Bourget, Airbus signe des contrats pour 50 milliards de dollars, description=L’avionneur européen a réussi le lancement de l’A321 XLR, la nouvelle version de son moyen-courrier. Son rival américain Boeing a annoncé la reprise des ventes du 737 MAX, interdit de vol depuis mars., url=https://www.lemonde.fr/economie/article/2019/06/21/au-bourget-airbus-et-safran-font-le-plein-de-commandes-boeing-sauve-la-face_5479537_3234.html, urlToImage=https://img.lemde.fr/2019/06/21/85/0/5054/2527/1440/720/60/0/35a258a_c_gSMMtoXAp189kZ4V5IShoD.jpg, publishedAt=Fri Jun 21 09:49:06 CEST 2019, content=Article réservé aux abonnés
Au Salon du Bourget, près de Paris, mercredi 19 juin. PASCAL ROSSIGNOL / REUTERS
Au Bourget, avionneurs et équipementiers avaient le sourire, jeudi 20 juin, à lissue des journées réservées aux professionnels du Salon internationa… [+2489 chars])
2019-06-22 01:24:51,171 DEBUG yncrea.isen.cir3.view.impl.MyView(1.) [Thread-6] updateArticlesHeadlines ArticleData(author=null, title=Vidéo. Des « hublots » sur des vaches : L214 filme une pratique ancienne mais débattue, description=Vidéo - L’association L214 diffuse des images de bovins équipés de canules – hublots en plastique permettant un accès direct à leur rumen, provenant d’un centre de recherche privé sur la nutrition animale., url=https://www.lemonde.fr/festival/video/2019/06/20/des-hublots-sur-des-vaches-l214-filme-une-pratique-ancienne-mais-debattue_5478830_4415198.html, urlToImage=https://img.lemde.fr/2019/06/19/29/0/960/480/1440/720/60/0/49572cd_Ma1EfmaEiI554t10IexClxtf.JPG, publishedAt=Thu Jun 20 07:56:58 CEST 2019, content=Ces images de vaches porteuses de canules, aussi appelées vaches fistulées, tournées en février et mai 2019, ont été obtenues par lassociation L214. Les canules, qui permettent un accès direct à la panse des bovins, servent à observer et étudier leur digestio… [+848 chars])
2019-06-22 01:24:52,327 DEBUG yncrea.isen.cir3.view.impl.MyView(1.) [Thread-6] updateArticlesHeadlines ArticleData(author=null, title=Vidéo. Pourquoi Hongkong est (encore) dans la rue, description=Vidéo - Un million de personnes ont défilé le 9 juin dans les rues de Hongkong, un record depuis la rétrocession du territoire à la Chine en 1997. Mais depuis dix ans, ces manifestations monstres se succèdent. Explication en vidéo., url=https://www.lemonde.fr/international/video/2019/06/15/pourquoi-hongkong-est-encore-dans-la-rue_5476616_3210.html, urlToImage=https://img.lemde.fr/2019/06/09/429/0/4239/2118/1440/720/60/0/cd6cbde_5015305-01-06.jpg, publishedAt=Sat Jun 15 07:52:56 CEST 2019, content=Plus dun million de personnes, selon les organisateurs de la mobilisation, ont défilé le 9 juin dans les rues de Hongkong, qui compte sept millions dhabitants. Un record depuis la rétrocession du territoire à la Chine, en 1997. En cause, un projet de loi qui … [+1310 chars])
2019-06-22 01:24:53,514 DEBUG yncrea.isen.cir3.view.impl.MyView(1.) [Thread-6] updateArticlesHeadlines ArticleData(author=Karim El Hadj, title=Vidéo. Urgences : comment expliquer la crise dans les hôpitaux ?, description=Vidéo - Manque de médecins généralistes, manque de lits, postes vacants… les origines de la crise que traversent actuellement les services d’urgence sont multiples., url=https://www.lemonde.fr/sante/video/2019/06/14/urgences-la-crise-expliquee-en-chiffres_5476492_1651302.html, urlToImage=https://img.lemde.fr/2019/06/14/0/0/3828/1914/1440/720/60/0/b43df41_2Al3r5Q5vAcQFsmG6N22cU6D.jpg, publishedAt=Fri Jun 14 20:10:32 CEST 2019, content=Depuis le 18 mars, les grèves sétendent dans les services durgences. Dans des dizaines dhôpitaux, partout en France, cest le malaise. Chaque année, 180 000 personnes passeraient la nuit sur un brancard au lieu dêtre dirigées vers un lit dans un service spécia… [+1106 chars])
2019-06-22 01:24:54,186 DEBUG yncrea.isen.cir3.view.impl.MyView(1.) [Thread-6] updateArticlesHeadlines ArticleData(author=Asia Balluffier, title=Vidéo. Coupe du monde 2019 : comment la peur du ridicule explique la plupart des penaltys ratés, description=Vidéo - En observant quelque 300 penaltys tirés dans les principales compétitions de football dans le monde, des chercheurs se sont rendu compte que les joueurs adoptaient rarement la meilleure stratégie pendant leur match., url=https://www.lemonde.fr/sport/video/2019/06/12/coupe-du-monde-2019-comment-la-peur-du-ridicule-explique-la-plupart-des-penaltys-rates_5475435_3242.html, urlToImage=https://img.lemde.fr/2019/06/03/56/0/1800/900/1440/720/60/0/962deaf_9we7KXOCFSPdOdKL7jbVFNZT.png, publishedAt=Wed Jun 12 20:51:22 CEST 2019, content=Cette vidéo a été publiée lan dernier pour le Mondial 2018. La Coupe du monde féminine de cette année est loccasion dévoquer à nouveau la peur que suscitent les penaltys chez les joueurs et joueuses de foot.
Au football, le penalty est lun des moyens les plu… [+1130 chars])
2019-06-22 01:26:55,344 DEBUG yncrea.isen.cir3.view.impl.MyView(1.) [AWT-EventQueue-0] ActionEvent :  java.awt.event.ActionEvent[ACTION_PERFORMED,cmd=Get Headlines,when=1561159613938,modifiers=Button1] on javax.swing.JButton[,0,0,121x26,alignmentX=0.0,alignmentY=0.5,border=javax.swing.plaf.BorderUIResource$CompoundBorderUIResource@4d2f2173,flags=296,maximumSize=,minimumSize=,preferredSize=,defaultIcon=,disabledIcon=,disabledSelectedIcon=,margin=javax.swing.plaf.InsetsUIResource[top=2,left=14,bottom=2,right=14],paintBorder=true,paintFocus=true,pressedIcon=,rolloverEnabled=true,rolloverIcon=,rolloverSelectedIcon=,selectedIcon=,text=Get Headlines,defaultCapable=true]
2019-06-22 01:26:55,375 INFO yncrea.isen.cir3.model.impl.MyDefaultArticleModel(1.) [AWT-EventQueue-0] get headlines
2019-06-22 01:27:00,328 INFO yncrea.isen.cir3.model.impl.MyDefaultArticleModel$getHeadlines$2(1.) [Thread-6] StatusCode : 200
2019-06-22 01:27:00,328 INFO yncrea.isen.cir3.model.impl.MyDefaultArticleModel$$special$$inlined$observable$2(1.) [Thread-6] ArticlesHeadlines property change, notify observer
2019-06-22 01:27:00,328 INFO yncrea.isen.cir3.view.impl.MyView(1.) [Thread-6] receive articles data
2019-06-22 01:27:00,328 DEBUG yncrea.isen.cir3.view.impl.MyView(1.) [Thread-6] updateArticlesHeadlines ArticleData(author=Vincent Fagot, title=Lenovo ne veut plus se limiter à être un « simple » fabricant de matériel informatique, description=Le groupe chinois, numéro un mondial sur le marché du PC, veut développer une offre de services à destination des entreprises., url=https://www.lemonde.fr/economie/article/2019/06/21/lenovo-ne-veut-plus-se-limiter-a-etre-un-simple-fabricant-de-materiel-informatique_5479854_3234.html, urlToImage=https://img.lemde.fr/2019/06/21/356/0/4256/2128/1440/720/60/0/96b5044_DXxLkay3BDPGk1HL5DWZnv3S.jpg, publishedAt=Fri Jun 21 16:43:42 CEST 2019, content=Article réservé aux abonnés
Dans le classement des cent marques les plus puissantes au monde paru mardi 11 juin dans le Financial Times, ne figurent que deux fabricants dordinateurs, tout en bas de la liste : Dell (81e) et HP (93e). Lenovo, lui, ny figure pa… [+2371 chars])
2019-06-22 01:27:00,859 DEBUG yncrea.isen.cir3.view.impl.MyView(1.) [Thread-6] updateArticlesHeadlines ArticleData(author=Matthieu Auzanneau, Maxence Cordiez, title=Extraction minière : « Sortir des énergies fossiles est une nécessité vitale pour la France, qui n’a toujours pas de pétrole et manque d’idées neuves », description=Dès 2025, l’économie mondiale manquera de pétrole à bon marché. La cause du climat rejoindra celle de la croissance, observent, dans une tribune au « Monde », les chercheurs Matthieu Auzanneau et Maxence Cordiez., url=https://www.lemonde.fr/idees/article/2019/06/21/extraction-miniere-sortir-des-energies-fossiles-est-une-necessite-vitale-pour-la-france-qui-n-a-toujours-pas-de-petrole-et-manque-d-idees-neuves_5479747_3232.html, urlToImage=https://img.lemde.fr/2019/06/20/597/0/7142/3571/1440/720/60/0/c65b82d_aXnw4BVJJ1kOLYIeQotmsbOB.jpg, publishedAt=Fri Jun 21 13:52:51 CEST 2019, content=Matthieu Auzanneau
Directeur du Shift Project, groupe de réflexion sur la transition énergétique
Maxence Cordiez
Ingénieur chercheur au Commissariat à l'énergie atomique et aux énergies alternatives /CEA
Dès 2025, léconomie mondiale manquera de pétrole à … [+3184 chars])
2019-06-22 01:27:02,343 DEBUG yncrea.isen.cir3.view.impl.MyView(1.) [Thread-6] updateArticlesHeadlines ArticleData(author=Marc Semo, title=Marc Pierini : « Pour le président Erdogan, celui qui tient Istanbul tient la Turquie », description=Après l’annulation, fin mars, de la victoire du candidat de l’opposition par le régime de Recep Tayyip Erdogan, la nouvelle élection municipale d’Istanbul, le 23 juin, représente un moment crucial pour le pays., url=https://www.lemonde.fr/international/article/2019/06/21/marc-pierini-pour-le-president-erdogan-celui-qui-tient-istanbul-tient-la-turquie_5479700_3210.html, urlToImage=https://img.lemde.fr/2019/05/29/340/0/3500/1750/1440/720/60/0/e9291c8_FFF-IST19_TURKEY-ANNIVERSARY-_0529_11.JPG, publishedAt=Fri Jun 21 12:20:22 CEST 2019, content=Article réservé aux abonnés
Ancien ambassadeur de lUnion européenne (UE) à Ankara, après avoir été notamment ambassadeur de France au Maroc, puis de lUE à Damas et à Tripoli, Marc Pierini est actuellement chercheur invité au Centre Carnegie de Bruxelles.
Ma… [+2725 chars])
2019-06-22 01:27:03,734 DEBUG yncrea.isen.cir3.view.impl.MyView(1.) [Thread-6] updateArticlesHeadlines ArticleData(author=Philippe Escande, title=« Les très chers portables de Donald Trump et Xi Jinping », description=Les dirigeants américains et chinois se retrouveront au G20 d’Osaka vendredi 28 juin. Ils parleront à coup sûr de Huawei et Apple, leurs deux géants nationaux de la téléphonie mobile, explique Philippe Escande, éditorialiste économique au « Monde »., url=https://www.lemonde.fr/economie/article/2019/06/21/les-tres-chers-portables-de-donald-trump-et-xi-jinping_5479621_3234.html, urlToImage=https://img.lemde.fr/2019/06/21/300/0/3600/1800/1440/720/60/0/96805b0_oUSk5XjdfvN7Ba3yXR6_XMK1.jpg, publishedAt=Fri Jun 21 11:15:10 CEST 2019, content=Le président américain Donald Trump et le président chinois Xi Jinping, lors dun dîner entre les deux chefs dEtat, à Pékin, le 9 novembre 2017. Jonathan Ernst / REUTERS
Pertes et profits. Donald Trump et Xi Jinping sont comme tout le monde. Quand ils se renc… [+2850 chars])
2019-06-22 01:27:04,671 DEBUG yncrea.isen.cir3.view.impl.MyView(1.) [Thread-6] updateArticlesHeadlines ArticleData(author=Natia Navrouzov, title=« La France doit rapatrier ses ressortissants en Irak pour rendre justice aux Yézidis », description=Le rôle des Français qui ont rejoint les rangs de l’organisation Etat islamique dans les crimes commis contre la minorité de la région du Sinjar doit être établi par la justice française. Cet élément trop souvent oublié dans le débat, estime l’avocate Natia N…, url=https://www.lemonde.fr/idees/article/2019/06/21/la-france-doit-rapatrier-ses-ressortissants-en-irak-pour-rendre-justice-aux-yezidis_5479552_3232.html, urlToImage=https://img.lemde.fr/2015/02/04/95/0/4928/2464/1440/720/60/0/e2c748d_10823-f541db.jpg, publishedAt=Fri Jun 21 10:16:07 CEST 2019, content=« Il est impossible que les onze Français condamnés à mort aient pu ignorer le sort horrible réservé par leur groupe à cette communauté depuis août 2014 »(Photo: manifestation, en majorité de femmes, de soutien aux yézidis et aux chrétiens dIrak à Paris, le 1… [+3251 chars])
2019-06-22 01:27:05,639 DEBUG yncrea.isen.cir3.view.impl.MyView(1.) [Thread-6] updateArticlesHeadlines ArticleData(author=Guy Dutheil, title=Au salon du Bourget, Airbus signe des contrats pour 50 milliards de dollars, description=L’avionneur européen a réussi le lancement de l’A321 XLR, la nouvelle version de son moyen-courrier. Son rival américain Boeing a annoncé la reprise des ventes du 737 MAX, interdit de vol depuis mars., url=https://www.lemonde.fr/economie/article/2019/06/21/au-bourget-airbus-et-safran-font-le-plein-de-commandes-boeing-sauve-la-face_5479537_3234.html, urlToImage=https://img.lemde.fr/2019/06/21/85/0/5054/2527/1440/720/60/0/35a258a_c_gSMMtoXAp189kZ4V5IShoD.jpg, publishedAt=Fri Jun 21 09:49:06 CEST 2019, content=Article réservé aux abonnés
Au Salon du Bourget, près de Paris, mercredi 19 juin. PASCAL ROSSIGNOL / REUTERS
Au Bourget, avionneurs et équipementiers avaient le sourire, jeudi 20 juin, à lissue des journées réservées aux professionnels du Salon internationa… [+2489 chars])
2019-06-22 01:27:07,217 DEBUG yncrea.isen.cir3.view.impl.MyView(1.) [Thread-6] updateArticlesHeadlines ArticleData(author=null, title=Vidéo. Des « hublots » sur des vaches : L214 filme une pratique ancienne mais débattue, description=Vidéo - L’association L214 diffuse des images de bovins équipés de canules – hublots en plastique permettant un accès direct à leur rumen, provenant d’un centre de recherche privé sur la nutrition animale., url=https://www.lemonde.fr/festival/video/2019/06/20/des-hublots-sur-des-vaches-l214-filme-une-pratique-ancienne-mais-debattue_5478830_4415198.html, urlToImage=https://img.lemde.fr/2019/06/19/29/0/960/480/1440/720/60/0/49572cd_Ma1EfmaEiI554t10IexClxtf.JPG, publishedAt=Thu Jun 20 07:56:58 CEST 2019, content=Ces images de vaches porteuses de canules, aussi appelées vaches fistulées, tournées en février et mai 2019, ont été obtenues par lassociation L214. Les canules, qui permettent un accès direct à la panse des bovins, servent à observer et étudier leur digestio… [+848 chars])
2019-06-22 01:27:08,670 DEBUG yncrea.isen.cir3.view.impl.MyView(1.) [Thread-6] updateArticlesHeadlines ArticleData(author=null, title=Vidéo. Pourquoi Hongkong est (encore) dans la rue, description=Vidéo - Un million de personnes ont défilé le 9 juin dans les rues de Hongkong, un record depuis la rétrocession du territoire à la Chine en 1997. Mais depuis dix ans, ces manifestations monstres se succèdent. Explication en vidéo., url=https://www.lemonde.fr/international/video/2019/06/15/pourquoi-hongkong-est-encore-dans-la-rue_5476616_3210.html, urlToImage=https://img.lemde.fr/2019/06/09/429/0/4239/2118/1440/720/60/0/cd6cbde_5015305-01-06.jpg, publishedAt=Sat Jun 15 07:52:56 CEST 2019, content=Plus dun million de personnes, selon les organisateurs de la mobilisation, ont défilé le 9 juin dans les rues de Hongkong, qui compte sept millions dhabitants. Un record depuis la rétrocession du territoire à la Chine, en 1997. En cause, un projet de loi qui … [+1310 chars])
2019-06-22 01:27:11,468 DEBUG yncrea.isen.cir3.view.impl.MyView(1.) [Thread-6] updateArticlesHeadlines ArticleData(author=Karim El Hadj, title=Vidéo. Urgences : comment expliquer la crise dans les hôpitaux ?, description=Vidéo - Manque de médecins généralistes, manque de lits, postes vacants… les origines de la crise que traversent actuellement les services d’urgence sont multiples., url=https://www.lemonde.fr/sante/video/2019/06/14/urgences-la-crise-expliquee-en-chiffres_5476492_1651302.html, urlToImage=https://img.lemde.fr/2019/06/14/0/0/3828/1914/1440/720/60/0/b43df41_2Al3r5Q5vAcQFsmG6N22cU6D.jpg, publishedAt=Fri Jun 14 20:10:32 CEST 2019, content=Depuis le 18 mars, les grèves sétendent dans les services durgences. Dans des dizaines dhôpitaux, partout en France, cest le malaise. Chaque année, 180 000 personnes passeraient la nuit sur un brancard au lieu dêtre dirigées vers un lit dans un service spécia… [+1106 chars])
2019-06-22 01:27:12,171 DEBUG yncrea.isen.cir3.view.impl.MyView(1.) [Thread-6] updateArticlesHeadlines ArticleData(author=Asia Balluffier, title=Vidéo. Coupe du monde 2019 : comment la peur du ridicule explique la plupart des penaltys ratés, description=Vidéo - En observant quelque 300 penaltys tirés dans les principales compétitions de football dans le monde, des chercheurs se sont rendu compte que les joueurs adoptaient rarement la meilleure stratégie pendant leur match., url=https://www.lemonde.fr/sport/video/2019/06/12/coupe-du-monde-2019-comment-la-peur-du-ridicule-explique-la-plupart-des-penaltys-rates_5475435_3242.html, urlToImage=https://img.lemde.fr/2019/06/03/56/0/1800/900/1440/720/60/0/962deaf_9we7KXOCFSPdOdKL7jbVFNZT.png, publishedAt=Wed Jun 12 20:51:22 CEST 2019, content=Cette vidéo a été publiée lan dernier pour le Mondial 2018. La Coupe du monde féminine de cette année est loccasion dévoquer à nouveau la peur que suscitent les penaltys chez les joueurs et joueuses de foot.
Au football, le penalty est lun des moyens les plu… [+1130 chars])
2019-06-22 01:35:24,961 DEBUG yncrea.isen.cir3.view.impl.MyView(1.) [AWT-EventQueue-0] ActionEvent :  java.awt.event.ActionEvent[ACTION_PERFORMED,cmd=Get Articles,when=1561160123524,modifiers=Button1] on javax.swing.JButton[,363,0,121x26,alignmentX=0.0,alignmentY=0.5,border=javax.swing.plaf.BorderUIResource$CompoundBorderUIResource@48d81ecc,flags=296,maximumSize=,minimumSize=,preferredSize=,defaultIcon=,disabledIcon=,disabledSelectedIcon=,margin=javax.swing.plaf.InsetsUIResource[top=2,left=14,bottom=2,right=14],paintBorder=true,paintFocus=true,pressedIcon=,rolloverEnabled=true,rolloverIcon=,rolloverSelectedIcon=,selectedIcon=,text=Get Articles,defaultCapable=true]
2019-06-22 01:36:07,600 DEBUG yncrea.isen.cir3.view.impl.MyView(1.) [AWT-EventQueue-0] ActionEvent :  java.awt.event.ActionEvent[ACTION_PERFORMED,cmd=Get Headlines,when=1561160167600,modifiers=Button1] on javax.swing.JButton[,0,0,121x26,alignmentX=0.0,alignmentY=0.5,border=javax.swing.plaf.BorderUIResource$CompoundBorderUIResource@48d81ecc,flags=296,maximumSize=,minimumSize=,preferredSize=,defaultIcon=,disabledIcon=,disabledSelectedIcon=,margin=javax.swing.plaf.InsetsUIResource[top=2,left=14,bottom=2,right=14],paintBorder=true,paintFocus=true,pressedIcon=,rolloverEnabled=true,rolloverIcon=,rolloverSelectedIcon=,selectedIcon=,text=Get Headlines,defaultCapable=true]
2019-06-22 01:44:04,981 DEBUG yncrea.isen.cir3.view.impl.MyView(1.) [AWT-EventQueue-0] ActionEvent :  java.awt.event.ActionEvent[ACTION_PERFORMED,cmd=Get Headlines,when=1561160643559,modifiers=Button1] on javax.swing.JButton[,0,0,121x26,alignmentX=0.0,alignmentY=0.5,border=javax.swing.plaf.BorderUIResource$CompoundBorderUIResource@71900be7,flags=296,maximumSize=,minimumSize=,preferredSize=,defaultIcon=,disabledIcon=,disabledSelectedIcon=,margin=javax.swing.plaf.InsetsUIResource[top=2,left=14,bottom=2,right=14],paintBorder=true,paintFocus=true,pressedIcon=,rolloverEnabled=true,rolloverIcon=,rolloverSelectedIcon=,selectedIcon=,text=Get Headlines,defaultCapable=true]
2019-06-22 01:44:44,315 DEBUG yncrea.isen.cir3.view.impl.MyView(1.) [AWT-EventQueue-0] ActionEvent :  java.awt.event.ActionEvent[ACTION_PERFORMED,cmd=Get Headlines,when=1561160682550,modifiers=Button1] on javax.swing.JButton[,0,0,121x26,alignmentX=0.0,alignmentY=0.5,border=javax.swing.plaf.BorderUIResource$CompoundBorderUIResource@58ec80b0,flags=296,maximumSize=,minimumSize=,preferredSize=,defaultIcon=,disabledIcon=,disabledSelectedIcon=,margin=javax.swing.plaf.InsetsUIResource[top=2,left=14,bottom=2,right=14],paintBorder=true,paintFocus=true,pressedIcon=,rolloverEnabled=true,rolloverIcon=,rolloverSelectedIcon=,selectedIcon=,text=Get Headlines,defaultCapable=true]
2019-06-22 01:45:20,549 DEBUG yncrea.isen.cir3.view.impl.MyView(1.) [AWT-EventQueue-0] ActionEvent :  java.awt.event.ActionEvent[ACTION_PERFORMED,cmd=Get Headlines,when=1561160718987,modifiers=Button1] on javax.swing.JButton[,0,0,121x26,alignmentX=0.0,alignmentY=0.5,border=javax.swing.plaf.BorderUIResource$CompoundBorderUIResource@4fca8e6b,flags=296,maximumSize=,minimumSize=,preferredSize=,defaultIcon=,disabledIcon=,disabledSelectedIcon=,margin=javax.swing.plaf.InsetsUIResource[top=2,left=14,bottom=2,right=14],paintBorder=true,paintFocus=true,pressedIcon=,rolloverEnabled=true,rolloverIcon=,rolloverSelectedIcon=,selectedIcon=,text=Get Headlines,defaultCapable=true]
2019-06-22 01:45:20,580 INFO yncrea.isen.cir3.model.impl.MyDefaultArticleModel(1.) [AWT-EventQueue-0] get headlines
2019-06-22 01:45:22,705 INFO yncrea.isen.cir3.model.impl.MyDefaultArticleModel$getHeadlines$2(1.) [Thread-6] StatusCode : 200
2019-06-22 01:45:22,705 INFO yncrea.isen.cir3.model.impl.MyDefaultArticleModel$$special$$inlined$observable$2(1.) [Thread-6] ArticlesHeadlines property change, notify observer
2019-06-22 01:45:22,705 INFO yncrea.isen.cir3.view.impl.MyView(1.) [Thread-6] receive articles data
2019-06-22 01:45:22,705 DEBUG yncrea.isen.cir3.view.impl.MyView(1.) [Thread-6] updateArticlesHeadlines ArticleData(author=Vincent Fagot, title=Lenovo ne veut plus se limiter à être un « simple » fabricant de matériel informatique, description=Le groupe chinois, numéro un mondial sur le marché du PC, veut développer une offre de services à destination des entreprises., url=https://www.lemonde.fr/economie/article/2019/06/21/lenovo-ne-veut-plus-se-limiter-a-etre-un-simple-fabricant-de-materiel-informatique_5479854_3234.html, urlToImage=https://img.lemde.fr/2019/06/21/356/0/4256/2128/1440/720/60/0/96b5044_DXxLkay3BDPGk1HL5DWZnv3S.jpg, publishedAt=Fri Jun 21 16:43:42 CEST 2019, content=Article réservé aux abonnés
Dans le classement des cent marques les plus puissantes au monde paru mardi 11 juin dans le Financial Times, ne figurent que deux fabricants dordinateurs, tout en bas de la liste : Dell (81e) et HP (93e). Lenovo, lui, ny figure pa… [+2371 chars])
2019-06-22 01:45:23,220 DEBUG yncrea.isen.cir3.view.impl.MyView(1.) [Thread-6] updateArticlesHeadlines ArticleData(author=Matthieu Auzanneau, Maxence Cordiez, title=Extraction minière : « Sortir des énergies fossiles est une nécessité vitale pour la France, qui n’a toujours pas de pétrole et manque d’idées neuves », description=Dès 2025, l’économie mondiale manquera de pétrole à bon marché. La cause du climat rejoindra celle de la croissance, observent, dans une tribune au « Monde », les chercheurs Matthieu Auzanneau et Maxence Cordiez., url=https://www.lemonde.fr/idees/article/2019/06/21/extraction-miniere-sortir-des-energies-fossiles-est-une-necessite-vitale-pour-la-france-qui-n-a-toujours-pas-de-petrole-et-manque-d-idees-neuves_5479747_3232.html, urlToImage=https://img.lemde.fr/2019/06/20/597/0/7142/3571/1440/720/60/0/c65b82d_aXnw4BVJJ1kOLYIeQotmsbOB.jpg, publishedAt=Fri Jun 21 13:52:51 CEST 2019, content=Matthieu Auzanneau
Directeur du Shift Project, groupe de réflexion sur la transition énergétique
Maxence Cordiez
Ingénieur chercheur au Commissariat à l'énergie atomique et aux énergies alternatives /CEA
Dès 2025, léconomie mondiale manquera de pétrole à … [+3184 chars])
2019-06-22 01:45:23,439 DEBUG yncrea.isen.cir3.view.impl.MyView(1.) [Thread-6] updateArticlesHeadlines ArticleData(author=Marc Semo, title=Marc Pierini : « Pour le président Erdogan, celui qui tient Istanbul tient la Turquie », description=Après l’annulation, fin mars, de la victoire du candidat de l’opposition par le régime de Recep Tayyip Erdogan, la nouvelle élection municipale d’Istanbul, le 23 juin, représente un moment crucial pour le pays., url=https://www.lemonde.fr/international/article/2019/06/21/marc-pierini-pour-le-president-erdogan-celui-qui-tient-istanbul-tient-la-turquie_5479700_3210.html, urlToImage=https://img.lemde.fr/2019/05/29/340/0/3500/1750/1440/720/60/0/e9291c8_FFF-IST19_TURKEY-ANNIVERSARY-_0529_11.JPG, publishedAt=Fri Jun 21 12:20:22 CEST 2019, content=Article réservé aux abonnés
Ancien ambassadeur de lUnion européenne (UE) à Ankara, après avoir été notamment ambassadeur de France au Maroc, puis de lUE à Damas et à Tripoli, Marc Pierini est actuellement chercheur invité au Centre Carnegie de Bruxelles.
Ma… [+2725 chars])
2019-06-22 01:45:23,658 DEBUG yncrea.isen.cir3.view.impl.MyView(1.) [Thread-6] updateArticlesHeadlines ArticleData(author=Philippe Escande, title=« Les très chers portables de Donald Trump et Xi Jinping », description=Les dirigeants américains et chinois se retrouveront au G20 d’Osaka vendredi 28 juin. Ils parleront à coup sûr de Huawei et Apple, leurs deux géants nationaux de la téléphonie mobile, explique Philippe Escande, éditorialiste économique au « Monde »., url=https://www.lemonde.fr/economie/article/2019/06/21/les-tres-chers-portables-de-donald-trump-et-xi-jinping_5479621_3234.html, urlToImage=https://img.lemde.fr/2019/06/21/300/0/3600/1800/1440/720/60/0/96805b0_oUSk5XjdfvN7Ba3yXR6_XMK1.jpg, publishedAt=Fri Jun 21 11:15:10 CEST 2019, content=Le président américain Donald Trump et le président chinois Xi Jinping, lors dun dîner entre les deux chefs dEtat, à Pékin, le 9 novembre 2017. Jonathan Ernst / REUTERS
Pertes et profits. Donald Trump et Xi Jinping sont comme tout le monde. Quand ils se renc… [+2850 chars])
2019-06-22 01:45:23,876 DEBUG yncrea.isen.cir3.view.impl.MyView(1.) [Thread-6] updateArticlesHeadlines ArticleData(author=Natia Navrouzov, title=« La France doit rapatrier ses ressortissants en Irak pour rendre justice aux Yézidis », description=Le rôle des Français qui ont rejoint les rangs de l’organisation Etat islamique dans les crimes commis contre la minorité de la région du Sinjar doit être établi par la justice française. Cet élément trop souvent oublié dans le débat, estime l’avocate Natia N…, url=https://www.lemonde.fr/idees/article/2019/06/21/la-france-doit-rapatrier-ses-ressortissants-en-irak-pour-rendre-justice-aux-yezidis_5479552_3232.html, urlToImage=https://img.lemde.fr/2015/02/04/95/0/4928/2464/1440/720/60/0/e2c748d_10823-f541db.jpg, publishedAt=Fri Jun 21 10:16:07 CEST 2019, content=« Il est impossible que les onze Français condamnés à mort aient pu ignorer le sort horrible réservé par leur groupe à cette communauté depuis août 2014 »(Photo: manifestation, en majorité de femmes, de soutien aux yézidis et aux chrétiens dIrak à Paris, le 1… [+3251 chars])
2019-06-22 01:45:24,907 DEBUG yncrea.isen.cir3.view.impl.MyView(1.) [Thread-6] updateArticlesHeadlines ArticleData(author=Guy Dutheil, title=Au salon du Bourget, Airbus signe des contrats pour 50 milliards de dollars, description=L’avionneur européen a réussi le lancement de l’A321 XLR, la nouvelle version de son moyen-courrier. Son rival américain Boeing a annoncé la reprise des ventes du 737 MAX, interdit de vol depuis mars., url=https://www.lemonde.fr/economie/article/2019/06/21/au-bourget-airbus-et-safran-font-le-plein-de-commandes-boeing-sauve-la-face_5479537_3234.html, urlToImage=https://img.lemde.fr/2019/06/21/85/0/5054/2527/1440/720/60/0/35a258a_c_gSMMtoXAp189kZ4V5IShoD.jpg, publishedAt=Fri Jun 21 09:49:06 CEST 2019, content=Article réservé aux abonnés
Au Salon du Bourget, près de Paris, mercredi 19 juin. PASCAL ROSSIGNOL / REUTERS
Au Bourget, avionneurs et équipementiers avaient le sourire, jeudi 20 juin, à lissue des journées réservées aux professionnels du Salon internationa… [+2489 chars])
2019-06-22 01:45:26,641 DEBUG yncrea.isen.cir3.view.impl.MyView(1.) [Thread-6] updateArticlesHeadlines ArticleData(author=null, title=Vidéo. Des « hublots » sur des vaches : L214 filme une pratique ancienne mais débattue, description=Vidéo - L’association L214 diffuse des images de bovins équipés de canules – hublots en plastique permettant un accès direct à leur rumen, provenant d’un centre de recherche privé sur la nutrition animale., url=https://www.lemonde.fr/festival/video/2019/06/20/des-hublots-sur-des-vaches-l214-filme-une-pratique-ancienne-mais-debattue_5478830_4415198.html, urlToImage=https://img.lemde.fr/2019/06/19/29/0/960/480/1440/720/60/0/49572cd_Ma1EfmaEiI554t10IexClxtf.JPG, publishedAt=Thu Jun 20 07:56:58 CEST 2019, content=Ces images de vaches porteuses de canules, aussi appelées vaches fistulées, tournées en février et mai 2019, ont été obtenues par lassociation L214. Les canules, qui permettent un accès direct à la panse des bovins, servent à observer et étudier leur digestio… [+848 chars])
2019-06-22 01:45:28,177 DEBUG yncrea.isen.cir3.view.impl.MyView(1.) [Thread-6] updateArticlesHeadlines ArticleData(author=null, title=Vidéo. Pourquoi Hongkong est (encore) dans la rue, description=Vidéo - Un million de personnes ont défilé le 9 juin dans les rues de Hongkong, un record depuis la rétrocession du territoire à la Chine en 1997. Mais depuis dix ans, ces manifestations monstres se succèdent. Explication en vidéo., url=https://www.lemonde.fr/international/video/2019/06/15/pourquoi-hongkong-est-encore-dans-la-rue_5476616_3210.html, urlToImage=https://img.lemde.fr/2019/06/09/429/0/4239/2118/1440/720/60/0/cd6cbde_5015305-01-06.jpg, publishedAt=Sat Jun 15 07:52:56 CEST 2019, content=Plus dun million de personnes, selon les organisateurs de la mobilisation, ont défilé le 9 juin dans les rues de Hongkong, qui compte sept millions dhabitants. Un record depuis la rétrocession du territoire à la Chine, en 1997. En cause, un projet de loi qui … [+1310 chars])
2019-06-22 01:45:30,960 DEBUG yncrea.isen.cir3.view.impl.MyView(1.) [Thread-6] updateArticlesHeadlines ArticleData(author=Karim El Hadj, title=Vidéo. Urgences : comment expliquer la crise dans les hôpitaux ?, description=Vidéo - Manque de médecins généralistes, manque de lits, postes vacants… les origines de la crise que traversent actuellement les services d’urgence sont multiples., url=https://www.lemonde.fr/sante/video/2019/06/14/urgences-la-crise-expliquee-en-chiffres_5476492_1651302.html, urlToImage=https://img.lemde.fr/2019/06/14/0/0/3828/1914/1440/720/60/0/b43df41_2Al3r5Q5vAcQFsmG6N22cU6D.jpg, publishedAt=Fri Jun 14 20:10:32 CEST 2019, content=Depuis le 18 mars, les grèves sétendent dans les services durgences. Dans des dizaines dhôpitaux, partout en France, cest le malaise. Chaque année, 180 000 personnes passeraient la nuit sur un brancard au lieu dêtre dirigées vers un lit dans un service spécia… [+1106 chars])
2019-06-22 01:45:31,695 DEBUG yncrea.isen.cir3.view.impl.MyView(1.) [Thread-6] updateArticlesHeadlines ArticleData(author=Asia Balluffier, title=Vidéo. Coupe du monde 2019 : comment la peur du ridicule explique la plupart des penaltys ratés, description=Vidéo - En observant quelque 300 penaltys tirés dans les principales compétitions de football dans le monde, des chercheurs se sont rendu compte que les joueurs adoptaient rarement la meilleure stratégie pendant leur match., url=https://www.lemonde.fr/sport/video/2019/06/12/coupe-du-monde-2019-comment-la-peur-du-ridicule-explique-la-plupart-des-penaltys-rates_5475435_3242.html, urlToImage=https://img.lemde.fr/2019/06/03/56/0/1800/900/1440/720/60/0/962deaf_9we7KXOCFSPdOdKL7jbVFNZT.png, publishedAt=Wed Jun 12 20:51:22 CEST 2019, content=Cette vidéo a été publiée lan dernier pour le Mondial 2018. La Coupe du monde féminine de cette année est loccasion dévoquer à nouveau la peur que suscitent les penaltys chez les joueurs et joueuses de foot.
Au football, le penalty est lun des moyens les plu… [+1130 chars])
2019-06-22 01:45:35,381 DEBUG yncrea.isen.cir3.view.impl.MyView(1.) [AWT-EventQueue-0] ActionEvent :  java.awt.event.ActionEvent[ACTION_PERFORMED,cmd=Get Articles,when=1561160735381,modifiers=Button1] on javax.swing.JButton[,363,0,121x26,alignmentX=0.0,alignmentY=0.5,border=javax.swing.plaf.BorderUIResource$CompoundBorderUIResource@4fca8e6b,flags=296,maximumSize=,minimumSize=,preferredSize=,defaultIcon=,disabledIcon=,disabledSelectedIcon=,margin=javax.swing.plaf.InsetsUIResource[top=2,left=14,bottom=2,right=14],paintBorder=true,paintFocus=true,pressedIcon=,rolloverEnabled=true,rolloverIcon=,rolloverSelectedIcon=,selectedIcon=,text=Get Articles,defaultCapable=true]
2019-06-22 01:45:35,381 INFO yncrea.isen.cir3.model.impl.MyDefaultArticleModel(1.) [AWT-EventQueue-0] get articles for page 1
2019-06-22 01:45:36,256 INFO yncrea.isen.cir3.model.impl.MyDefaultArticleModel$getArticlesForPage$2(1.) [Thread-6] StatusCode : 200
2019-06-22 01:45:36,256 INFO yncrea.isen.cir3.model.impl.MyDefaultArticleModel$$special$$inlined$observable$1(1.) [Thread-6] Articles property change, notify observer
2019-06-22 01:45:36,256 INFO yncrea.isen.cir3.view.impl.MyView(1.) [Thread-6] receive articles data
2019-06-22 01:45:36,256 DEBUG yncrea.isen.cir3.view.impl.MyView(1.) [Thread-6] updateArticles ArticleData(author=Stéphane Foucart, title=« La majorité des algorithmes échappent à un contrôle minimal, alors que leur pouvoir potentiel sur l’exercice même de la démocratie est immense », description=Dans sa chronique, Stéphane Foucart relève l’asymétrie frappante entre, d’une part, la chimie de synthèse, soumise à la régulation des pouvoirs publics, et d’autre part, l’algorithmique, pour qui une réglementation reste à écrire., url=https://www.lemonde.fr/idees/article/2019/06/22/la-majorite-des-algorithmes-echappent-a-un-controle-minimal-alors-que-leur-pouvoir-potentiel-sur-l-exercice-meme-de-la-democratie-est-immense_5479966_3232.html, urlToImage=https://img.lemde.fr/2018/10/27/298/0/5218/2609/1440/720/60/0/49fa4b8_k1UPltb3TNOHN-0Ai76i4gXo.jpg, publishedAt=Sat Jun 22 00:56:16 CEST 2019, content=Stéphane Foucart
Dans sa chronique, Stéphane Foucart relève lasymétrie frappante entre, dune part, la chimie de synthèse, soumise à la régulation des pouvoirs publics, et dautre part, lalgorithmique, pour qui une réglementation reste à écrire.
Publié le 22 … [+3155 chars])
2019-06-22 01:45:36,943 DEBUG yncrea.isen.cir3.view.impl.MyView(1.) [Thread-6] updateArticles ArticleData(author=Guillemette Faure, title=Quand les portables polluent le spectacle de fin d’année, description=Des rangées de smartphones en l’air pour immortaliser la prestation de sa progéniture, tandis que l’autre moitié des parents lit ses mails en attendant son tour. Les instituteurs disent stop., url=https://www.lemonde.fr/m-perso/article/2019/06/22/quand-les-portables-polluent-le-spectacle-de-fin-d-annee_5479963_4497916.html, urlToImage=https://img.lemde.fr/2019/06/20/324/0/3504/1750/1440/720/60/0/a439520_i8ZJ-4H4lYQ1ziIIpWFrF8Wt.jpg, publishedAt=Sat Jun 22 00:45:14 CEST 2019, content=Article réservé aux abonnés
« Little Miss Sunshine » (2006), de Jonathan Dayton et Valerie Faris. The Kobal Collection/Aurimages
Il sest passé quelque chose dinattendu lors de la restitution des cours déveil musical à la Philharmonie de Paris, mi-juin. Une … [+2482 chars])
2019-06-22 01:45:38,302 DEBUG yncrea.isen.cir3.view.impl.MyView(1.) [Thread-6] updateArticles ArticleData(author=null, title=Crimes contre l’humanité : un chef rebelle tchadien mis en examen à Paris, description=Cette arrestation intervient dans le cadre d’une enquête concernant des opérations de recrutement d’enfants soldats au Tchad et au Soudan., url=https://www.lemonde.fr/afrique/article/2019/06/21/crimes-contre-l-humanite-un-chef-rebelle-tchadien-mis-en-examen-a-paris_5479951_3212.html, urlToImage=https://img.lemde.fr/2019/06/17/256/0/2048/1024/1440/720/60/0/64e67f8_r4JV6jadUK0iWpf4DK9kQj_U.jpg, publishedAt=Fri Jun 21 23:00:00 CEST 2019, content=Le chef rebelle tchadien Mahamat Nouri a été mis en examen, vendredi 21 juin à Paris, dans le cadre dune enquête concernant des opérations de recrutement denfants soldats au Tchad et au Soudan. Soupçonné de « crimes contre lhumanité » et « participation à une… [+2628 chars])
2019-06-22 01:45:40,036 DEBUG yncrea.isen.cir3.view.impl.MyView(1.) [Thread-6] updateArticles ArticleData(author=null, title=A Grande-Synthe, la préfecture du Nord condamnée à des mesures sanitaires pour les migrants, description=Le Conseil d’Etat avait été saisi en référé par neuf associations rejointes par la commune de Grande-Synthe qui voyaient dans les « conditions de vie » de ces migrants et « l’inaction » de l’Etat une « violation de leurs droits fondamentaux »., url=https://www.lemonde.fr/societe/article/2019/06/21/a-grande-synthe-la-prefecture-du-nord-condamnee-a-des-mesures-sanitaires-pour-les-migrants_5479949_3224.html, urlToImage=https://img.lemde.fr/2017/06/03/397.5/0/4800/2400/1440/720/60/0/4cf6b73_21162-1aw29xm.seotakyb9.jpg, publishedAt=Fri Jun 21 22:31:38 CEST 2019, content=Des migrants à Grande-Synthe attendent de pouvoir gagner lAngleterre. PHILIPPE HUGUEN / AFP
Le préfet a huit jours pour sexécuter. Le Conseil dEtat a enjoint, vendredi 21 juin, à la préfecture du Nord dinstaller des points deau, douches et sanitaires « en no… [+3087 chars])
2019-06-22 01:45:42,614 DEBUG yncrea.isen.cir3.view.impl.MyView(1.) [Thread-6] updateArticles ArticleData(author=Barbara Cassin, title=Un bain de jouvence: Barbara Cassin conclut une année de chronique littéraire pour « Le Monde », description=« Une chronique, c’est un exercice corporel, un geste », écrit l’académicienne, habituée à juger et à enseigner à juger, qui revient sur une année de plaisir : celui de la lecture., url=https://www.lemonde.fr/livres/article/2019/06/21/un-bain-de-jouvence-barbara-cassin-conclut-une-annee-de-chronique-litteraire-pour-le-monde_5479946_3260.html, urlToImage=https://img.lemde.fr/2019/06/19/1108/0/4800/2397/1440/720/60/0/df8c1b1__Ix7h6mVlV3wr3qCLj9KxQ7P.jpg, publishedAt=Fri Jun 21 22:00:26 CEST 2019, content=Cette chronique « Premier roman », pour « Le Monde des livres », rien que du bonheur.
Jai passé enfin du temps à lire comme quand jétais petite, sans savoir davance ce que je cherchais, sans rien chercher dailleurs et surtout, paradoxalement, sans juger : en… [+2284 chars])
2019-06-22 01:45:44,324 DEBUG yncrea.isen.cir3.view.impl.MyView(1.) [Thread-6] updateArticles ArticleData(author=null, title=Amiante : des militaires de la marine obtiennent gain de cause face à l’Etat, description=Les anciens marins ont obtenu entre 3 000 euros et 10 000 euros en fonction du nombre d’années d’embarquement., url=https://www.lemonde.fr/police-justice/article/2019/06/21/amiante-des-militaires-de-la-marine-obtiennent-gain-de-cause-face-a-l-etat_5479944_1653578.html, urlToImage=https://img.lemde.fr/2008/01/23/30/0/512/256/1440/720/60/0/ill_1002545_arp1787895.jpg, publishedAt=Fri Jun 21 21:44:30 CEST 2019, content=Une cinquantaine de militaires de la marine nationale, qui demandaient la condamnation de lEtat pour avoir été exposés, souvent pendant de nombreuses années, à des fibres damiante, ont obtenu gain de cause, vendredi 21 juin, dans un jugement rendu par le trib… [+1955 chars])
2019-06-22 01:45:45,201 DEBUG yncrea.isen.cir3.view.impl.MyView(1.) [Thread-6] updateArticles ArticleData(author=null, title=Christian Jacob candidat à la présidence de LR, description=Dans un entretien au « Figaro », le chef des députés Les Républicains a annoncé sa candidature à la succession de Laurent Wauquiez. L’élection aura lieu en octobre prochain., url=https://www.lemonde.fr/politique/article/2019/06/21/christian-jacob-candidat-a-la-presidence-de-lr_5479942_823448.html, urlToImage=https://img.lemde.fr/2017/06/21/232/0/3500/1750/1440/720/60/0/b47aab3_PAR02_FRANCE-POLITICS-_0621_11.JPG, publishedAt=Fri Jun 21 21:18:03 CEST 2019, content=Christian Jacob à lAssemblée nationale, en 2017. REUTERS/Charles Platiau
Christian Jacob est candidat à la présidence du parti Les Républicains. Le président du groupe Les Républicains à lAssemblée nationale la annoncé dans un entretien publié vendredi 21 ju… [+2306 chars])
2019-06-22 01:45:46,498 DEBUG yncrea.isen.cir3.view.impl.MyView(1.) [Thread-6] updateArticles ArticleData(author=null, title=Aux Etats-Unis, la Cour suprême annule la peine de mort d’un homme déjà jugé six fois, description=La haute juridiction a annulé le dernier verdict au motif que les citoyens noirs avaient été volontairement écartés par l’accusation lors de la sélection des jurés, ce qui est illégal., url=https://www.lemonde.fr/international/article/2019/06/21/aux-etats-unis-la-cour-supreme-annule-la-peine-de-mort-d-un-homme-deja-juge-six-fois_5479939_3210.html, urlToImage=https://img.lemde.fr/2019/06/21/78/0/940/470/1440/720/60/0/27370ae_VgkU8nHIiTm7ltlrD8EOcOlj.jpg, publishedAt=Fri Jun 21 21:05:59 CEST 2019, content=Curtis Flowers, âgé de 49 ans, est incarcéré depuis vingt-deux ans.
Lhistoire de Curtis Flowers nen finit plus dincarner les absurdités du système judiciaire américain. La Cour suprême des Etats-Unis a annulé, vendredi 21 juin, sa condamnation à mort, alors … [+3673 chars])
2019-06-22 01:45:47,046 DEBUG yncrea.isen.cir3.view.impl.MyView(1.) [Thread-6] updateArticles ArticleData(author=null, title=La journaliste américaine Elizabeth Jean Carroll accuse Donald Trump de l’avoir agressée sexuellement, description=Avant Elizabeth Jean Carroll, une quinzaine de femmes ont déjà pris publiquement la parole pour dénoncer des agressions sexuelles de Donald Trump., url=https://www.lemonde.fr/international/article/2019/06/21/la-journaliste-americaine-elizabeth-jean-carroll-accuse-donald-trump-de-l-avoir-agressee-sexuellement_5479935_3210.html, urlToImage=https://img.lemde.fr/2019/06/19/27/0/3835/1916/1440/720/60/0/a19b4bd_f659fe36e7c544cf92efaa3441ec537a-f659fe36e7c544cf92efaa3441ec537a-0.jpg, publishedAt=Fri Jun 21 20:50:51 CEST 2019, content=Elles sont désormais une quinzaine de femmes à accuser Donald Trump dagression sexuelle. La dernière en date est la célèbre journaliste Elizabeth Jean Carroll, 75 ans, qui sest confiée au New York Magazinedans un long article publié vendredi 21 juin. Elle acc… [+2951 chars])
2019-06-22 01:45:48,859 DEBUG yncrea.isen.cir3.view.impl.MyView(1.) [Thread-6] updateArticles ArticleData(author=null, title=16 000 tonnes d’aliments et 33 millions de litres de boissons frelatés retirés du marché, description=Une opération internationale d’ampleur menée par Interpol a permis la saisie de quantités massives de boissons et d’aliments potentiellement dangereux., url=https://www.lemonde.fr/police-justice/article/2019/06/21/16-000-tonnes-d-aliments-et-33-millions-de-litres-de-boissons-frelates-retires-du-marche_5479933_1653578.html, urlToImage=https://img.lemde.fr/2018/11/09/397/0/4800/2400/1440/720/60/0/3526737_60ntD_FlgCwLRQshoo1N9wKX.jpg, publishedAt=Fri Jun 21 20:44:37 CEST 2019, content=78 pays impliqués, 117 millions de dollars (103 millions deuros) de marchandises saisies et 672 personnes arrêtés. Cest le bilan dune massive opération internationale, coordonnée par Interpol et Europol, sur le trafic de boissons et daliments potentiellement … [+2827 chars])
2019-06-22 01:45:50,500 DEBUG yncrea.isen.cir3.view.impl.MyView(1.) [Thread-6] updateArticles ArticleData(author=Syrielle Mejias, title=Iran - Etats-Unis : pourquoi le détroit d’Ormuz est-il stratégique ?, description=Vidéo - Depuis que deux pétroliers ont été attaqués au milieu du détroit d’Ormuz, le 13 juin, la tension monte entre l’Iran et les Etats-Unis., url=https://www.lemonde.fr/international/video/2019/06/21/iran-etats-unis-pourquoi-le-detroit-d-ormuz-est-il-strategique_5479931_3210.html, urlToImage=https://img.lemde.fr/2019/06/20/224/0/1999/999/1440/720/60/0/07d2322_be831a306022462b99ef67743d246ac9-be831a306022462b99ef67743d246ac9-0.jpg, publishedAt=Fri Jun 21 20:09:27 CEST 2019, content=Jeudi 13 juin, deux pétroliers ont été sabotés dans la mer dOman, au beau milieu du détroit dOrmuz. Immédiatement, les Etats-Unis ont accusé lIran dêtre responsable des attaques. Depuis, les relations entre lIran et les Etats-Unis se tendent jour après jour. … [+491 chars])
2019-06-22 01:45:51,593 DEBUG yncrea.isen.cir3.view.impl.MyView(1.) [Thread-6] updateArticles ArticleData(author=null, title=Plainte contre l’INRA pour « homicide involontaire » à la suite du décès d’une chercheuse, description=En 2010, la chercheuse âgée de 24 ans s’était piquée en manipulant des tissus biologiques de souris, infectés par des prions, agents responsables de la maladie de « la vache folle »., url=https://www.lemonde.fr/sciences/article/2019/06/21/plainte-contre-l-inra-pour-homicide-involontaire-a-la-suite-du-deces-d-une-chercheuse_5479929_1650684.html, urlToImage=https://img.lemde.fr/2019/06/21/0/0/4928/2464/1440/720/60/0/6e5a098_iOI9t8bsKu9UXAXuQiSOuble.jpg, publishedAt=Fri Jun 21 19:48:01 CEST 2019, content=La famille dune jeune chercheuse, décédée lundi 17 juin de la maladie de Creutzfeldt-Jakob, a porté plainte contre lInstitut national de recherche agronomique (INRA) où elle avait travaillé et où elle aurait été contaminée, en 2010, par un prion responsable d… [+3362 chars])
2019-06-22 01:45:52,624 DEBUG yncrea.isen.cir3.view.impl.MyView(1.) [Thread-6] updateArticles ArticleData(author=null, title=Les écoles de théâtre investissent la Cartoucherie, description=Jusqu’au 30 juin à Vincennes, les élèves des écoles supérieures de théâtre public présentent leur spectacle de fin d’études., url=https://www.lemonde.fr/culture/article/2019/06/21/les-ecoles-de-theatre-investissent-la-cartoucherie_5479927_3246.html, urlToImage=https://img.lemde.fr/2019/06/21/253/0/6480/3240/1440/720/60/0/49bfda9_9Hn_bM_aw_K4gtK9ntO6LPhk.JPG, publishedAt=Fri Jun 21 19:39:49 CEST 2019, content=Répétitions de « Comme à la maison », de Jacques Albert, par les comédiens de l'école Les Teintureries. LES TEINTURERIES
« Ici à la Cartoucherie, on est envahi par la nature. On aimerait quelle grignote des espaces à lintérieur de la ville toute proche. » Ol… [+6213 chars])
2019-06-22 01:45:54,124 DEBUG yncrea.isen.cir3.view.impl.MyView(1.) [Thread-6] updateArticles ArticleData(author=Adrien Sénécat, title=Les contre-vérités d’une vidéo hostile à l’IVG, description=Cette vidéo visionnée plus de 200 000 fois sur Facebook fait notamment croire, à tort, qu’un fœtus souffrirait au cours d’un avortement., url=https://www.lemonde.fr/les-decodeurs/article/2019/06/21/les-contre-verites-d-une-video-hostile-a-l-ivg_5479922_4355770.html, urlToImage=https://img.lemde.fr/2019/06/21/150/0/900/450/1440/720/60/0/dd4f96d_u2_3OZ5eI873UQUZASTpSXqg.png, publishedAt=Fri Jun 21 18:47:26 CEST 2019, content=Un ftus souffre-t-il violemment au cours dun avortement ? Cest ce quaffirme une vidéo publiée récemment sur Facebook, et visionnée des dizaines de milliers de fois. Il sagit en fait dun extrait dun film américain hostile à lIVG particulièrement trompeur. Expl… [+3311 chars])
2019-06-22 01:45:58,174 DEBUG yncrea.isen.cir3.view.impl.MyView(1.) [Thread-6] updateArticles ArticleData(author=null, title=Accusé de violences sur un aveugle et son accompagnateur, un chauffeur parisien sera jugé en juillet, description=La Fédération des aveugles et amblyopes de France avait dénoncé une agression « inadmissible » et invité les victimes à porter plainte., url=https://www.lemonde.fr/societe/article/2019/06/21/accuse-de-violences-sur-un-aveugle-et-son-accompagnateur-un-chauffeur-parisien-sera-juge-en-juillet_5479918_3224.html, urlToImage=https://img.lemde.fr/2019/06/21/2/0/1865/932/1440/720/60/0/b496c4e__VNoXwYrHDvyo5kchqbkbod_.JPG, publishedAt=Fri Jun 21 18:43:30 CEST 2019, content=INFO - À #Paris, un conducteur qui a faillit renverser un homme aveugle sort de sa voiture pour lui frapper dess https://t.co/6fiFGKgVqg
— AlertesInfos (@AlertesInfos) 
La vidéo a fait le tour des réseaux sociaux, suscitant colère et émotion. On y voit un h… [+1323 chars])
2019-06-22 01:45:59,299 DEBUG yncrea.isen.cir3.view.impl.MyView(1.) [Thread-6] updateArticles ArticleData(author=Chloé Martin, title=Les stéréotypes sur le viol ont la vie dure, description=Selon une enquête réalisée par Ipsos publié mercredi 19 juin, la responsabilité du violeur est atténuée pour 42 % des Français si la victime a eu une attitude provocante en public. Un tiers des sondés pensent le viol comme un « malentendu »., url=https://www.lemonde.fr/societe/article/2019/06/21/les-stereotypes-sur-le-viol-ont-la-vie-dure_5479915_3224.html, urlToImage=https://img.lemde.fr/2019/04/30/698/0/5940/2970/1440/720/60/0/e073c94_3dHfarXv7JJrgcQhZt0GNjBo.jpg, publishedAt=Fri Jun 21 18:41:44 CEST 2019, content=« Rien na vraiment changé ». Le constat est amer pour Muriel Salmona, psychiatre et présidente de lassociation Mémoire traumatique et victimologie. Celle-ci a publié mercredi 19 juin les résultats dune deuxième enquête réalisée par linstitut Ipsos, « Les Fran… [+3846 chars])
2019-06-22 01:46:01,362 DEBUG yncrea.isen.cir3.view.impl.MyView(1.) [Thread-6] updateArticles ArticleData(author=Théo Mercadier, title=Pourquoi le verdissement de la Terre n’est pas qu’une bonne nouvelle, description=La NASA a révélé que la surface de végétation avait augmenté ces vingt dernières années. Du pain béni pour les climatosceptiques, qui occultent le fait que ce verdissement participe d’un dérèglement climatique global., url=https://www.lemonde.fr/les-decodeurs/article/2019/06/21/pourquoi-le-verdissement-de-la-terre-n-est-pas-qu-une-bonne-nouvelle_5479913_4355770.html, urlToImage=https://img.lemde.fr/2019/06/21/475/0/5700/2850/1440/720/60/0/967e823_V0b9SWc7KzfzyHlU30xfafyk.jpg, publishedAt=Fri Jun 21 18:40:46 CEST 2019, content=« Cest officiel : la planète est de plus en plus verte. » Tout commence avec une étude de la NASA qui, à première vue, peut passer pour une bonne nouvelle. Après avoir analysé des relevés satellitaires effectués pendant une vingtaine dannées, lagence américai… [+6207 chars])
2019-06-22 01:46:04,939 DEBUG yncrea.isen.cir3.view.impl.MyView(1.) [Thread-6] updateArticles ArticleData(author=Raoul Mbog, title=Une nouvelle vague de mâalems déferle sur le Festival gnaoua d’Essaouira, description=Garçons ou filles, ils ont été formés par les anciens pour prendre la relève de la musique traditionnelle marocaine et aussi inventer les fusions de demain., url=https://www.lemonde.fr/afrique/article/2019/06/21/une-nouvelle-vague-de-maalems-deferle-sur-le-festival-gnaoua-d-essaouira_5479909_3212.html, urlToImage=https://img.lemde.fr/2019/06/21/0/0/554/277/1440/720/60/0/a5ad8e7_YtdBKA5FTAiuygaTQMgIUBI6.png, publishedAt=Fri Jun 21 18:34:30 CEST 2019, content=La mâalema Asma Hamzaoui et son groupe exclusivement féminin. CC 2.0/YouTube
Des percussions de rumba cubaine mêlées aux mélopées suaves des rythmes gnaoua. Un ensemble de notes produisant une musique étonnante, applaudie à tout rompre par les 100 000 à 150 … [+5857 chars])
2019-06-22 01:46:13,705 DEBUG yncrea.isen.cir3.view.impl.MyView(1.) [Thread-6] updateArticles ArticleData(author=Isabelle Regnier, title=L’architecture durable, un chantier ouvert à l’expérimentation, description=De plus en plus nombreux sont les professionnels à concevoir des constructions écologiquement vertueuses., url=https://www.lemonde.fr/culture/article/2019/06/21/l-architecture-durable-un-chantier-ouvert-a-l-experimentation_5479900_3246.html, urlToImage=https://img.lemde.fr/2019/06/21/224/0/4500/2250/1440/720/60/0/779fbc7_WeuN-jYYdKtFyJjQ4shq_VQH.jpg, publishedAt=Fri Jun 21 18:07:47 CEST 2019, content=Article réservé aux abonnés
Le projet « Ré-Génération-S Réinventer » de lagence XTu (Anouk Legendre et Nicolas Desmazières), à Paris. XTU
Larchitecture peut-elle se racheter ? Peut-elle compenser sa superproduction de déchets, sa consommation vorace de ress… [+2612 chars])
2019-06-22 01:46:15,256 DEBUG yncrea.isen.cir3.view.impl.MyView(1.) [Thread-6] updateArticles ArticleData(author=Isabelle Regnier, title=Anna Chavepayre, architecte : « Notre démarche consiste à accepter tous les espaces tels quels », description=Deuxième femme à recevoir le prix Kasper Salin, qui distingue chaque année depuis 57 ans la meilleure architecture de Suède, elle vit et travaille en France, dans le Béarn., url=https://www.lemonde.fr/culture/article/2019/06/21/anna-chavepayre-architecte-notre-demarche-consiste-a-accepter-tous-les-espaces-tels-quels_5479897_3246.html, urlToImage=https://img.lemde.fr/2019/06/21/1155/0/5198/2599/1440/720/60/0/ac81688_NI_dpjnpIDc1fsa-bsvEc2pL.jpg, publishedAt=Fri Jun 21 18:07:22 CEST 2019, content=Article réservé aux abonnés
La maison Hourré, dans le Béarn, conçue par larchitecte Anna Chavepayre (collectif Encore). MICHEL BONVIN
Deuxième femme à recevoir le prix Kasper Salin, qui distingue chaque année depuis 57 ans la meilleure architecture de Suède… [+2724 chars])
2019-06-22 01:50:46,380 DEBUG yncrea.isen.cir3.view.impl.MyView(1.) [AWT-EventQueue-0] ActionEvent :  java.awt.event.ActionEvent[ACTION_PERFORMED,cmd=Get Headlines,when=1561161044651,modifiers=Button1] on javax.swing.JButton[,0,0,146x26,alignmentX=0.0,alignmentY=0.5,border=javax.swing.plaf.BorderUIResource$CompoundBorderUIResource@2c27697,flags=296,maximumSize=,minimumSize=,preferredSize=,defaultIcon=,disabledIcon=,disabledSelectedIcon=,margin=javax.swing.plaf.InsetsUIResource[top=2,left=14,bottom=2,right=14],paintBorder=true,paintFocus=true,pressedIcon=,rolloverEnabled=true,rolloverIcon=,rolloverSelectedIcon=,selectedIcon=,text=Get Headlines,defaultCapable=true]
2019-06-22 01:50:46,408 INFO yncrea.isen.cir3.model.impl.MyDefaultArticleModel(1.) [AWT-EventQueue-0] get headlines
2019-06-22 01:50:49,270 INFO yncrea.isen.cir3.model.impl.MyDefaultArticleModel$getHeadlines$2(1.) [Thread-6] StatusCode : 200
2019-06-22 01:50:49,270 INFO yncrea.isen.cir3.model.impl.MyDefaultArticleModel$$special$$inlined$observable$2(1.) [Thread-6] ArticlesHeadlines property change, notify observer
2019-06-22 01:50:49,270 INFO yncrea.isen.cir3.view.impl.MyView(1.) [Thread-6] receive articles data
2019-06-22 01:50:49,270 DEBUG yncrea.isen.cir3.view.impl.MyView(1.) [Thread-6] updateArticlesHeadlines ArticleData(author=Vincent Fagot, title=Lenovo ne veut plus se limiter à être un « simple » fabricant de matériel informatique, description=Le groupe chinois, numéro un mondial sur le marché du PC, veut développer une offre de services à destination des entreprises., url=https://www.lemonde.fr/economie/article/2019/06/21/lenovo-ne-veut-plus-se-limiter-a-etre-un-simple-fabricant-de-materiel-informatique_5479854_3234.html, urlToImage=https://img.lemde.fr/2019/06/21/356/0/4256/2128/1440/720/60/0/96b5044_DXxLkay3BDPGk1HL5DWZnv3S.jpg, publishedAt=Fri Jun 21 16:43:42 CEST 2019, content=Article réservé aux abonnés
Dans le classement des cent marques les plus puissantes au monde paru mardi 11 juin dans le Financial Times, ne figurent que deux fabricants dordinateurs, tout en bas de la liste : Dell (81e) et HP (93e). Lenovo, lui, ny figure pa… [+2371 chars])
2019-06-22 01:50:51,453 DEBUG yncrea.isen.cir3.view.impl.MyView(1.) [Thread-6] updateArticlesHeadlines ArticleData(author=Matthieu Auzanneau, Maxence Cordiez, title=Extraction minière : « Sortir des énergies fossiles est une nécessité vitale pour la France, qui n’a toujours pas de pétrole et manque d’idées neuves », description=Dès 2025, l’économie mondiale manquera de pétrole à bon marché. La cause du climat rejoindra celle de la croissance, observent, dans une tribune au « Monde », les chercheurs Matthieu Auzanneau et Maxence Cordiez., url=https://www.lemonde.fr/idees/article/2019/06/21/extraction-miniere-sortir-des-energies-fossiles-est-une-necessite-vitale-pour-la-france-qui-n-a-toujours-pas-de-petrole-et-manque-d-idees-neuves_5479747_3232.html, urlToImage=https://img.lemde.fr/2019/06/20/597/0/7142/3571/1440/720/60/0/c65b82d_aXnw4BVJJ1kOLYIeQotmsbOB.jpg, publishedAt=Fri Jun 21 13:52:51 CEST 2019, content=Matthieu Auzanneau
Directeur du Shift Project, groupe de réflexion sur la transition énergétique
Maxence Cordiez
Ingénieur chercheur au Commissariat à l'énergie atomique et aux énergies alternatives /CEA
Dès 2025, léconomie mondiale manquera de pétrole à … [+3184 chars])
2019-06-22 01:50:53,085 DEBUG yncrea.isen.cir3.view.impl.MyView(1.) [Thread-6] updateArticlesHeadlines ArticleData(author=Marc Semo, title=Marc Pierini : « Pour le président Erdogan, celui qui tient Istanbul tient la Turquie », description=Après l’annulation, fin mars, de la victoire du candidat de l’opposition par le régime de Recep Tayyip Erdogan, la nouvelle élection municipale d’Istanbul, le 23 juin, représente un moment crucial pour le pays., url=https://www.lemonde.fr/international/article/2019/06/21/marc-pierini-pour-le-president-erdogan-celui-qui-tient-istanbul-tient-la-turquie_5479700_3210.html, urlToImage=https://img.lemde.fr/2019/05/29/340/0/3500/1750/1440/720/60/0/e9291c8_FFF-IST19_TURKEY-ANNIVERSARY-_0529_11.JPG, publishedAt=Fri Jun 21 12:20:22 CEST 2019, content=Article réservé aux abonnés
Ancien ambassadeur de lUnion européenne (UE) à Ankara, après avoir été notamment ambassadeur de France au Maroc, puis de lUE à Damas et à Tripoli, Marc Pierini est actuellement chercheur invité au Centre Carnegie de Bruxelles.
Ma… [+2725 chars])
2019-06-22 01:50:54,585 DEBUG yncrea.isen.cir3.view.impl.MyView(1.) [Thread-6] updateArticlesHeadlines ArticleData(author=Philippe Escande, title=« Les très chers portables de Donald Trump et Xi Jinping », description=Les dirigeants américains et chinois se retrouveront au G20 d’Osaka vendredi 28 juin. Ils parleront à coup sûr de Huawei et Apple, leurs deux géants nationaux de la téléphonie mobile, explique Philippe Escande, éditorialiste économique au « Monde »., url=https://www.lemonde.fr/economie/article/2019/06/21/les-tres-chers-portables-de-donald-trump-et-xi-jinping_5479621_3234.html, urlToImage=https://img.lemde.fr/2019/06/21/300/0/3600/1800/1440/720/60/0/96805b0_oUSk5XjdfvN7Ba3yXR6_XMK1.jpg, publishedAt=Fri Jun 21 11:15:10 CEST 2019, content=Le président américain Donald Trump et le président chinois Xi Jinping, lors dun dîner entre les deux chefs dEtat, à Pékin, le 9 novembre 2017. Jonathan Ernst / REUTERS
Pertes et profits. Donald Trump et Xi Jinping sont comme tout le monde. Quand ils se renc… [+2850 chars])
2019-06-22 01:50:55,547 DEBUG yncrea.isen.cir3.view.impl.MyView(1.) [Thread-6] updateArticlesHeadlines ArticleData(author=Natia Navrouzov, title=« La France doit rapatrier ses ressortissants en Irak pour rendre justice aux Yézidis », description=Le rôle des Français qui ont rejoint les rangs de l’organisation Etat islamique dans les crimes commis contre la minorité de la région du Sinjar doit être établi par la justice française. Cet élément trop souvent oublié dans le débat, estime l’avocate Natia N…, url=https://www.lemonde.fr/idees/article/2019/06/21/la-france-doit-rapatrier-ses-ressortissants-en-irak-pour-rendre-justice-aux-yezidis_5479552_3232.html, urlToImage=https://img.lemde.fr/2015/02/04/95/0/4928/2464/1440/720/60/0/e2c748d_10823-f541db.jpg, publishedAt=Fri Jun 21 10:16:07 CEST 2019, content=« Il est impossible que les onze Français condamnés à mort aient pu ignorer le sort horrible réservé par leur groupe à cette communauté depuis août 2014 »(Photo: manifestation, en majorité de femmes, de soutien aux yézidis et aux chrétiens dIrak à Paris, le 1… [+3251 chars])
2019-06-22 01:50:56,568 DEBUG yncrea.isen.cir3.view.impl.MyView(1.) [Thread-6] updateArticlesHeadlines ArticleData(author=Guy Dutheil, title=Au salon du Bourget, Airbus signe des contrats pour 50 milliards de dollars, description=L’avionneur européen a réussi le lancement de l’A321 XLR, la nouvelle version de son moyen-courrier. Son rival américain Boeing a annoncé la reprise des ventes du 737 MAX, interdit de vol depuis mars., url=https://www.lemonde.fr/economie/article/2019/06/21/au-bourget-airbus-et-safran-font-le-plein-de-commandes-boeing-sauve-la-face_5479537_3234.html, urlToImage=https://img.lemde.fr/2019/06/21/85/0/5054/2527/1440/720/60/0/35a258a_c_gSMMtoXAp189kZ4V5IShoD.jpg, publishedAt=Fri Jun 21 09:49:06 CEST 2019, content=Article réservé aux abonnés
Au Salon du Bourget, près de Paris, mercredi 19 juin. PASCAL ROSSIGNOL / REUTERS
Au Bourget, avionneurs et équipementiers avaient le sourire, jeudi 20 juin, à lissue des journées réservées aux professionnels du Salon internationa… [+2489 chars])
2019-06-22 01:50:58,289 DEBUG yncrea.isen.cir3.view.impl.MyView(1.) [Thread-6] updateArticlesHeadlines ArticleData(author=null, title=Vidéo. Des « hublots » sur des vaches : L214 filme une pratique ancienne mais débattue, description=Vidéo - L’association L214 diffuse des images de bovins équipés de canules – hublots en plastique permettant un accès direct à leur rumen, provenant d’un centre de recherche privé sur la nutrition animale., url=https://www.lemonde.fr/festival/video/2019/06/20/des-hublots-sur-des-vaches-l214-filme-une-pratique-ancienne-mais-debattue_5478830_4415198.html, urlToImage=https://img.lemde.fr/2019/06/19/29/0/960/480/1440/720/60/0/49572cd_Ma1EfmaEiI554t10IexClxtf.JPG, publishedAt=Thu Jun 20 07:56:58 CEST 2019, content=Ces images de vaches porteuses de canules, aussi appelées vaches fistulées, tournées en février et mai 2019, ont été obtenues par lassociation L214. Les canules, qui permettent un accès direct à la panse des bovins, servent à observer et étudier leur digestio… [+848 chars])
2019-06-22 01:50:59,705 DEBUG yncrea.isen.cir3.view.impl.MyView(1.) [Thread-6] updateArticlesHeadlines ArticleData(author=null, title=Vidéo. Pourquoi Hongkong est (encore) dans la rue, description=Vidéo - Un million de personnes ont défilé le 9 juin dans les rues de Hongkong, un record depuis la rétrocession du territoire à la Chine en 1997. Mais depuis dix ans, ces manifestations monstres se succèdent. Explication en vidéo., url=https://www.lemonde.fr/international/video/2019/06/15/pourquoi-hongkong-est-encore-dans-la-rue_5476616_3210.html, urlToImage=https://img.lemde.fr/2019/06/09/429/0/4239/2118/1440/720/60/0/cd6cbde_5015305-01-06.jpg, publishedAt=Sat Jun 15 07:52:56 CEST 2019, content=Plus dun million de personnes, selon les organisateurs de la mobilisation, ont défilé le 9 juin dans les rues de Hongkong, qui compte sept millions dhabitants. Un record depuis la rétrocession du territoire à la Chine, en 1997. En cause, un projet de loi qui … [+1310 chars])
2019-06-22 01:51:02,353 DEBUG yncrea.isen.cir3.view.impl.MyView(1.) [Thread-6] updateArticlesHeadlines ArticleData(author=Karim El Hadj, title=Vidéo. Urgences : comment expliquer la crise dans les hôpitaux ?, description=Vidéo - Manque de médecins généralistes, manque de lits, postes vacants… les origines de la crise que traversent actuellement les services d’urgence sont multiples., url=https://www.lemonde.fr/sante/video/2019/06/14/urgences-la-crise-expliquee-en-chiffres_5476492_1651302.html, urlToImage=https://img.lemde.fr/2019/06/14/0/0/3828/1914/1440/720/60/0/b43df41_2Al3r5Q5vAcQFsmG6N22cU6D.jpg, publishedAt=Fri Jun 14 20:10:32 CEST 2019, content=Depuis le 18 mars, les grèves sétendent dans les services durgences. Dans des dizaines dhôpitaux, partout en France, cest le malaise. Chaque année, 180 000 personnes passeraient la nuit sur un brancard au lieu dêtre dirigées vers un lit dans un service spécia… [+1106 chars])
2019-06-22 01:51:03,273 DEBUG yncrea.isen.cir3.view.impl.MyView(1.) [Thread-6] updateArticlesHeadlines ArticleData(author=Asia Balluffier, title=Vidéo. Coupe du monde 2019 : comment la peur du ridicule explique la plupart des penaltys ratés, description=Vidéo - En observant quelque 300 penaltys tirés dans les principales compétitions de football dans le monde, des chercheurs se sont rendu compte que les joueurs adoptaient rarement la meilleure stratégie pendant leur match., url=https://www.lemonde.fr/sport/video/2019/06/12/coupe-du-monde-2019-comment-la-peur-du-ridicule-explique-la-plupart-des-penaltys-rates_5475435_3242.html, urlToImage=https://img.lemde.fr/2019/06/03/56/0/1800/900/1440/720/60/0/962deaf_9we7KXOCFSPdOdKL7jbVFNZT.png, publishedAt=Wed Jun 12 20:51:22 CEST 2019, content=Cette vidéo a été publiée lan dernier pour le Mondial 2018. La Coupe du monde féminine de cette année est loccasion dévoquer à nouveau la peur que suscitent les penaltys chez les joueurs et joueuses de foot.
Au football, le penalty est lun des moyens les plu… [+1130 chars])
2019-06-22 01:51:18,373 DEBUG yncrea.isen.cir3.view.impl.MyView(1.) [AWT-EventQueue-0] ActionEvent :  java.awt.event.ActionEvent[ACTION_PERFORMED,cmd=Get Articles,when=1561161078373,modifiers=Button1] on javax.swing.JButton[,1440,0,480x26,alignmentX=0.0,alignmentY=0.5,border=javax.swing.plaf.BorderUIResource$CompoundBorderUIResource@2c27697,flags=296,maximumSize=,minimumSize=,preferredSize=,defaultIcon=,disabledIcon=,disabledSelectedIcon=,margin=javax.swing.plaf.InsetsUIResource[top=2,left=14,bottom=2,right=14],paintBorder=true,paintFocus=true,pressedIcon=,rolloverEnabled=true,rolloverIcon=,rolloverSelectedIcon=,selectedIcon=,text=Get Articles,defaultCapable=true]
2019-06-22 01:51:18,373 INFO yncrea.isen.cir3.model.impl.MyDefaultArticleModel(1.) [AWT-EventQueue-0] get articles for page 1
2019-06-22 01:51:19,903 INFO yncrea.isen.cir3.model.impl.MyDefaultArticleModel$getArticlesForPage$2(1.) [Thread-6] StatusCode : 200
2019-06-22 01:51:19,903 INFO yncrea.isen.cir3.model.impl.MyDefaultArticleModel$$special$$inlined$observable$1(1.) [Thread-6] Articles property change, notify observer
2019-06-22 01:51:19,903 INFO yncrea.isen.cir3.view.impl.MyView(1.) [Thread-6] receive articles data
2019-06-22 01:51:19,903 DEBUG yncrea.isen.cir3.view.impl.MyView(1.) [Thread-6] updateArticles ArticleData(author=Stéphane Foucart, title=« La majorité des algorithmes échappent à un contrôle minimal, alors que leur pouvoir potentiel sur l’exercice même de la démocratie est immense », description=Dans sa chronique, Stéphane Foucart relève l’asymétrie frappante entre, d’une part, la chimie de synthèse, soumise à la régulation des pouvoirs publics, et d’autre part, l’algorithmique, pour qui une réglementation reste à écrire., url=https://www.lemonde.fr/idees/article/2019/06/22/la-majorite-des-algorithmes-echappent-a-un-controle-minimal-alors-que-leur-pouvoir-potentiel-sur-l-exercice-meme-de-la-democratie-est-immense_5479966_3232.html, urlToImage=https://img.lemde.fr/2018/10/27/298/0/5218/2609/1440/720/60/0/49fa4b8_k1UPltb3TNOHN-0Ai76i4gXo.jpg, publishedAt=Sat Jun 22 00:56:16 CEST 2019, content=Stéphane Foucart
Dans sa chronique, Stéphane Foucart relève lasymétrie frappante entre, dune part, la chimie de synthèse, soumise à la régulation des pouvoirs publics, et dautre part, lalgorithmique, pour qui une réglementation reste à écrire.
Publié le 22 … [+3155 chars])
2019-06-22 01:51:20,390 DEBUG yncrea.isen.cir3.view.impl.MyView(1.) [Thread-6] updateArticles ArticleData(author=Guillemette Faure, title=Quand les portables polluent le spectacle de fin d’année, description=Des rangées de smartphones en l’air pour immortaliser la prestation de sa progéniture, tandis que l’autre moitié des parents lit ses mails en attendant son tour. Les instituteurs disent stop., url=https://www.lemonde.fr/m-perso/article/2019/06/22/quand-les-portables-polluent-le-spectacle-de-fin-d-annee_5479963_4497916.html, urlToImage=https://img.lemde.fr/2019/06/20/324/0/3504/1750/1440/720/60/0/a439520_i8ZJ-4H4lYQ1ziIIpWFrF8Wt.jpg, publishedAt=Sat Jun 22 00:45:14 CEST 2019, content=Article réservé aux abonnés
« Little Miss Sunshine » (2006), de Jonathan Dayton et Valerie Faris. The Kobal Collection/Aurimages
Il sest passé quelque chose dinattendu lors de la restitution des cours déveil musical à la Philharmonie de Paris, mi-juin. Une … [+2482 chars])
2019-06-22 01:51:21,830 DEBUG yncrea.isen.cir3.view.impl.MyView(1.) [Thread-6] updateArticles ArticleData(author=null, title=Crimes contre l’humanité : un chef rebelle tchadien mis en examen à Paris, description=Cette arrestation intervient dans le cadre d’une enquête concernant des opérations de recrutement d’enfants soldats au Tchad et au Soudan., url=https://www.lemonde.fr/afrique/article/2019/06/21/crimes-contre-l-humanite-un-chef-rebelle-tchadien-mis-en-examen-a-paris_5479951_3212.html, urlToImage=https://img.lemde.fr/2019/06/17/256/0/2048/1024/1440/720/60/0/64e67f8_r4JV6jadUK0iWpf4DK9kQj_U.jpg, publishedAt=Fri Jun 21 23:00:00 CEST 2019, content=Le chef rebelle tchadien Mahamat Nouri a été mis en examen, vendredi 21 juin à Paris, dans le cadre dune enquête concernant des opérations de recrutement denfants soldats au Tchad et au Soudan. Soupçonné de « crimes contre lhumanité » et « participation à une… [+2628 chars])
2019-06-22 01:51:23,611 DEBUG yncrea.isen.cir3.view.impl.MyView(1.) [Thread-6] updateArticles ArticleData(author=null, title=A Grande-Synthe, la préfecture du Nord condamnée à des mesures sanitaires pour les migrants, description=Le Conseil d’Etat avait été saisi en référé par neuf associations rejointes par la commune de Grande-Synthe qui voyaient dans les « conditions de vie » de ces migrants et « l’inaction » de l’Etat une « violation de leurs droits fondamentaux »., url=https://www.lemonde.fr/societe/article/2019/06/21/a-grande-synthe-la-prefecture-du-nord-condamnee-a-des-mesures-sanitaires-pour-les-migrants_5479949_3224.html, urlToImage=https://img.lemde.fr/2017/06/03/397.5/0/4800/2400/1440/720/60/0/4cf6b73_21162-1aw29xm.seotakyb9.jpg, publishedAt=Fri Jun 21 22:31:38 CEST 2019, content=Des migrants à Grande-Synthe attendent de pouvoir gagner lAngleterre. PHILIPPE HUGUEN / AFP
Le préfet a huit jours pour sexécuter. Le Conseil dEtat a enjoint, vendredi 21 juin, à la préfecture du Nord dinstaller des points deau, douches et sanitaires « en no… [+3087 chars])
2019-06-22 01:51:26,193 DEBUG yncrea.isen.cir3.view.impl.MyView(1.) [Thread-6] updateArticles ArticleData(author=Barbara Cassin, title=Un bain de jouvence: Barbara Cassin conclut une année de chronique littéraire pour « Le Monde », description=« Une chronique, c’est un exercice corporel, un geste », écrit l’académicienne, habituée à juger et à enseigner à juger, qui revient sur une année de plaisir : celui de la lecture., url=https://www.lemonde.fr/livres/article/2019/06/21/un-bain-de-jouvence-barbara-cassin-conclut-une-annee-de-chronique-litteraire-pour-le-monde_5479946_3260.html, urlToImage=https://img.lemde.fr/2019/06/19/1108/0/4800/2397/1440/720/60/0/df8c1b1__Ix7h6mVlV3wr3qCLj9KxQ7P.jpg, publishedAt=Fri Jun 21 22:00:26 CEST 2019, content=Cette chronique « Premier roman », pour « Le Monde des livres », rien que du bonheur.
Jai passé enfin du temps à lire comme quand jétais petite, sans savoir davance ce que je cherchais, sans rien chercher dailleurs et surtout, paradoxalement, sans juger : en… [+2284 chars])
2019-06-22 01:51:27,010 DEBUG yncrea.isen.cir3.view.impl.MyView(1.) [Thread-6] updateArticles ArticleData(author=null, title=Amiante : des militaires de la marine obtiennent gain de cause face à l’Etat, description=Les anciens marins ont obtenu entre 3 000 euros et 10 000 euros en fonction du nombre d’années d’embarquement., url=https://www.lemonde.fr/police-justice/article/2019/06/21/amiante-des-militaires-de-la-marine-obtiennent-gain-de-cause-face-a-l-etat_5479944_1653578.html, urlToImage=https://img.lemde.fr/2008/01/23/30/0/512/256/1440/720/60/0/ill_1002545_arp1787895.jpg, publishedAt=Fri Jun 21 21:44:30 CEST 2019, content=Une cinquantaine de militaires de la marine nationale, qui demandaient la condamnation de lEtat pour avoir été exposés, souvent pendant de nombreuses années, à des fibres damiante, ont obtenu gain de cause, vendredi 21 juin, dans un jugement rendu par le trib… [+1955 chars])
2019-06-22 01:51:28,544 DEBUG yncrea.isen.cir3.view.impl.MyView(1.) [Thread-6] updateArticles ArticleData(author=null, title=Christian Jacob candidat à la présidence de LR, description=Dans un entretien au « Figaro », le chef des députés Les Républicains a annoncé sa candidature à la succession de Laurent Wauquiez. L’élection aura lieu en octobre prochain., url=https://www.lemonde.fr/politique/article/2019/06/21/christian-jacob-candidat-a-la-presidence-de-lr_5479942_823448.html, urlToImage=https://img.lemde.fr/2017/06/21/232/0/3500/1750/1440/720/60/0/b47aab3_PAR02_FRANCE-POLITICS-_0621_11.JPG, publishedAt=Fri Jun 21 21:18:03 CEST 2019, content=Christian Jacob à lAssemblée nationale, en 2017. REUTERS/Charles Platiau
Christian Jacob est candidat à la présidence du parti Les Républicains. Le président du groupe Les Républicains à lAssemblée nationale la annoncé dans un entretien publié vendredi 21 ju… [+2306 chars])
2019-06-22 01:51:30,394 DEBUG yncrea.isen.cir3.view.impl.MyView(1.) [Thread-6] updateArticles ArticleData(author=null, title=Aux Etats-Unis, la Cour suprême annule la peine de mort d’un homme déjà jugé six fois, description=La haute juridiction a annulé le dernier verdict au motif que les citoyens noirs avaient été volontairement écartés par l’accusation lors de la sélection des jurés, ce qui est illégal., url=https://www.lemonde.fr/international/article/2019/06/21/aux-etats-unis-la-cour-supreme-annule-la-peine-de-mort-d-un-homme-deja-juge-six-fois_5479939_3210.html, urlToImage=https://img.lemde.fr/2019/06/21/78/0/940/470/1440/720/60/0/27370ae_VgkU8nHIiTm7ltlrD8EOcOlj.jpg, publishedAt=Fri Jun 21 21:05:59 CEST 2019, content=Curtis Flowers, âgé de 49 ans, est incarcéré depuis vingt-deux ans.
Lhistoire de Curtis Flowers nen finit plus dincarner les absurdités du système judiciaire américain. La Cour suprême des Etats-Unis a annulé, vendredi 21 juin, sa condamnation à mort, alors … [+3673 chars])
2019-06-22 01:51:31,176 DEBUG yncrea.isen.cir3.view.impl.MyView(1.) [Thread-6] updateArticles ArticleData(author=null, title=La journaliste américaine Elizabeth Jean Carroll accuse Donald Trump de l’avoir agressée sexuellement, description=Avant Elizabeth Jean Carroll, une quinzaine de femmes ont déjà pris publiquement la parole pour dénoncer des agressions sexuelles de Donald Trump., url=https://www.lemonde.fr/international/article/2019/06/21/la-journaliste-americaine-elizabeth-jean-carroll-accuse-donald-trump-de-l-avoir-agressee-sexuellement_5479935_3210.html, urlToImage=https://img.lemde.fr/2019/06/19/27/0/3835/1916/1440/720/60/0/a19b4bd_f659fe36e7c544cf92efaa3441ec537a-f659fe36e7c544cf92efaa3441ec537a-0.jpg, publishedAt=Fri Jun 21 20:50:51 CEST 2019, content=Elles sont désormais une quinzaine de femmes à accuser Donald Trump dagression sexuelle. La dernière en date est la célèbre journaliste Elizabeth Jean Carroll, 75 ans, qui sest confiée au New York Magazinedans un long article publié vendredi 21 juin. Elle acc… [+2951 chars])
2019-06-22 01:51:32,793 DEBUG yncrea.isen.cir3.view.impl.MyView(1.) [Thread-6] updateArticles ArticleData(author=null, title=16 000 tonnes d’aliments et 33 millions de litres de boissons frelatés retirés du marché, description=Une opération internationale d’ampleur menée par Interpol a permis la saisie de quantités massives de boissons et d’aliments potentiellement dangereux., url=https://www.lemonde.fr/police-justice/article/2019/06/21/16-000-tonnes-d-aliments-et-33-millions-de-litres-de-boissons-frelates-retires-du-marche_5479933_1653578.html, urlToImage=https://img.lemde.fr/2018/11/09/397/0/4800/2400/1440/720/60/0/3526737_60ntD_FlgCwLRQshoo1N9wKX.jpg, publishedAt=Fri Jun 21 20:44:37 CEST 2019, content=78 pays impliqués, 117 millions de dollars (103 millions deuros) de marchandises saisies et 672 personnes arrêtés. Cest le bilan dune massive opération internationale, coordonnée par Interpol et Europol, sur le trafic de boissons et daliments potentiellement … [+2827 chars])
2019-06-22 01:51:33,381 DEBUG yncrea.isen.cir3.view.impl.MyView(1.) [Thread-6] updateArticles ArticleData(author=Syrielle Mejias, title=Iran - Etats-Unis : pourquoi le détroit d’Ormuz est-il stratégique ?, description=Vidéo - Depuis que deux pétroliers ont été attaqués au milieu du détroit d’Ormuz, le 13 juin, la tension monte entre l’Iran et les Etats-Unis., url=https://www.lemonde.fr/international/video/2019/06/21/iran-etats-unis-pourquoi-le-detroit-d-ormuz-est-il-strategique_5479931_3210.html, urlToImage=https://img.lemde.fr/2019/06/20/224/0/1999/999/1440/720/60/0/07d2322_be831a306022462b99ef67743d246ac9-be831a306022462b99ef67743d246ac9-0.jpg, publishedAt=Fri Jun 21 20:09:27 CEST 2019, content=Jeudi 13 juin, deux pétroliers ont été sabotés dans la mer dOman, au beau milieu du détroit dOrmuz. Immédiatement, les Etats-Unis ont accusé lIran dêtre responsable des attaques. Depuis, les relations entre lIran et les Etats-Unis se tendent jour après jour. … [+491 chars])
2019-06-22 01:51:33,666 DEBUG yncrea.isen.cir3.view.impl.MyView(1.) [Thread-6] updateArticles ArticleData(author=null, title=Plainte contre l’INRA pour « homicide involontaire » à la suite du décès d’une chercheuse, description=En 2010, la chercheuse âgée de 24 ans s’était piquée en manipulant des tissus biologiques de souris, infectés par des prions, agents responsables de la maladie de « la vache folle »., url=https://www.lemonde.fr/sciences/article/2019/06/21/plainte-contre-l-inra-pour-homicide-involontaire-a-la-suite-du-deces-d-une-chercheuse_5479929_1650684.html, urlToImage=https://img.lemde.fr/2019/06/21/0/0/4928/2464/1440/720/60/0/6e5a098_iOI9t8bsKu9UXAXuQiSOuble.jpg, publishedAt=Fri Jun 21 19:48:01 CEST 2019, content=La famille dune jeune chercheuse, décédée lundi 17 juin de la maladie de Creutzfeldt-Jakob, a porté plainte contre lInstitut national de recherche agronomique (INRA) où elle avait travaillé et où elle aurait été contaminée, en 2010, par un prion responsable d… [+3362 chars])
2019-06-22 01:51:34,108 DEBUG yncrea.isen.cir3.view.impl.MyView(1.) [Thread-6] updateArticles ArticleData(author=null, title=Les écoles de théâtre investissent la Cartoucherie, description=Jusqu’au 30 juin à Vincennes, les élèves des écoles supérieures de théâtre public présentent leur spectacle de fin d’études., url=https://www.lemonde.fr/culture/article/2019/06/21/les-ecoles-de-theatre-investissent-la-cartoucherie_5479927_3246.html, urlToImage=https://img.lemde.fr/2019/06/21/253/0/6480/3240/1440/720/60/0/49bfda9_9Hn_bM_aw_K4gtK9ntO6LPhk.JPG, publishedAt=Fri Jun 21 19:39:49 CEST 2019, content=Répétitions de « Comme à la maison », de Jacques Albert, par les comédiens de l'école Les Teintureries. LES TEINTURERIES
« Ici à la Cartoucherie, on est envahi par la nature. On aimerait quelle grignote des espaces à lintérieur de la ville toute proche. » Ol… [+6213 chars])
2019-06-22 01:51:35,873 DEBUG yncrea.isen.cir3.view.impl.MyView(1.) [Thread-6] updateArticles ArticleData(author=Adrien Sénécat, title=Les contre-vérités d’une vidéo hostile à l’IVG, description=Cette vidéo visionnée plus de 200 000 fois sur Facebook fait notamment croire, à tort, qu’un fœtus souffrirait au cours d’un avortement., url=https://www.lemonde.fr/les-decodeurs/article/2019/06/21/les-contre-verites-d-une-video-hostile-a-l-ivg_5479922_4355770.html, urlToImage=https://img.lemde.fr/2019/06/21/150/0/900/450/1440/720/60/0/dd4f96d_u2_3OZ5eI873UQUZASTpSXqg.png, publishedAt=Fri Jun 21 18:47:26 CEST 2019, content=Un ftus souffre-t-il violemment au cours dun avortement ? Cest ce quaffirme une vidéo publiée récemment sur Facebook, et visionnée des dizaines de milliers de fois. Il sagit en fait dun extrait dun film américain hostile à lIVG particulièrement trompeur. Expl… [+3311 chars])
2019-06-22 01:51:39,952 DEBUG yncrea.isen.cir3.view.impl.MyView(1.) [Thread-6] updateArticles ArticleData(author=null, title=Accusé de violences sur un aveugle et son accompagnateur, un chauffeur parisien sera jugé en juillet, description=La Fédération des aveugles et amblyopes de France avait dénoncé une agression « inadmissible » et invité les victimes à porter plainte., url=https://www.lemonde.fr/societe/article/2019/06/21/accuse-de-violences-sur-un-aveugle-et-son-accompagnateur-un-chauffeur-parisien-sera-juge-en-juillet_5479918_3224.html, urlToImage=https://img.lemde.fr/2019/06/21/2/0/1865/932/1440/720/60/0/b496c4e__VNoXwYrHDvyo5kchqbkbod_.JPG, publishedAt=Fri Jun 21 18:43:30 CEST 2019, content=INFO - À #Paris, un conducteur qui a faillit renverser un homme aveugle sort de sa voiture pour lui frapper dess https://t.co/6fiFGKgVqg
— AlertesInfos (@AlertesInfos) 
La vidéo a fait le tour des réseaux sociaux, suscitant colère et émotion. On y voit un h… [+1323 chars])
2019-06-22 01:51:41,085 DEBUG yncrea.isen.cir3.view.impl.MyView(1.) [Thread-6] updateArticles ArticleData(author=Chloé Martin, title=Les stéréotypes sur le viol ont la vie dure, description=Selon une enquête réalisée par Ipsos publié mercredi 19 juin, la responsabilité du violeur est atténuée pour 42 % des Français si la victime a eu une attitude provocante en public. Un tiers des sondés pensent le viol comme un « malentendu »., url=https://www.lemonde.fr/societe/article/2019/06/21/les-stereotypes-sur-le-viol-ont-la-vie-dure_5479915_3224.html, urlToImage=https://img.lemde.fr/2019/04/30/698/0/5940/2970/1440/720/60/0/e073c94_3dHfarXv7JJrgcQhZt0GNjBo.jpg, publishedAt=Fri Jun 21 18:41:44 CEST 2019, content=« Rien na vraiment changé ». Le constat est amer pour Muriel Salmona, psychiatre et présidente de lassociation Mémoire traumatique et victimologie. Celle-ci a publié mercredi 19 juin les résultats dune deuxième enquête réalisée par linstitut Ipsos, « Les Fran… [+3846 chars])
2019-06-22 01:51:43,210 DEBUG yncrea.isen.cir3.view.impl.MyView(1.) [Thread-6] updateArticles ArticleData(author=Théo Mercadier, title=Pourquoi le verdissement de la Terre n’est pas qu’une bonne nouvelle, description=La NASA a révélé que la surface de végétation avait augmenté ces vingt dernières années. Du pain béni pour les climatosceptiques, qui occultent le fait que ce verdissement participe d’un dérèglement climatique global., url=https://www.lemonde.fr/les-decodeurs/article/2019/06/21/pourquoi-le-verdissement-de-la-terre-n-est-pas-qu-une-bonne-nouvelle_5479913_4355770.html, urlToImage=https://img.lemde.fr/2019/06/21/475/0/5700/2850/1440/720/60/0/967e823_V0b9SWc7KzfzyHlU30xfafyk.jpg, publishedAt=Fri Jun 21 18:40:46 CEST 2019, content=« Cest officiel : la planète est de plus en plus verte. » Tout commence avec une étude de la NASA qui, à première vue, peut passer pour une bonne nouvelle. Après avoir analysé des relevés satellitaires effectués pendant une vingtaine dannées, lagence américai… [+6207 chars])
2019-06-22 01:51:47,104 DEBUG yncrea.isen.cir3.view.impl.MyView(1.) [Thread-6] updateArticles ArticleData(author=Raoul Mbog, title=Une nouvelle vague de mâalems déferle sur le Festival gnaoua d’Essaouira, description=Garçons ou filles, ils ont été formés par les anciens pour prendre la relève de la musique traditionnelle marocaine et aussi inventer les fusions de demain., url=https://www.lemonde.fr/afrique/article/2019/06/21/une-nouvelle-vague-de-maalems-deferle-sur-le-festival-gnaoua-d-essaouira_5479909_3212.html, urlToImage=https://img.lemde.fr/2019/06/21/0/0/554/277/1440/720/60/0/a5ad8e7_YtdBKA5FTAiuygaTQMgIUBI6.png, publishedAt=Fri Jun 21 18:34:30 CEST 2019, content=La mâalema Asma Hamzaoui et son groupe exclusivement féminin. CC 2.0/YouTube
Des percussions de rumba cubaine mêlées aux mélopées suaves des rythmes gnaoua. Un ensemble de notes produisant une musique étonnante, applaudie à tout rompre par les 100 000 à 150 … [+5857 chars])
2019-06-22 01:51:57,760 DEBUG yncrea.isen.cir3.view.impl.MyView(1.) [Thread-6] updateArticles ArticleData(author=Isabelle Regnier, title=L’architecture durable, un chantier ouvert à l’expérimentation, description=De plus en plus nombreux sont les professionnels à concevoir des constructions écologiquement vertueuses., url=https://www.lemonde.fr/culture/article/2019/06/21/l-architecture-durable-un-chantier-ouvert-a-l-experimentation_5479900_3246.html, urlToImage=https://img.lemde.fr/2019/06/21/224/0/4500/2250/1440/720/60/0/779fbc7_WeuN-jYYdKtFyJjQ4shq_VQH.jpg, publishedAt=Fri Jun 21 18:07:47 CEST 2019, content=Article réservé aux abonnés
Le projet « Ré-Génération-S Réinventer » de lagence XTu (Anouk Legendre et Nicolas Desmazières), à Paris. XTU
Larchitecture peut-elle se racheter ? Peut-elle compenser sa superproduction de déchets, sa consommation vorace de ress… [+2612 chars])
2019-06-22 01:51:59,329 DEBUG yncrea.isen.cir3.view.impl.MyView(1.) [Thread-6] updateArticles ArticleData(author=Isabelle Regnier, title=Anna Chavepayre, architecte : « Notre démarche consiste à accepter tous les espaces tels quels », description=Deuxième femme à recevoir le prix Kasper Salin, qui distingue chaque année depuis 57 ans la meilleure architecture de Suède, elle vit et travaille en France, dans le Béarn., url=https://www.lemonde.fr/culture/article/2019/06/21/anna-chavepayre-architecte-notre-demarche-consiste-a-accepter-tous-les-espaces-tels-quels_5479897_3246.html, urlToImage=https://img.lemde.fr/2019/06/21/1155/0/5198/2599/1440/720/60/0/ac81688_NI_dpjnpIDc1fsa-bsvEc2pL.jpg, publishedAt=Fri Jun 21 18:07:22 CEST 2019, content=Article réservé aux abonnés
La maison Hourré, dans le Béarn, conçue par larchitecte Anna Chavepayre (collectif Encore). MICHEL BONVIN
Deuxième femme à recevoir le prix Kasper Salin, qui distingue chaque année depuis 57 ans la meilleure architecture de Suède… [+2724 chars])
2019-06-22 01:53:58,762 DEBUG yncrea.isen.cir3.view.impl.MyView(1.) [AWT-EventQueue-0] ActionEvent :  java.awt.event.ActionEvent[ACTION_PERFORMED,cmd=Get Headlines,when=1561161237070,modifiers=Button1] on javax.swing.JButton[,0,0,146x26,alignmentX=0.0,alignmentY=0.5,border=javax.swing.plaf.BorderUIResource$CompoundBorderUIResource@2c27697,flags=296,maximumSize=,minimumSize=,preferredSize=,defaultIcon=,disabledIcon=,disabledSelectedIcon=,margin=javax.swing.plaf.InsetsUIResource[top=2,left=14,bottom=2,right=14],paintBorder=true,paintFocus=true,pressedIcon=,rolloverEnabled=true,rolloverIcon=,rolloverSelectedIcon=,selectedIcon=,text=Get Headlines,defaultCapable=true]
2019-06-22 01:53:58,790 INFO yncrea.isen.cir3.model.impl.MyDefaultArticleModel(1.) [AWT-EventQueue-0] get headlines
2019-06-22 01:54:00,643 INFO yncrea.isen.cir3.model.impl.MyDefaultArticleModel$getHeadlines$2(1.) [Thread-6] StatusCode : 200
2019-06-22 01:54:00,643 INFO yncrea.isen.cir3.model.impl.MyDefaultArticleModel$$special$$inlined$observable$2(1.) [Thread-6] ArticlesHeadlines property change, notify observer
2019-06-22 01:54:00,643 INFO yncrea.isen.cir3.view.impl.MyView(1.) [Thread-6] receive articles data
2019-06-22 01:54:00,643 DEBUG yncrea.isen.cir3.view.impl.MyView(1.) [Thread-6] updateArticlesHeadlines ArticleData(author=Vincent Fagot, title=Lenovo ne veut plus se limiter à être un « simple » fabricant de matériel informatique, description=Le groupe chinois, numéro un mondial sur le marché du PC, veut développer une offre de services à destination des entreprises., url=https://www.lemonde.fr/economie/article/2019/06/21/lenovo-ne-veut-plus-se-limiter-a-etre-un-simple-fabricant-de-materiel-informatique_5479854_3234.html, urlToImage=https://img.lemde.fr/2019/06/21/356/0/4256/2128/1440/720/60/0/96b5044_DXxLkay3BDPGk1HL5DWZnv3S.jpg, publishedAt=Fri Jun 21 16:43:42 CEST 2019, content=Article réservé aux abonnés
Dans le classement des cent marques les plus puissantes au monde paru mardi 11 juin dans le Financial Times, ne figurent que deux fabricants dordinateurs, tout en bas de la liste : Dell (81e) et HP (93e). Lenovo, lui, ny figure pa… [+2371 chars])
2019-06-22 01:54:03,676 DEBUG yncrea.isen.cir3.view.impl.MyView(1.) [Thread-6] updateArticlesHeadlines ArticleData(author=Matthieu Auzanneau, Maxence Cordiez, title=Extraction minière : « Sortir des énergies fossiles est une nécessité vitale pour la France, qui n’a toujours pas de pétrole et manque d’idées neuves », description=Dès 2025, l’économie mondiale manquera de pétrole à bon marché. La cause du climat rejoindra celle de la croissance, observent, dans une tribune au « Monde », les chercheurs Matthieu Auzanneau et Maxence Cordiez., url=https://www.lemonde.fr/idees/article/2019/06/21/extraction-miniere-sortir-des-energies-fossiles-est-une-necessite-vitale-pour-la-france-qui-n-a-toujours-pas-de-petrole-et-manque-d-idees-neuves_5479747_3232.html, urlToImage=https://img.lemde.fr/2019/06/20/597/0/7142/3571/1440/720/60/0/c65b82d_aXnw4BVJJ1kOLYIeQotmsbOB.jpg, publishedAt=Fri Jun 21 13:52:51 CEST 2019, content=Matthieu Auzanneau
Directeur du Shift Project, groupe de réflexion sur la transition énergétique
Maxence Cordiez
Ingénieur chercheur au Commissariat à l'énergie atomique et aux énergies alternatives /CEA
Dès 2025, léconomie mondiale manquera de pétrole à … [+3184 chars])
2019-06-22 01:54:05,670 DEBUG yncrea.isen.cir3.view.impl.MyView(1.) [Thread-6] updateArticlesHeadlines ArticleData(author=Marc Semo, title=Marc Pierini : « Pour le président Erdogan, celui qui tient Istanbul tient la Turquie », description=Après l’annulation, fin mars, de la victoire du candidat de l’opposition par le régime de Recep Tayyip Erdogan, la nouvelle élection municipale d’Istanbul, le 23 juin, représente un moment crucial pour le pays., url=https://www.lemonde.fr/international/article/2019/06/21/marc-pierini-pour-le-president-erdogan-celui-qui-tient-istanbul-tient-la-turquie_5479700_3210.html, urlToImage=https://img.lemde.fr/2019/05/29/340/0/3500/1750/1440/720/60/0/e9291c8_FFF-IST19_TURKEY-ANNIVERSARY-_0529_11.JPG, publishedAt=Fri Jun 21 12:20:22 CEST 2019, content=Article réservé aux abonnés
Ancien ambassadeur de lUnion européenne (UE) à Ankara, après avoir été notamment ambassadeur de France au Maroc, puis de lUE à Damas et à Tripoli, Marc Pierini est actuellement chercheur invité au Centre Carnegie de Bruxelles.
Ma… [+2725 chars])
2019-06-22 01:54:08,222 DEBUG yncrea.isen.cir3.view.impl.MyView(1.) [Thread-6] updateArticlesHeadlines ArticleData(author=Philippe Escande, title=« Les très chers portables de Donald Trump et Xi Jinping », description=Les dirigeants américains et chinois se retrouveront au G20 d’Osaka vendredi 28 juin. Ils parleront à coup sûr de Huawei et Apple, leurs deux géants nationaux de la téléphonie mobile, explique Philippe Escande, éditorialiste économique au « Monde »., url=https://www.lemonde.fr/economie/article/2019/06/21/les-tres-chers-portables-de-donald-trump-et-xi-jinping_5479621_3234.html, urlToImage=https://img.lemde.fr/2019/06/21/300/0/3600/1800/1440/720/60/0/96805b0_oUSk5XjdfvN7Ba3yXR6_XMK1.jpg, publishedAt=Fri Jun 21 11:15:10 CEST 2019, content=Le président américain Donald Trump et le président chinois Xi Jinping, lors dun dîner entre les deux chefs dEtat, à Pékin, le 9 novembre 2017. Jonathan Ernst / REUTERS
Pertes et profits. Donald Trump et Xi Jinping sont comme tout le monde. Quand ils se renc… [+2850 chars])
2019-06-22 01:54:08,910 DEBUG yncrea.isen.cir3.view.impl.MyView(1.) [Thread-6] updateArticlesHeadlines ArticleData(author=Natia Navrouzov, title=« La France doit rapatrier ses ressortissants en Irak pour rendre justice aux Yézidis », description=Le rôle des Français qui ont rejoint les rangs de l’organisation Etat islamique dans les crimes commis contre la minorité de la région du Sinjar doit être établi par la justice française. Cet élément trop souvent oublié dans le débat, estime l’avocate Natia N…, url=https://www.lemonde.fr/idees/article/2019/06/21/la-france-doit-rapatrier-ses-ressortissants-en-irak-pour-rendre-justice-aux-yezidis_5479552_3232.html, urlToImage=https://img.lemde.fr/2015/02/04/95/0/4928/2464/1440/720/60/0/e2c748d_10823-f541db.jpg, publishedAt=Fri Jun 21 10:16:07 CEST 2019, content=« Il est impossible que les onze Français condamnés à mort aient pu ignorer le sort horrible réservé par leur groupe à cette communauté depuis août 2014 »(Photo: manifestation, en majorité de femmes, de soutien aux yézidis et aux chrétiens dIrak à Paris, le 1… [+3251 chars])
2019-06-22 01:54:09,209 DEBUG yncrea.isen.cir3.view.impl.MyView(1.) [Thread-6] updateArticlesHeadlines ArticleData(author=Guy Dutheil, title=Au salon du Bourget, Airbus signe des contrats pour 50 milliards de dollars, description=L’avionneur européen a réussi le lancement de l’A321 XLR, la nouvelle version de son moyen-courrier. Son rival américain Boeing a annoncé la reprise des ventes du 737 MAX, interdit de vol depuis mars., url=https://www.lemonde.fr/economie/article/2019/06/21/au-bourget-airbus-et-safran-font-le-plein-de-commandes-boeing-sauve-la-face_5479537_3234.html, urlToImage=https://img.lemde.fr/2019/06/21/85/0/5054/2527/1440/720/60/0/35a258a_c_gSMMtoXAp189kZ4V5IShoD.jpg, publishedAt=Fri Jun 21 09:49:06 CEST 2019, content=Article réservé aux abonnés
Au Salon du Bourget, près de Paris, mercredi 19 juin. PASCAL ROSSIGNOL / REUTERS
Au Bourget, avionneurs et équipementiers avaient le sourire, jeudi 20 juin, à lissue des journées réservées aux professionnels du Salon internationa… [+2489 chars])
2019-06-22 01:54:10,558 DEBUG yncrea.isen.cir3.view.impl.MyView(1.) [Thread-6] updateArticlesHeadlines ArticleData(author=null, title=Vidéo. Des « hublots » sur des vaches : L214 filme une pratique ancienne mais débattue, description=Vidéo - L’association L214 diffuse des images de bovins équipés de canules – hublots en plastique permettant un accès direct à leur rumen, provenant d’un centre de recherche privé sur la nutrition animale., url=https://www.lemonde.fr/festival/video/2019/06/20/des-hublots-sur-des-vaches-l214-filme-une-pratique-ancienne-mais-debattue_5478830_4415198.html, urlToImage=https://img.lemde.fr/2019/06/19/29/0/960/480/1440/720/60/0/49572cd_Ma1EfmaEiI554t10IexClxtf.JPG, publishedAt=Thu Jun 20 07:56:58 CEST 2019, content=Ces images de vaches porteuses de canules, aussi appelées vaches fistulées, tournées en février et mai 2019, ont été obtenues par lassociation L214. Les canules, qui permettent un accès direct à la panse des bovins, servent à observer et étudier leur digestio… [+848 chars])
2019-06-22 01:54:12,477 DEBUG yncrea.isen.cir3.view.impl.MyView(1.) [Thread-6] updateArticlesHeadlines ArticleData(author=null, title=Vidéo. Pourquoi Hongkong est (encore) dans la rue, description=Vidéo - Un million de personnes ont défilé le 9 juin dans les rues de Hongkong, un record depuis la rétrocession du territoire à la Chine en 1997. Mais depuis dix ans, ces manifestations monstres se succèdent. Explication en vidéo., url=https://www.lemonde.fr/international/video/2019/06/15/pourquoi-hongkong-est-encore-dans-la-rue_5476616_3210.html, urlToImage=https://img.lemde.fr/2019/06/09/429/0/4239/2118/1440/720/60/0/cd6cbde_5015305-01-06.jpg, publishedAt=Sat Jun 15 07:52:56 CEST 2019, content=Plus dun million de personnes, selon les organisateurs de la mobilisation, ont défilé le 9 juin dans les rues de Hongkong, qui compte sept millions dhabitants. Un record depuis la rétrocession du territoire à la Chine, en 1997. En cause, un projet de loi qui … [+1310 chars])
2019-06-22 01:54:14,510 DEBUG yncrea.isen.cir3.view.impl.MyView(1.) [Thread-6] updateArticlesHeadlines ArticleData(author=Karim El Hadj, title=Vidéo. Urgences : comment expliquer la crise dans les hôpitaux ?, description=Vidéo - Manque de médecins généralistes, manque de lits, postes vacants… les origines de la crise que traversent actuellement les services d’urgence sont multiples., url=https://www.lemonde.fr/sante/video/2019/06/14/urgences-la-crise-expliquee-en-chiffres_5476492_1651302.html, urlToImage=https://img.lemde.fr/2019/06/14/0/0/3828/1914/1440/720/60/0/b43df41_2Al3r5Q5vAcQFsmG6N22cU6D.jpg, publishedAt=Fri Jun 14 20:10:32 CEST 2019, content=Depuis le 18 mars, les grèves sétendent dans les services durgences. Dans des dizaines dhôpitaux, partout en France, cest le malaise. Chaque année, 180 000 personnes passeraient la nuit sur un brancard au lieu dêtre dirigées vers un lit dans un service spécia… [+1106 chars])
2019-06-22 01:54:14,750 DEBUG yncrea.isen.cir3.view.impl.MyView(1.) [Thread-6] updateArticlesHeadlines ArticleData(author=Asia Balluffier, title=Vidéo. Coupe du monde 2019 : comment la peur du ridicule explique la plupart des penaltys ratés, description=Vidéo - En observant quelque 300 penaltys tirés dans les principales compétitions de football dans le monde, des chercheurs se sont rendu compte que les joueurs adoptaient rarement la meilleure stratégie pendant leur match., url=https://www.lemonde.fr/sport/video/2019/06/12/coupe-du-monde-2019-comment-la-peur-du-ridicule-explique-la-plupart-des-penaltys-rates_5475435_3242.html, urlToImage=https://img.lemde.fr/2019/06/03/56/0/1800/900/1440/720/60/0/962deaf_9we7KXOCFSPdOdKL7jbVFNZT.png, publishedAt=Wed Jun 12 20:51:22 CEST 2019, content=Cette vidéo a été publiée lan dernier pour le Mondial 2018. La Coupe du monde féminine de cette année est loccasion dévoquer à nouveau la peur que suscitent les penaltys chez les joueurs et joueuses de foot.
Au football, le penalty est lun des moyens les plu… [+1130 chars])
2019-06-22 01:58:10,917 DEBUG yncrea.isen.cir3.view.impl.MyView(1.) [AWT-EventQueue-0] ActionEvent :  java.awt.event.ActionEvent[ACTION_PERFORMED,cmd=Get Articles,when=1561161489495,modifiers=Button1] on javax.swing.JButton[,438,0,146x26,alignmentX=0.0,alignmentY=0.5,border=javax.swing.plaf.BorderUIResource$CompoundBorderUIResource@47f82668,flags=296,maximumSize=,minimumSize=,preferredSize=,defaultIcon=,disabledIcon=,disabledSelectedIcon=,margin=javax.swing.plaf.InsetsUIResource[top=2,left=14,bottom=2,right=14],paintBorder=true,paintFocus=true,pressedIcon=,rolloverEnabled=true,rolloverIcon=,rolloverSelectedIcon=,selectedIcon=,text=Get Articles,defaultCapable=true]
2019-06-22 01:58:10,949 INFO yncrea.isen.cir3.model.impl.MyDefaultArticleModel(1.) [AWT-EventQueue-0] get articles for page 1
2019-06-22 01:58:13,267 INFO yncrea.isen.cir3.model.impl.MyDefaultArticleModel$getArticlesForPage$2(1.) [Thread-6] StatusCode : 200
2019-06-22 01:58:13,267 INFO yncrea.isen.cir3.model.impl.MyDefaultArticleModel$$special$$inlined$observable$1(1.) [Thread-6] Articles property change, notify observer
2019-06-22 01:58:13,267 INFO yncrea.isen.cir3.view.impl.MyView(1.) [Thread-6] receive articles data
2019-06-22 01:58:13,271 DEBUG yncrea.isen.cir3.view.impl.MyView(1.) [Thread-6] updateArticles ArticleData(author=Stéphane Foucart, title=« La majorité des algorithmes échappent à un contrôle minimal, alors que leur pouvoir potentiel sur l’exercice même de la démocratie est immense », description=Dans sa chronique, Stéphane Foucart relève l’asymétrie frappante entre, d’une part, la chimie de synthèse, soumise à la régulation des pouvoirs publics, et d’autre part, l’algorithmique, pour qui une réglementation reste à écrire., url=https://www.lemonde.fr/idees/article/2019/06/22/la-majorite-des-algorithmes-echappent-a-un-controle-minimal-alors-que-leur-pouvoir-potentiel-sur-l-exercice-meme-de-la-democratie-est-immense_5479966_3232.html, urlToImage=https://img.lemde.fr/2018/10/27/298/0/5218/2609/1440/720/60/0/49fa4b8_k1UPltb3TNOHN-0Ai76i4gXo.jpg, publishedAt=Sat Jun 22 00:56:16 CEST 2019, content=Stéphane Foucart
Dans sa chronique, Stéphane Foucart relève lasymétrie frappante entre, dune part, la chimie de synthèse, soumise à la régulation des pouvoirs publics, et dautre part, lalgorithmique, pour qui une réglementation reste à écrire.
Publié le 22 … [+3155 chars])
2019-06-22 01:58:14,205 DEBUG yncrea.isen.cir3.view.impl.MyView(1.) [Thread-6] updateArticles ArticleData(author=Guillemette Faure, title=Quand les portables polluent le spectacle de fin d’année, description=Des rangées de smartphones en l’air pour immortaliser la prestation de sa progéniture, tandis que l’autre moitié des parents lit ses mails en attendant son tour. Les instituteurs disent stop., url=https://www.lemonde.fr/m-perso/article/2019/06/22/quand-les-portables-polluent-le-spectacle-de-fin-d-annee_5479963_4497916.html, urlToImage=https://img.lemde.fr/2019/06/20/324/0/3504/1750/1440/720/60/0/a439520_i8ZJ-4H4lYQ1ziIIpWFrF8Wt.jpg, publishedAt=Sat Jun 22 00:45:14 CEST 2019, content=Article réservé aux abonnés
« Little Miss Sunshine » (2006), de Jonathan Dayton et Valerie Faris. The Kobal Collection/Aurimages
Il sest passé quelque chose dinattendu lors de la restitution des cours déveil musical à la Philharmonie de Paris, mi-juin. Une … [+2482 chars])
2019-06-22 01:58:15,610 DEBUG yncrea.isen.cir3.view.impl.MyView(1.) [Thread-6] updateArticles ArticleData(author=null, title=Crimes contre l’humanité : un chef rebelle tchadien mis en examen à Paris, description=Cette arrestation intervient dans le cadre d’une enquête concernant des opérations de recrutement d’enfants soldats au Tchad et au Soudan., url=https://www.lemonde.fr/afrique/article/2019/06/21/crimes-contre-l-humanite-un-chef-rebelle-tchadien-mis-en-examen-a-paris_5479951_3212.html, urlToImage=https://img.lemde.fr/2019/06/17/256/0/2048/1024/1440/720/60/0/64e67f8_r4JV6jadUK0iWpf4DK9kQj_U.jpg, publishedAt=Fri Jun 21 23:00:00 CEST 2019, content=Le chef rebelle tchadien Mahamat Nouri a été mis en examen, vendredi 21 juin à Paris, dans le cadre dune enquête concernant des opérations de recrutement denfants soldats au Tchad et au Soudan. Soupçonné de « crimes contre lhumanité » et « participation à une… [+2628 chars])
2019-06-22 01:58:16,621 DEBUG yncrea.isen.cir3.view.impl.MyView(1.) [Thread-6] updateArticles ArticleData(author=null, title=A Grande-Synthe, la préfecture du Nord condamnée à des mesures sanitaires pour les migrants, description=Le Conseil d’Etat avait été saisi en référé par neuf associations rejointes par la commune de Grande-Synthe qui voyaient dans les « conditions de vie » de ces migrants et « l’inaction » de l’Etat une « violation de leurs droits fondamentaux »., url=https://www.lemonde.fr/societe/article/2019/06/21/a-grande-synthe-la-prefecture-du-nord-condamnee-a-des-mesures-sanitaires-pour-les-migrants_5479949_3224.html, urlToImage=https://img.lemde.fr/2017/06/03/397.5/0/4800/2400/1440/720/60/0/4cf6b73_21162-1aw29xm.seotakyb9.jpg, publishedAt=Fri Jun 21 22:31:38 CEST 2019, content=Des migrants à Grande-Synthe attendent de pouvoir gagner lAngleterre. PHILIPPE HUGUEN / AFP
Le préfet a huit jours pour sexécuter. Le Conseil dEtat a enjoint, vendredi 21 juin, à la préfecture du Nord dinstaller des points deau, douches et sanitaires « en no… [+3087 chars])
2019-06-22 01:58:19,282 DEBUG yncrea.isen.cir3.view.impl.MyView(1.) [Thread-6] updateArticles ArticleData(author=Barbara Cassin, title=Un bain de jouvence: Barbara Cassin conclut une année de chronique littéraire pour « Le Monde », description=« Une chronique, c’est un exercice corporel, un geste », écrit l’académicienne, habituée à juger et à enseigner à juger, qui revient sur une année de plaisir : celui de la lecture., url=https://www.lemonde.fr/livres/article/2019/06/21/un-bain-de-jouvence-barbara-cassin-conclut-une-annee-de-chronique-litteraire-pour-le-monde_5479946_3260.html, urlToImage=https://img.lemde.fr/2019/06/19/1108/0/4800/2397/1440/720/60/0/df8c1b1__Ix7h6mVlV3wr3qCLj9KxQ7P.jpg, publishedAt=Fri Jun 21 22:00:26 CEST 2019, content=Cette chronique « Premier roman », pour « Le Monde des livres », rien que du bonheur.
Jai passé enfin du temps à lire comme quand jétais petite, sans savoir davance ce que je cherchais, sans rien chercher dailleurs et surtout, paradoxalement, sans juger : en… [+2284 chars])
2019-06-22 01:58:20,937 DEBUG yncrea.isen.cir3.view.impl.MyView(1.) [Thread-6] updateArticles ArticleData(author=null, title=Amiante : des militaires de la marine obtiennent gain de cause face à l’Etat, description=Les anciens marins ont obtenu entre 3 000 euros et 10 000 euros en fonction du nombre d’années d’embarquement., url=https://www.lemonde.fr/police-justice/article/2019/06/21/amiante-des-militaires-de-la-marine-obtiennent-gain-de-cause-face-a-l-etat_5479944_1653578.html, urlToImage=https://img.lemde.fr/2008/01/23/30/0/512/256/1440/720/60/0/ill_1002545_arp1787895.jpg, publishedAt=Fri Jun 21 21:44:30 CEST 2019, content=Une cinquantaine de militaires de la marine nationale, qui demandaient la condamnation de lEtat pour avoir été exposés, souvent pendant de nombreuses années, à des fibres damiante, ont obtenu gain de cause, vendredi 21 juin, dans un jugement rendu par le trib… [+1955 chars])
2019-06-22 01:58:21,983 DEBUG yncrea.isen.cir3.view.impl.MyView(1.) [Thread-6] updateArticles ArticleData(author=null, title=Christian Jacob candidat à la présidence de LR, description=Dans un entretien au « Figaro », le chef des députés Les Républicains a annoncé sa candidature à la succession de Laurent Wauquiez. L’élection aura lieu en octobre prochain., url=https://www.lemonde.fr/politique/article/2019/06/21/christian-jacob-candidat-a-la-presidence-de-lr_5479942_823448.html, urlToImage=https://img.lemde.fr/2017/06/21/232/0/3500/1750/1440/720/60/0/b47aab3_PAR02_FRANCE-POLITICS-_0621_11.JPG, publishedAt=Fri Jun 21 21:18:03 CEST 2019, content=Christian Jacob à lAssemblée nationale, en 2017. REUTERS/Charles Platiau
Christian Jacob est candidat à la présidence du parti Les Républicains. Le président du groupe Les Républicains à lAssemblée nationale la annoncé dans un entretien publié vendredi 21 ju… [+2306 chars])
2019-06-22 01:58:23,231 DEBUG yncrea.isen.cir3.view.impl.MyView(1.) [Thread-6] updateArticles ArticleData(author=null, title=Aux Etats-Unis, la Cour suprême annule la peine de mort d’un homme déjà jugé six fois, description=La haute juridiction a annulé le dernier verdict au motif que les citoyens noirs avaient été volontairement écartés par l’accusation lors de la sélection des jurés, ce qui est illégal., url=https://www.lemonde.fr/international/article/2019/06/21/aux-etats-unis-la-cour-supreme-annule-la-peine-de-mort-d-un-homme-deja-juge-six-fois_5479939_3210.html, urlToImage=https://img.lemde.fr/2019/06/21/78/0/940/470/1440/720/60/0/27370ae_VgkU8nHIiTm7ltlrD8EOcOlj.jpg, publishedAt=Fri Jun 21 21:05:59 CEST 2019, content=Curtis Flowers, âgé de 49 ans, est incarcéré depuis vingt-deux ans.
Lhistoire de Curtis Flowers nen finit plus dincarner les absurdités du système judiciaire américain. La Cour suprême des Etats-Unis a annulé, vendredi 21 juin, sa condamnation à mort, alors … [+3673 chars])
2019-06-22 01:58:23,756 DEBUG yncrea.isen.cir3.view.impl.MyView(1.) [Thread-6] updateArticles ArticleData(author=null, title=La journaliste américaine Elizabeth Jean Carroll accuse Donald Trump de l’avoir agressée sexuellement, description=Avant Elizabeth Jean Carroll, une quinzaine de femmes ont déjà pris publiquement la parole pour dénoncer des agressions sexuelles de Donald Trump., url=https://www.lemonde.fr/international/article/2019/06/21/la-journaliste-americaine-elizabeth-jean-carroll-accuse-donald-trump-de-l-avoir-agressee-sexuellement_5479935_3210.html, urlToImage=https://img.lemde.fr/2019/06/19/27/0/3835/1916/1440/720/60/0/a19b4bd_f659fe36e7c544cf92efaa3441ec537a-f659fe36e7c544cf92efaa3441ec537a-0.jpg, publishedAt=Fri Jun 21 20:50:51 CEST 2019, content=Elles sont désormais une quinzaine de femmes à accuser Donald Trump dagression sexuelle. La dernière en date est la célèbre journaliste Elizabeth Jean Carroll, 75 ans, qui sest confiée au New York Magazinedans un long article publié vendredi 21 juin. Elle acc… [+2951 chars])
2019-06-22 01:58:25,548 DEBUG yncrea.isen.cir3.view.impl.MyView(1.) [Thread-6] updateArticles ArticleData(author=null, title=16 000 tonnes d’aliments et 33 millions de litres de boissons frelatés retirés du marché, description=Une opération internationale d’ampleur menée par Interpol a permis la saisie de quantités massives de boissons et d’aliments potentiellement dangereux., url=https://www.lemonde.fr/police-justice/article/2019/06/21/16-000-tonnes-d-aliments-et-33-millions-de-litres-de-boissons-frelates-retires-du-marche_5479933_1653578.html, urlToImage=https://img.lemde.fr/2018/11/09/397/0/4800/2400/1440/720/60/0/3526737_60ntD_FlgCwLRQshoo1N9wKX.jpg, publishedAt=Fri Jun 21 20:44:37 CEST 2019, content=78 pays impliqués, 117 millions de dollars (103 millions deuros) de marchandises saisies et 672 personnes arrêtés. Cest le bilan dune massive opération internationale, coordonnée par Interpol et Europol, sur le trafic de boissons et daliments potentiellement … [+2827 chars])
2019-06-22 01:58:27,243 DEBUG yncrea.isen.cir3.view.impl.MyView(1.) [Thread-6] updateArticles ArticleData(author=Syrielle Mejias, title=Iran - Etats-Unis : pourquoi le détroit d’Ormuz est-il stratégique ?, description=Vidéo - Depuis que deux pétroliers ont été attaqués au milieu du détroit d’Ormuz, le 13 juin, la tension monte entre l’Iran et les Etats-Unis., url=https://www.lemonde.fr/international/video/2019/06/21/iran-etats-unis-pourquoi-le-detroit-d-ormuz-est-il-strategique_5479931_3210.html, urlToImage=https://img.lemde.fr/2019/06/20/224/0/1999/999/1440/720/60/0/07d2322_be831a306022462b99ef67743d246ac9-be831a306022462b99ef67743d246ac9-0.jpg, publishedAt=Fri Jun 21 20:09:27 CEST 2019, content=Jeudi 13 juin, deux pétroliers ont été sabotés dans la mer dOman, au beau milieu du détroit dOrmuz. Immédiatement, les Etats-Unis ont accusé lIran dêtre responsable des attaques. Depuis, les relations entre lIran et les Etats-Unis se tendent jour après jour. … [+491 chars])
2019-06-22 01:58:28,318 DEBUG yncrea.isen.cir3.view.impl.MyView(1.) [Thread-6] updateArticles ArticleData(author=null, title=Plainte contre l’INRA pour « homicide involontaire » à la suite du décès d’une chercheuse, description=En 2010, la chercheuse âgée de 24 ans s’était piquée en manipulant des tissus biologiques de souris, infectés par des prions, agents responsables de la maladie de « la vache folle »., url=https://www.lemonde.fr/sciences/article/2019/06/21/plainte-contre-l-inra-pour-homicide-involontaire-a-la-suite-du-deces-d-une-chercheuse_5479929_1650684.html, urlToImage=https://img.lemde.fr/2019/06/21/0/0/4928/2464/1440/720/60/0/6e5a098_iOI9t8bsKu9UXAXuQiSOuble.jpg, publishedAt=Fri Jun 21 19:48:01 CEST 2019, content=La famille dune jeune chercheuse, décédée lundi 17 juin de la maladie de Creutzfeldt-Jakob, a porté plainte contre lInstitut national de recherche agronomique (INRA) où elle avait travaillé et où elle aurait été contaminée, en 2010, par un prion responsable d… [+3362 chars])
2019-06-22 01:58:29,244 DEBUG yncrea.isen.cir3.view.impl.MyView(1.) [Thread-6] updateArticles ArticleData(author=null, title=Les écoles de théâtre investissent la Cartoucherie, description=Jusqu’au 30 juin à Vincennes, les élèves des écoles supérieures de théâtre public présentent leur spectacle de fin d’études., url=https://www.lemonde.fr/culture/article/2019/06/21/les-ecoles-de-theatre-investissent-la-cartoucherie_5479927_3246.html, urlToImage=https://img.lemde.fr/2019/06/21/253/0/6480/3240/1440/720/60/0/49bfda9_9Hn_bM_aw_K4gtK9ntO6LPhk.JPG, publishedAt=Fri Jun 21 19:39:49 CEST 2019, content=Répétitions de « Comme à la maison », de Jacques Albert, par les comédiens de l'école Les Teintureries. LES TEINTURERIES
« Ici à la Cartoucherie, on est envahi par la nature. On aimerait quelle grignote des espaces à lintérieur de la ville toute proche. » Ol… [+6213 chars])
2019-06-22 01:58:30,813 DEBUG yncrea.isen.cir3.view.impl.MyView(1.) [Thread-6] updateArticles ArticleData(author=Adrien Sénécat, title=Les contre-vérités d’une vidéo hostile à l’IVG, description=Cette vidéo visionnée plus de 200 000 fois sur Facebook fait notamment croire, à tort, qu’un fœtus souffrirait au cours d’un avortement., url=https://www.lemonde.fr/les-decodeurs/article/2019/06/21/les-contre-verites-d-une-video-hostile-a-l-ivg_5479922_4355770.html, urlToImage=https://img.lemde.fr/2019/06/21/150/0/900/450/1440/720/60/0/dd4f96d_u2_3OZ5eI873UQUZASTpSXqg.png, publishedAt=Fri Jun 21 18:47:26 CEST 2019, content=Un ftus souffre-t-il violemment au cours dun avortement ? Cest ce quaffirme une vidéo publiée récemment sur Facebook, et visionnée des dizaines de milliers de fois. Il sagit en fait dun extrait dun film américain hostile à lIVG particulièrement trompeur. Expl… [+3311 chars])
2019-06-22 01:58:34,814 DEBUG yncrea.isen.cir3.view.impl.MyView(1.) [Thread-6] updateArticles ArticleData(author=null, title=Accusé de violences sur un aveugle et son accompagnateur, un chauffeur parisien sera jugé en juillet, description=La Fédération des aveugles et amblyopes de France avait dénoncé une agression « inadmissible » et invité les victimes à porter plainte., url=https://www.lemonde.fr/societe/article/2019/06/21/accuse-de-violences-sur-un-aveugle-et-son-accompagnateur-un-chauffeur-parisien-sera-juge-en-juillet_5479918_3224.html, urlToImage=https://img.lemde.fr/2019/06/21/2/0/1865/932/1440/720/60/0/b496c4e__VNoXwYrHDvyo5kchqbkbod_.JPG, publishedAt=Fri Jun 21 18:43:30 CEST 2019, content=INFO - À #Paris, un conducteur qui a faillit renverser un homme aveugle sort de sa voiture pour lui frapper dess https://t.co/6fiFGKgVqg
— AlertesInfos (@AlertesInfos) 
La vidéo a fait le tour des réseaux sociaux, suscitant colère et émotion. On y voit un h… [+1323 chars])
2019-06-22 01:58:35,840 DEBUG yncrea.isen.cir3.view.impl.MyView(1.) [Thread-6] updateArticles ArticleData(author=Chloé Martin, title=Les stéréotypes sur le viol ont la vie dure, description=Selon une enquête réalisée par Ipsos publié mercredi 19 juin, la responsabilité du violeur est atténuée pour 42 % des Français si la victime a eu une attitude provocante en public. Un tiers des sondés pensent le viol comme un « malentendu »., url=https://www.lemonde.fr/societe/article/2019/06/21/les-stereotypes-sur-le-viol-ont-la-vie-dure_5479915_3224.html, urlToImage=https://img.lemde.fr/2019/04/30/698/0/5940/2970/1440/720/60/0/e073c94_3dHfarXv7JJrgcQhZt0GNjBo.jpg, publishedAt=Fri Jun 21 18:41:44 CEST 2019, content=« Rien na vraiment changé ». Le constat est amer pour Muriel Salmona, psychiatre et présidente de lassociation Mémoire traumatique et victimologie. Celle-ci a publié mercredi 19 juin les résultats dune deuxième enquête réalisée par linstitut Ipsos, « Les Fran… [+3846 chars])
2019-06-22 01:58:37,879 DEBUG yncrea.isen.cir3.view.impl.MyView(1.) [Thread-6] updateArticles ArticleData(author=Théo Mercadier, title=Pourquoi le verdissement de la Terre n’est pas qu’une bonne nouvelle, description=La NASA a révélé que la surface de végétation avait augmenté ces vingt dernières années. Du pain béni pour les climatosceptiques, qui occultent le fait que ce verdissement participe d’un dérèglement climatique global., url=https://www.lemonde.fr/les-decodeurs/article/2019/06/21/pourquoi-le-verdissement-de-la-terre-n-est-pas-qu-une-bonne-nouvelle_5479913_4355770.html, urlToImage=https://img.lemde.fr/2019/06/21/475/0/5700/2850/1440/720/60/0/967e823_V0b9SWc7KzfzyHlU30xfafyk.jpg, publishedAt=Fri Jun 21 18:40:46 CEST 2019, content=« Cest officiel : la planète est de plus en plus verte. » Tout commence avec une étude de la NASA qui, à première vue, peut passer pour une bonne nouvelle. Après avoir analysé des relevés satellitaires effectués pendant une vingtaine dannées, lagence américai… [+6207 chars])
2019-06-22 01:58:41,442 DEBUG yncrea.isen.cir3.view.impl.MyView(1.) [Thread-6] updateArticles ArticleData(author=Raoul Mbog, title=Une nouvelle vague de mâalems déferle sur le Festival gnaoua d’Essaouira, description=Garçons ou filles, ils ont été formés par les anciens pour prendre la relève de la musique traditionnelle marocaine et aussi inventer les fusions de demain., url=https://www.lemonde.fr/afrique/article/2019/06/21/une-nouvelle-vague-de-maalems-deferle-sur-le-festival-gnaoua-d-essaouira_5479909_3212.html, urlToImage=https://img.lemde.fr/2019/06/21/0/0/554/277/1440/720/60/0/a5ad8e7_YtdBKA5FTAiuygaTQMgIUBI6.png, publishedAt=Fri Jun 21 18:34:30 CEST 2019, content=La mâalema Asma Hamzaoui et son groupe exclusivement féminin. CC 2.0/YouTube
Des percussions de rumba cubaine mêlées aux mélopées suaves des rythmes gnaoua. Un ensemble de notes produisant une musique étonnante, applaudie à tout rompre par les 100 000 à 150 … [+5857 chars])
2019-06-22 01:58:51,500 DEBUG yncrea.isen.cir3.view.impl.MyView(1.) [Thread-6] updateArticles ArticleData(author=Isabelle Regnier, title=L’architecture durable, un chantier ouvert à l’expérimentation, description=De plus en plus nombreux sont les professionnels à concevoir des constructions écologiquement vertueuses., url=https://www.lemonde.fr/culture/article/2019/06/21/l-architecture-durable-un-chantier-ouvert-a-l-experimentation_5479900_3246.html, urlToImage=https://img.lemde.fr/2019/06/21/224/0/4500/2250/1440/720/60/0/779fbc7_WeuN-jYYdKtFyJjQ4shq_VQH.jpg, publishedAt=Fri Jun 21 18:07:47 CEST 2019, content=Article réservé aux abonnés
Le projet « Ré-Génération-S Réinventer » de lagence XTu (Anouk Legendre et Nicolas Desmazières), à Paris. XTU
Larchitecture peut-elle se racheter ? Peut-elle compenser sa superproduction de déchets, sa consommation vorace de ress… [+2612 chars])
2019-06-22 01:58:53,078 DEBUG yncrea.isen.cir3.view.impl.MyView(1.) [Thread-6] updateArticles ArticleData(author=Isabelle Regnier, title=Anna Chavepayre, architecte : « Notre démarche consiste à accepter tous les espaces tels quels », description=Deuxième femme à recevoir le prix Kasper Salin, qui distingue chaque année depuis 57 ans la meilleure architecture de Suède, elle vit et travaille en France, dans le Béarn., url=https://www.lemonde.fr/culture/article/2019/06/21/anna-chavepayre-architecte-notre-demarche-consiste-a-accepter-tous-les-espaces-tels-quels_5479897_3246.html, urlToImage=https://img.lemde.fr/2019/06/21/1155/0/5198/2599/1440/720/60/0/ac81688_NI_dpjnpIDc1fsa-bsvEc2pL.jpg, publishedAt=Fri Jun 21 18:07:22 CEST 2019, content=Article réservé aux abonnés
La maison Hourré, dans le Béarn, conçue par larchitecte Anna Chavepayre (collectif Encore). MICHEL BONVIN
Deuxième femme à recevoir le prix Kasper Salin, qui distingue chaque année depuis 57 ans la meilleure architecture de Suède… [+2724 chars])
2019-06-22 02:08:07,387 DEBUG yncrea.isen.cir3.view.impl.MyView(1.) [AWT-EventQueue-0] ActionEvent :  java.awt.event.ActionEvent[ACTION_PERFORMED,cmd=Get Headlines,when=1561162085629,modifiers=Button1] on javax.swing.JButton[,0,0,146x26,alignmentX=0.0,alignmentY=0.5,border=javax.swing.plaf.BorderUIResource$CompoundBorderUIResource@71900be7,flags=296,maximumSize=,minimumSize=,preferredSize=,defaultIcon=,disabledIcon=,disabledSelectedIcon=,margin=javax.swing.plaf.InsetsUIResource[top=2,left=14,bottom=2,right=14],paintBorder=true,paintFocus=true,pressedIcon=,rolloverEnabled=true,rolloverIcon=,rolloverSelectedIcon=,selectedIcon=,text=Get Headlines,defaultCapable=true]
2019-06-22 02:08:07,419 INFO yncrea.isen.cir3.model.impl.MyDefaultArticleModel(1.) [AWT-EventQueue-0] get headlines
2019-06-22 02:08:11,680 INFO yncrea.isen.cir3.model.impl.MyDefaultArticleModel$getHeadlines$2(1.) [Thread-6] StatusCode : 200
2019-06-22 02:08:11,680 INFO yncrea.isen.cir3.model.impl.MyDefaultArticleModel$$special$$inlined$observable$2(1.) [Thread-6] ArticlesHeadlines property change, notify observer
2019-06-22 02:08:11,680 INFO yncrea.isen.cir3.view.impl.MyView(1.) [Thread-6] receive articles data
2019-06-22 02:08:11,684 DEBUG yncrea.isen.cir3.view.impl.MyView(1.) [Thread-6] updateArticlesHeadlines ArticleData(author=Vincent Fagot, title=Lenovo ne veut plus se limiter à être un « simple » fabricant de matériel informatique, description=Le groupe chinois, numéro un mondial sur le marché du PC, veut développer une offre de services à destination des entreprises., url=https://www.lemonde.fr/economie/article/2019/06/21/lenovo-ne-veut-plus-se-limiter-a-etre-un-simple-fabricant-de-materiel-informatique_5479854_3234.html, urlToImage=https://img.lemde.fr/2019/06/21/356/0/4256/2128/1440/720/60/0/96b5044_DXxLkay3BDPGk1HL5DWZnv3S.jpg, publishedAt=Fri Jun 21 16:43:42 CEST 2019, content=Article réservé aux abonnés
Dans le classement des cent marques les plus puissantes au monde paru mardi 11 juin dans le Financial Times, ne figurent que deux fabricants dordinateurs, tout en bas de la liste : Dell (81e) et HP (93e). Lenovo, lui, ny figure pa… [+2371 chars])
2019-06-22 02:08:19,543 DEBUG yncrea.isen.cir3.view.impl.MyView(1.) [Thread-6] updateArticlesHeadlines ArticleData(author=Matthieu Auzanneau, Maxence Cordiez, title=Extraction minière : « Sortir des énergies fossiles est une nécessité vitale pour la France, qui n’a toujours pas de pétrole et manque d’idées neuves », description=Dès 2025, l’économie mondiale manquera de pétrole à bon marché. La cause du climat rejoindra celle de la croissance, observent, dans une tribune au « Monde », les chercheurs Matthieu Auzanneau et Maxence Cordiez., url=https://www.lemonde.fr/idees/article/2019/06/21/extraction-miniere-sortir-des-energies-fossiles-est-une-necessite-vitale-pour-la-france-qui-n-a-toujours-pas-de-petrole-et-manque-d-idees-neuves_5479747_3232.html, urlToImage=https://img.lemde.fr/2019/06/20/597/0/7142/3571/1440/720/60/0/c65b82d_aXnw4BVJJ1kOLYIeQotmsbOB.jpg, publishedAt=Fri Jun 21 13:52:51 CEST 2019, content=Matthieu Auzanneau
Directeur du Shift Project, groupe de réflexion sur la transition énergétique
Maxence Cordiez
Ingénieur chercheur au Commissariat à l'énergie atomique et aux énergies alternatives /CEA
Dès 2025, léconomie mondiale manquera de pétrole à … [+3184 chars])
2019-06-22 02:08:21,696 DEBUG yncrea.isen.cir3.view.impl.MyView(1.) [Thread-6] updateArticlesHeadlines ArticleData(author=Marc Semo, title=Marc Pierini : « Pour le président Erdogan, celui qui tient Istanbul tient la Turquie », description=Après l’annulation, fin mars, de la victoire du candidat de l’opposition par le régime de Recep Tayyip Erdogan, la nouvelle élection municipale d’Istanbul, le 23 juin, représente un moment crucial pour le pays., url=https://www.lemonde.fr/international/article/2019/06/21/marc-pierini-pour-le-president-erdogan-celui-qui-tient-istanbul-tient-la-turquie_5479700_3210.html, urlToImage=https://img.lemde.fr/2019/05/29/340/0/3500/1750/1440/720/60/0/e9291c8_FFF-IST19_TURKEY-ANNIVERSARY-_0529_11.JPG, publishedAt=Fri Jun 21 12:20:22 CEST 2019, content=Article réservé aux abonnés
Ancien ambassadeur de lUnion européenne (UE) à Ankara, après avoir été notamment ambassadeur de France au Maroc, puis de lUE à Damas et à Tripoli, Marc Pierini est actuellement chercheur invité au Centre Carnegie de Bruxelles.
Ma… [+2725 chars])
2019-06-22 02:08:24,469 DEBUG yncrea.isen.cir3.view.impl.MyView(1.) [Thread-6] updateArticlesHeadlines ArticleData(author=Philippe Escande, title=« Les très chers portables de Donald Trump et Xi Jinping », description=Les dirigeants américains et chinois se retrouveront au G20 d’Osaka vendredi 28 juin. Ils parleront à coup sûr de Huawei et Apple, leurs deux géants nationaux de la téléphonie mobile, explique Philippe Escande, éditorialiste économique au « Monde »., url=https://www.lemonde.fr/economie/article/2019/06/21/les-tres-chers-portables-de-donald-trump-et-xi-jinping_5479621_3234.html, urlToImage=https://img.lemde.fr/2019/06/21/300/0/3600/1800/1440/720/60/0/96805b0_oUSk5XjdfvN7Ba3yXR6_XMK1.jpg, publishedAt=Fri Jun 21 11:15:10 CEST 2019, content=Le président américain Donald Trump et le président chinois Xi Jinping, lors dun dîner entre les deux chefs dEtat, à Pékin, le 9 novembre 2017. Jonathan Ernst / REUTERS
Pertes et profits. Donald Trump et Xi Jinping sont comme tout le monde. Quand ils se renc… [+2850 chars])
2019-06-22 02:08:26,386 DEBUG yncrea.isen.cir3.view.impl.MyView(1.) [Thread-6] updateArticlesHeadlines ArticleData(author=Natia Navrouzov, title=« La France doit rapatrier ses ressortissants en Irak pour rendre justice aux Yézidis », description=Le rôle des Français qui ont rejoint les rangs de l’organisation Etat islamique dans les crimes commis contre la minorité de la région du Sinjar doit être établi par la justice française. Cet élément trop souvent oublié dans le débat, estime l’avocate Natia N…, url=https://www.lemonde.fr/idees/article/2019/06/21/la-france-doit-rapatrier-ses-ressortissants-en-irak-pour-rendre-justice-aux-yezidis_5479552_3232.html, urlToImage=https://img.lemde.fr/2015/02/04/95/0/4928/2464/1440/720/60/0/e2c748d_10823-f541db.jpg, publishedAt=Fri Jun 21 10:16:07 CEST 2019, content=« Il est impossible que les onze Français condamnés à mort aient pu ignorer le sort horrible réservé par leur groupe à cette communauté depuis août 2014 »(Photo: manifestation, en majorité de femmes, de soutien aux yézidis et aux chrétiens dIrak à Paris, le 1… [+3251 chars])
2019-06-22 02:08:29,238 DEBUG yncrea.isen.cir3.view.impl.MyView(1.) [Thread-6] updateArticlesHeadlines ArticleData(author=Guy Dutheil, title=Au salon du Bourget, Airbus signe des contrats pour 50 milliards de dollars, description=L’avionneur européen a réussi le lancement de l’A321 XLR, la nouvelle version de son moyen-courrier. Son rival américain Boeing a annoncé la reprise des ventes du 737 MAX, interdit de vol depuis mars., url=https://www.lemonde.fr/economie/article/2019/06/21/au-bourget-airbus-et-safran-font-le-plein-de-commandes-boeing-sauve-la-face_5479537_3234.html, urlToImage=https://img.lemde.fr/2019/06/21/85/0/5054/2527/1440/720/60/0/35a258a_c_gSMMtoXAp189kZ4V5IShoD.jpg, publishedAt=Fri Jun 21 09:49:06 CEST 2019, content=Article réservé aux abonnés
Au Salon du Bourget, près de Paris, mercredi 19 juin. PASCAL ROSSIGNOL / REUTERS
Au Bourget, avionneurs et équipementiers avaient le sourire, jeudi 20 juin, à lissue des journées réservées aux professionnels du Salon internationa… [+2489 chars])
2019-06-22 02:08:31,862 DEBUG yncrea.isen.cir3.view.impl.MyView(1.) [Thread-6] updateArticlesHeadlines ArticleData(author=null, title=Vidéo. Des « hublots » sur des vaches : L214 filme une pratique ancienne mais débattue, description=Vidéo - L’association L214 diffuse des images de bovins équipés de canules – hublots en plastique permettant un accès direct à leur rumen, provenant d’un centre de recherche privé sur la nutrition animale., url=https://www.lemonde.fr/festival/video/2019/06/20/des-hublots-sur-des-vaches-l214-filme-une-pratique-ancienne-mais-debattue_5478830_4415198.html, urlToImage=https://img.lemde.fr/2019/06/19/29/0/960/480/1440/720/60/0/49572cd_Ma1EfmaEiI554t10IexClxtf.JPG, publishedAt=Thu Jun 20 07:56:58 CEST 2019, content=Ces images de vaches porteuses de canules, aussi appelées vaches fistulées, tournées en février et mai 2019, ont été obtenues par lassociation L214. Les canules, qui permettent un accès direct à la panse des bovins, servent à observer et étudier leur digestio… [+848 chars])
2019-06-22 02:08:34,171 DEBUG yncrea.isen.cir3.view.impl.MyView(1.) [Thread-6] updateArticlesHeadlines ArticleData(author=null, title=Vidéo. Pourquoi Hongkong est (encore) dans la rue, description=Vidéo - Un million de personnes ont défilé le 9 juin dans les rues de Hongkong, un record depuis la rétrocession du territoire à la Chine en 1997. Mais depuis dix ans, ces manifestations monstres se succèdent. Explication en vidéo., url=https://www.lemonde.fr/international/video/2019/06/15/pourquoi-hongkong-est-encore-dans-la-rue_5476616_3210.html, urlToImage=https://img.lemde.fr/2019/06/09/429/0/4239/2118/1440/720/60/0/cd6cbde_5015305-01-06.jpg, publishedAt=Sat Jun 15 07:52:56 CEST 2019, content=Plus dun million de personnes, selon les organisateurs de la mobilisation, ont défilé le 9 juin dans les rues de Hongkong, qui compte sept millions dhabitants. Un record depuis la rétrocession du territoire à la Chine, en 1997. En cause, un projet de loi qui … [+1310 chars])
2019-06-22 02:08:38,980 DEBUG yncrea.isen.cir3.view.impl.MyView(1.) [Thread-6] updateArticlesHeadlines ArticleData(author=Karim El Hadj, title=Vidéo. Urgences : comment expliquer la crise dans les hôpitaux ?, description=Vidéo - Manque de médecins généralistes, manque de lits, postes vacants… les origines de la crise que traversent actuellement les services d’urgence sont multiples., url=https://www.lemonde.fr/sante/video/2019/06/14/urgences-la-crise-expliquee-en-chiffres_5476492_1651302.html, urlToImage=https://img.lemde.fr/2019/06/14/0/0/3828/1914/1440/720/60/0/b43df41_2Al3r5Q5vAcQFsmG6N22cU6D.jpg, publishedAt=Fri Jun 14 20:10:32 CEST 2019, content=Depuis le 18 mars, les grèves sétendent dans les services durgences. Dans des dizaines dhôpitaux, partout en France, cest le malaise. Chaque année, 180 000 personnes passeraient la nuit sur un brancard au lieu dêtre dirigées vers un lit dans un service spécia… [+1106 chars])
2019-06-22 02:08:42,856 DEBUG yncrea.isen.cir3.view.impl.MyView(1.) [Thread-6] updateArticlesHeadlines ArticleData(author=Asia Balluffier, title=Vidéo. Coupe du monde 2019 : comment la peur du ridicule explique la plupart des penaltys ratés, description=Vidéo - En observant quelque 300 penaltys tirés dans les principales compétitions de football dans le monde, des chercheurs se sont rendu compte que les joueurs adoptaient rarement la meilleure stratégie pendant leur match., url=https://www.lemonde.fr/sport/video/2019/06/12/coupe-du-monde-2019-comment-la-peur-du-ridicule-explique-la-plupart-des-penaltys-rates_5475435_3242.html, urlToImage=https://img.lemde.fr/2019/06/03/56/0/1800/900/1440/720/60/0/962deaf_9we7KXOCFSPdOdKL7jbVFNZT.png, publishedAt=Wed Jun 12 20:51:22 CEST 2019, content=Cette vidéo a été publiée lan dernier pour le Mondial 2018. La Coupe du monde féminine de cette année est loccasion dévoquer à nouveau la peur que suscitent les penaltys chez les joueurs et joueuses de foot.
Au football, le penalty est lun des moyens les plu… [+1130 chars])
2019-06-22 02:11:32,607 DEBUG yncrea.isen.cir3.view.impl.MyView(1.) [AWT-EventQueue-0] ActionEvent :  java.awt.event.ActionEvent[ACTION_PERFORMED,cmd=Get Headlines,when=1561162291199,modifiers=Button1] on javax.swing.JButton[,0,0,146x26,alignmentX=0.0,alignmentY=0.5,border=javax.swing.plaf.BorderUIResource$CompoundBorderUIResource@58ec80b0,flags=296,maximumSize=,minimumSize=,preferredSize=,defaultIcon=,disabledIcon=,disabledSelectedIcon=,margin=javax.swing.plaf.InsetsUIResource[top=2,left=14,bottom=2,right=14],paintBorder=true,paintFocus=true,pressedIcon=,rolloverEnabled=true,rolloverIcon=,rolloverSelectedIcon=,selectedIcon=,text=Get Headlines,defaultCapable=true]
2019-06-22 02:11:32,638 INFO yncrea.isen.cir3.model.impl.MyDefaultArticleModel(1.) [AWT-EventQueue-0] get headlines
2019-06-22 02:11:34,778 INFO yncrea.isen.cir3.model.impl.MyDefaultArticleModel$getHeadlines$2(1.) [Thread-6] StatusCode : 200
2019-06-22 02:11:34,778 INFO yncrea.isen.cir3.model.impl.MyDefaultArticleModel$$special$$inlined$observable$2(1.) [Thread-6] ArticlesHeadlines property change, notify observer
2019-06-22 02:11:34,778 INFO yncrea.isen.cir3.view.impl.MyView(1.) [Thread-6] receive articles data
2019-06-22 02:11:34,778 DEBUG yncrea.isen.cir3.view.impl.MyView(1.) [Thread-6] updateArticlesHeadlines ArticleData(author=Vincent Fagot, title=Lenovo ne veut plus se limiter à être un « simple » fabricant de matériel informatique, description=Le groupe chinois, numéro un mondial sur le marché du PC, veut développer une offre de services à destination des entreprises., url=https://www.lemonde.fr/economie/article/2019/06/21/lenovo-ne-veut-plus-se-limiter-a-etre-un-simple-fabricant-de-materiel-informatique_5479854_3234.html, urlToImage=https://img.lemde.fr/2019/06/21/356/0/4256/2128/1440/720/60/0/96b5044_DXxLkay3BDPGk1HL5DWZnv3S.jpg, publishedAt=Fri Jun 21 16:43:42 CEST 2019, content=Article réservé aux abonnés
Dans le classement des cent marques les plus puissantes au monde paru mardi 11 juin dans le Financial Times, ne figurent que deux fabricants dordinateurs, tout en bas de la liste : Dell (81e) et HP (93e). Lenovo, lui, ny figure pa… [+2371 chars])
2019-06-22 02:11:38,355 DEBUG yncrea.isen.cir3.view.impl.MyView(1.) [Thread-6] updateArticlesHeadlines ArticleData(author=Matthieu Auzanneau, Maxence Cordiez, title=Extraction minière : « Sortir des énergies fossiles est une nécessité vitale pour la France, qui n’a toujours pas de pétrole et manque d’idées neuves », description=Dès 2025, l’économie mondiale manquera de pétrole à bon marché. La cause du climat rejoindra celle de la croissance, observent, dans une tribune au « Monde », les chercheurs Matthieu Auzanneau et Maxence Cordiez., url=https://www.lemonde.fr/idees/article/2019/06/21/extraction-miniere-sortir-des-energies-fossiles-est-une-necessite-vitale-pour-la-france-qui-n-a-toujours-pas-de-petrole-et-manque-d-idees-neuves_5479747_3232.html, urlToImage=https://img.lemde.fr/2019/06/20/597/0/7142/3571/1440/720/60/0/c65b82d_aXnw4BVJJ1kOLYIeQotmsbOB.jpg, publishedAt=Fri Jun 21 13:52:51 CEST 2019, content=Matthieu Auzanneau
Directeur du Shift Project, groupe de réflexion sur la transition énergétique
Maxence Cordiez
Ingénieur chercheur au Commissariat à l'énergie atomique et aux énergies alternatives /CEA
Dès 2025, léconomie mondiale manquera de pétrole à … [+3184 chars])
2019-06-22 02:11:42,570 DEBUG yncrea.isen.cir3.view.impl.MyView(1.) [Thread-6] updateArticlesHeadlines ArticleData(author=Marc Semo, title=Marc Pierini : « Pour le président Erdogan, celui qui tient Istanbul tient la Turquie », description=Après l’annulation, fin mars, de la victoire du candidat de l’opposition par le régime de Recep Tayyip Erdogan, la nouvelle élection municipale d’Istanbul, le 23 juin, représente un moment crucial pour le pays., url=https://www.lemonde.fr/international/article/2019/06/21/marc-pierini-pour-le-president-erdogan-celui-qui-tient-istanbul-tient-la-turquie_5479700_3210.html, urlToImage=https://img.lemde.fr/2019/05/29/340/0/3500/1750/1440/720/60/0/e9291c8_FFF-IST19_TURKEY-ANNIVERSARY-_0529_11.JPG, publishedAt=Fri Jun 21 12:20:22 CEST 2019, content=Article réservé aux abonnés
Ancien ambassadeur de lUnion européenne (UE) à Ankara, après avoir été notamment ambassadeur de France au Maroc, puis de lUE à Damas et à Tripoli, Marc Pierini est actuellement chercheur invité au Centre Carnegie de Bruxelles.
Ma… [+2725 chars])
2019-06-22 02:11:49,255 DEBUG yncrea.isen.cir3.view.impl.MyView(1.) [Thread-6] updateArticlesHeadlines ArticleData(author=Philippe Escande, title=« Les très chers portables de Donald Trump et Xi Jinping », description=Les dirigeants américains et chinois se retrouveront au G20 d’Osaka vendredi 28 juin. Ils parleront à coup sûr de Huawei et Apple, leurs deux géants nationaux de la téléphonie mobile, explique Philippe Escande, éditorialiste économique au « Monde »., url=https://www.lemonde.fr/economie/article/2019/06/21/les-tres-chers-portables-de-donald-trump-et-xi-jinping_5479621_3234.html, urlToImage=https://img.lemde.fr/2019/06/21/300/0/3600/1800/1440/720/60/0/96805b0_oUSk5XjdfvN7Ba3yXR6_XMK1.jpg, publishedAt=Fri Jun 21 11:15:10 CEST 2019, content=Le président américain Donald Trump et le président chinois Xi Jinping, lors dun dîner entre les deux chefs dEtat, à Pékin, le 9 novembre 2017. Jonathan Ernst / REUTERS
Pertes et profits. Donald Trump et Xi Jinping sont comme tout le monde. Quand ils se renc… [+2850 chars])
2019-06-22 02:11:51,698 DEBUG yncrea.isen.cir3.view.impl.MyView(1.) [Thread-6] updateArticlesHeadlines ArticleData(author=Natia Navrouzov, title=« La France doit rapatrier ses ressortissants en Irak pour rendre justice aux Yézidis », description=Le rôle des Français qui ont rejoint les rangs de l’organisation Etat islamique dans les crimes commis contre la minorité de la région du Sinjar doit être établi par la justice française. Cet élément trop souvent oublié dans le débat, estime l’avocate Natia N…, url=https://www.lemonde.fr/idees/article/2019/06/21/la-france-doit-rapatrier-ses-ressortissants-en-irak-pour-rendre-justice-aux-yezidis_5479552_3232.html, urlToImage=https://img.lemde.fr/2015/02/04/95/0/4928/2464/1440/720/60/0/e2c748d_10823-f541db.jpg, publishedAt=Fri Jun 21 10:16:07 CEST 2019, content=« Il est impossible que les onze Français condamnés à mort aient pu ignorer le sort horrible réservé par leur groupe à cette communauté depuis août 2014 »(Photo: manifestation, en majorité de femmes, de soutien aux yézidis et aux chrétiens dIrak à Paris, le 1… [+3251 chars])
2019-06-22 02:11:54,418 DEBUG yncrea.isen.cir3.view.impl.MyView(1.) [Thread-6] updateArticlesHeadlines ArticleData(author=Guy Dutheil, title=Au salon du Bourget, Airbus signe des contrats pour 50 milliards de dollars, description=L’avionneur européen a réussi le lancement de l’A321 XLR, la nouvelle version de son moyen-courrier. Son rival américain Boeing a annoncé la reprise des ventes du 737 MAX, interdit de vol depuis mars., url=https://www.lemonde.fr/economie/article/2019/06/21/au-bourget-airbus-et-safran-font-le-plein-de-commandes-boeing-sauve-la-face_5479537_3234.html, urlToImage=https://img.lemde.fr/2019/06/21/85/0/5054/2527/1440/720/60/0/35a258a_c_gSMMtoXAp189kZ4V5IShoD.jpg, publishedAt=Fri Jun 21 09:49:06 CEST 2019, content=Article réservé aux abonnés
Au Salon du Bourget, près de Paris, mercredi 19 juin. PASCAL ROSSIGNOL / REUTERS
Au Bourget, avionneurs et équipementiers avaient le sourire, jeudi 20 juin, à lissue des journées réservées aux professionnels du Salon internationa… [+2489 chars])
2019-06-22 02:12:01,242 DEBUG yncrea.isen.cir3.view.impl.MyView(1.) [Thread-6] updateArticlesHeadlines ArticleData(author=null, title=Vidéo. Des « hublots » sur des vaches : L214 filme une pratique ancienne mais débattue, description=Vidéo - L’association L214 diffuse des images de bovins équipés de canules – hublots en plastique permettant un accès direct à leur rumen, provenant d’un centre de recherche privé sur la nutrition animale., url=https://www.lemonde.fr/festival/video/2019/06/20/des-hublots-sur-des-vaches-l214-filme-une-pratique-ancienne-mais-debattue_5478830_4415198.html, urlToImage=https://img.lemde.fr/2019/06/19/29/0/960/480/1440/720/60/0/49572cd_Ma1EfmaEiI554t10IexClxtf.JPG, publishedAt=Thu Jun 20 07:56:58 CEST 2019, content=Ces images de vaches porteuses de canules, aussi appelées vaches fistulées, tournées en février et mai 2019, ont été obtenues par lassociation L214. Les canules, qui permettent un accès direct à la panse des bovins, servent à observer et étudier leur digestio… [+848 chars])
2019-06-22 02:12:06,894 DEBUG yncrea.isen.cir3.view.impl.MyView(1.) [Thread-6] updateArticlesHeadlines ArticleData(author=null, title=Vidéo. Pourquoi Hongkong est (encore) dans la rue, description=Vidéo - Un million de personnes ont défilé le 9 juin dans les rues de Hongkong, un record depuis la rétrocession du territoire à la Chine en 1997. Mais depuis dix ans, ces manifestations monstres se succèdent. Explication en vidéo., url=https://www.lemonde.fr/international/video/2019/06/15/pourquoi-hongkong-est-encore-dans-la-rue_5476616_3210.html, urlToImage=https://img.lemde.fr/2019/06/09/429/0/4239/2118/1440/720/60/0/cd6cbde_5015305-01-06.jpg, publishedAt=Sat Jun 15 07:52:56 CEST 2019, content=Plus dun million de personnes, selon les organisateurs de la mobilisation, ont défilé le 9 juin dans les rues de Hongkong, qui compte sept millions dhabitants. Un record depuis la rétrocession du territoire à la Chine, en 1997. En cause, un projet de loi qui … [+1310 chars])
2019-06-22 02:12:14,443 DEBUG yncrea.isen.cir3.view.impl.MyView(1.) [Thread-6] updateArticlesHeadlines ArticleData(author=Karim El Hadj, title=Vidéo. Urgences : comment expliquer la crise dans les hôpitaux ?, description=Vidéo - Manque de médecins généralistes, manque de lits, postes vacants… les origines de la crise que traversent actuellement les services d’urgence sont multiples., url=https://www.lemonde.fr/sante/video/2019/06/14/urgences-la-crise-expliquee-en-chiffres_5476492_1651302.html, urlToImage=https://img.lemde.fr/2019/06/14/0/0/3828/1914/1440/720/60/0/b43df41_2Al3r5Q5vAcQFsmG6N22cU6D.jpg, publishedAt=Fri Jun 14 20:10:32 CEST 2019, content=Depuis le 18 mars, les grèves sétendent dans les services durgences. Dans des dizaines dhôpitaux, partout en France, cest le malaise. Chaque année, 180 000 personnes passeraient la nuit sur un brancard au lieu dêtre dirigées vers un lit dans un service spécia… [+1106 chars])
2019-06-22 02:12:16,508 DEBUG yncrea.isen.cir3.view.impl.MyView(1.) [Thread-6] updateArticlesHeadlines ArticleData(author=Asia Balluffier, title=Vidéo. Coupe du monde 2019 : comment la peur du ridicule explique la plupart des penaltys ratés, description=Vidéo - En observant quelque 300 penaltys tirés dans les principales compétitions de football dans le monde, des chercheurs se sont rendu compte que les joueurs adoptaient rarement la meilleure stratégie pendant leur match., url=https://www.lemonde.fr/sport/video/2019/06/12/coupe-du-monde-2019-comment-la-peur-du-ridicule-explique-la-plupart-des-penaltys-rates_5475435_3242.html, urlToImage=https://img.lemde.fr/2019/06/03/56/0/1800/900/1440/720/60/0/962deaf_9we7KXOCFSPdOdKL7jbVFNZT.png, publishedAt=Wed Jun 12 20:51:22 CEST 2019, content=Cette vidéo a été publiée lan dernier pour le Mondial 2018. La Coupe du monde féminine de cette année est loccasion dévoquer à nouveau la peur que suscitent les penaltys chez les joueurs et joueuses de foot.
Au football, le penalty est lun des moyens les plu… [+1130 chars])
2019-06-22 02:15:50,619 DEBUG yncrea.isen.cir3.view.impl.MyView(1.) [AWT-EventQueue-0] ActionEvent :  java.awt.event.ActionEvent[ACTION_PERFORMED,cmd=Get Headlines,when=1561162549167,modifiers=Button1] on javax.swing.JButton[,0,0,146x26,alignmentX=0.0,alignmentY=0.5,border=javax.swing.plaf.BorderUIResource$CompoundBorderUIResource@597024d3,flags=296,maximumSize=,minimumSize=,preferredSize=,defaultIcon=,disabledIcon=,disabledSelectedIcon=,margin=javax.swing.plaf.InsetsUIResource[top=2,left=14,bottom=2,right=14],paintBorder=true,paintFocus=true,pressedIcon=,rolloverEnabled=true,rolloverIcon=,rolloverSelectedIcon=,selectedIcon=,text=Get Headlines,defaultCapable=true]
2019-06-22 02:15:50,651 INFO yncrea.isen.cir3.model.impl.MyDefaultArticleModel(1.) [AWT-EventQueue-0] get headlines
2019-06-22 02:15:52,857 INFO yncrea.isen.cir3.model.impl.MyDefaultArticleModel$getHeadlines$2(1.) [Thread-6] StatusCode : 200
2019-06-22 02:15:52,857 INFO yncrea.isen.cir3.model.impl.MyDefaultArticleModel$$special$$inlined$observable$2(1.) [Thread-6] ArticlesHeadlines property change, notify observer
2019-06-22 02:15:52,857 INFO yncrea.isen.cir3.view.impl.MyView(1.) [Thread-6] receive articles data
2019-06-22 02:15:52,857 DEBUG yncrea.isen.cir3.view.impl.MyView(1.) [Thread-6] updateArticlesHeadlines ArticleData(author=Vincent Fagot, title=Lenovo ne veut plus se limiter à être un « simple » fabricant de matériel informatique, description=Le groupe chinois, numéro un mondial sur le marché du PC, veut développer une offre de services à destination des entreprises., url=https://www.lemonde.fr/economie/article/2019/06/21/lenovo-ne-veut-plus-se-limiter-a-etre-un-simple-fabricant-de-materiel-informatique_5479854_3234.html, urlToImage=https://img.lemde.fr/2019/06/21/356/0/4256/2128/1440/720/60/0/96b5044_DXxLkay3BDPGk1HL5DWZnv3S.jpg, publishedAt=Fri Jun 21 16:43:42 CEST 2019, content=Article réservé aux abonnés
Dans le classement des cent marques les plus puissantes au monde paru mardi 11 juin dans le Financial Times, ne figurent que deux fabricants dordinateurs, tout en bas de la liste : Dell (81e) et HP (93e). Lenovo, lui, ny figure pa… [+2371 chars])
2019-06-22 02:15:53,325 DEBUG yncrea.isen.cir3.view.impl.MyView(1.) [Thread-6] updateArticlesHeadlines ArticleData(author=Matthieu Auzanneau, Maxence Cordiez, title=Extraction minière : « Sortir des énergies fossiles est une nécessité vitale pour la France, qui n’a toujours pas de pétrole et manque d’idées neuves », description=Dès 2025, l’économie mondiale manquera de pétrole à bon marché. La cause du climat rejoindra celle de la croissance, observent, dans une tribune au « Monde », les chercheurs Matthieu Auzanneau et Maxence Cordiez., url=https://www.lemonde.fr/idees/article/2019/06/21/extraction-miniere-sortir-des-energies-fossiles-est-une-necessite-vitale-pour-la-france-qui-n-a-toujours-pas-de-petrole-et-manque-d-idees-neuves_5479747_3232.html, urlToImage=https://img.lemde.fr/2019/06/20/597/0/7142/3571/1440/720/60/0/c65b82d_aXnw4BVJJ1kOLYIeQotmsbOB.jpg, publishedAt=Fri Jun 21 13:52:51 CEST 2019, content=Matthieu Auzanneau
Directeur du Shift Project, groupe de réflexion sur la transition énergétique
Maxence Cordiez
Ingénieur chercheur au Commissariat à l'énergie atomique et aux énergies alternatives /CEA
Dès 2025, léconomie mondiale manquera de pétrole à … [+3184 chars])
2019-06-22 02:15:53,544 DEBUG yncrea.isen.cir3.view.impl.MyView(1.) [Thread-6] updateArticlesHeadlines ArticleData(author=Marc Semo, title=Marc Pierini : « Pour le président Erdogan, celui qui tient Istanbul tient la Turquie », description=Après l’annulation, fin mars, de la victoire du candidat de l’opposition par le régime de Recep Tayyip Erdogan, la nouvelle élection municipale d’Istanbul, le 23 juin, représente un moment crucial pour le pays., url=https://www.lemonde.fr/international/article/2019/06/21/marc-pierini-pour-le-president-erdogan-celui-qui-tient-istanbul-tient-la-turquie_5479700_3210.html, urlToImage=https://img.lemde.fr/2019/05/29/340/0/3500/1750/1440/720/60/0/e9291c8_FFF-IST19_TURKEY-ANNIVERSARY-_0529_11.JPG, publishedAt=Fri Jun 21 12:20:22 CEST 2019, content=Article réservé aux abonnés
Ancien ambassadeur de lUnion européenne (UE) à Ankara, après avoir été notamment ambassadeur de France au Maroc, puis de lUE à Damas et à Tripoli, Marc Pierini est actuellement chercheur invité au Centre Carnegie de Bruxelles.
Ma… [+2725 chars])
2019-06-22 02:15:53,779 DEBUG yncrea.isen.cir3.view.impl.MyView(1.) [Thread-6] updateArticlesHeadlines ArticleData(author=Philippe Escande, title=« Les très chers portables de Donald Trump et Xi Jinping », description=Les dirigeants américains et chinois se retrouveront au G20 d’Osaka vendredi 28 juin. Ils parleront à coup sûr de Huawei et Apple, leurs deux géants nationaux de la téléphonie mobile, explique Philippe Escande, éditorialiste économique au « Monde »., url=https://www.lemonde.fr/economie/article/2019/06/21/les-tres-chers-portables-de-donald-trump-et-xi-jinping_5479621_3234.html, urlToImage=https://img.lemde.fr/2019/06/21/300/0/3600/1800/1440/720/60/0/96805b0_oUSk5XjdfvN7Ba3yXR6_XMK1.jpg, publishedAt=Fri Jun 21 11:15:10 CEST 2019, content=Le président américain Donald Trump et le président chinois Xi Jinping, lors dun dîner entre les deux chefs dEtat, à Pékin, le 9 novembre 2017. Jonathan Ernst / REUTERS
Pertes et profits. Donald Trump et Xi Jinping sont comme tout le monde. Quand ils se renc… [+2850 chars])
2019-06-22 02:15:53,997 DEBUG yncrea.isen.cir3.view.impl.MyView(1.) [Thread-6] updateArticlesHeadlines ArticleData(author=Natia Navrouzov, title=« La France doit rapatrier ses ressortissants en Irak pour rendre justice aux Yézidis », description=Le rôle des Français qui ont rejoint les rangs de l’organisation Etat islamique dans les crimes commis contre la minorité de la région du Sinjar doit être établi par la justice française. Cet élément trop souvent oublié dans le débat, estime l’avocate Natia N…, url=https://www.lemonde.fr/idees/article/2019/06/21/la-france-doit-rapatrier-ses-ressortissants-en-irak-pour-rendre-justice-aux-yezidis_5479552_3232.html, urlToImage=https://img.lemde.fr/2015/02/04/95/0/4928/2464/1440/720/60/0/e2c748d_10823-f541db.jpg, publishedAt=Fri Jun 21 10:16:07 CEST 2019, content=« Il est impossible que les onze Français condamnés à mort aient pu ignorer le sort horrible réservé par leur groupe à cette communauté depuis août 2014 »(Photo: manifestation, en majorité de femmes, de soutien aux yézidis et aux chrétiens dIrak à Paris, le 1… [+3251 chars])
2019-06-22 02:15:54,247 DEBUG yncrea.isen.cir3.view.impl.MyView(1.) [Thread-6] updateArticlesHeadlines ArticleData(author=Guy Dutheil, title=Au salon du Bourget, Airbus signe des contrats pour 50 milliards de dollars, description=L’avionneur européen a réussi le lancement de l’A321 XLR, la nouvelle version de son moyen-courrier. Son rival américain Boeing a annoncé la reprise des ventes du 737 MAX, interdit de vol depuis mars., url=https://www.lemonde.fr/economie/article/2019/06/21/au-bourget-airbus-et-safran-font-le-plein-de-commandes-boeing-sauve-la-face_5479537_3234.html, urlToImage=https://img.lemde.fr/2019/06/21/85/0/5054/2527/1440/720/60/0/35a258a_c_gSMMtoXAp189kZ4V5IShoD.jpg, publishedAt=Fri Jun 21 09:49:06 CEST 2019, content=Article réservé aux abonnés
Au Salon du Bourget, près de Paris, mercredi 19 juin. PASCAL ROSSIGNOL / REUTERS
Au Bourget, avionneurs et équipementiers avaient le sourire, jeudi 20 juin, à lissue des journées réservées aux professionnels du Salon internationa… [+2489 chars])
2019-06-22 02:15:54,606 DEBUG yncrea.isen.cir3.view.impl.MyView(1.) [Thread-6] updateArticlesHeadlines ArticleData(author=null, title=Vidéo. Des « hublots » sur des vaches : L214 filme une pratique ancienne mais débattue, description=Vidéo - L’association L214 diffuse des images de bovins équipés de canules – hublots en plastique permettant un accès direct à leur rumen, provenant d’un centre de recherche privé sur la nutrition animale., url=https://www.lemonde.fr/festival/video/2019/06/20/des-hublots-sur-des-vaches-l214-filme-une-pratique-ancienne-mais-debattue_5478830_4415198.html, urlToImage=https://img.lemde.fr/2019/06/19/29/0/960/480/1440/720/60/0/49572cd_Ma1EfmaEiI554t10IexClxtf.JPG, publishedAt=Thu Jun 20 07:56:58 CEST 2019, content=Ces images de vaches porteuses de canules, aussi appelées vaches fistulées, tournées en février et mai 2019, ont été obtenues par lassociation L214. Les canules, qui permettent un accès direct à la panse des bovins, servent à observer et étudier leur digestio… [+848 chars])
2019-06-22 02:15:54,778 DEBUG yncrea.isen.cir3.view.impl.MyView(1.) [Thread-6] updateArticlesHeadlines ArticleData(author=null, title=Vidéo. Pourquoi Hongkong est (encore) dans la rue, description=Vidéo - Un million de personnes ont défilé le 9 juin dans les rues de Hongkong, un record depuis la rétrocession du territoire à la Chine en 1997. Mais depuis dix ans, ces manifestations monstres se succèdent. Explication en vidéo., url=https://www.lemonde.fr/international/video/2019/06/15/pourquoi-hongkong-est-encore-dans-la-rue_5476616_3210.html, urlToImage=https://img.lemde.fr/2019/06/09/429/0/4239/2118/1440/720/60/0/cd6cbde_5015305-01-06.jpg, publishedAt=Sat Jun 15 07:52:56 CEST 2019, content=Plus dun million de personnes, selon les organisateurs de la mobilisation, ont défilé le 9 juin dans les rues de Hongkong, qui compte sept millions dhabitants. Un record depuis la rétrocession du territoire à la Chine, en 1997. En cause, un projet de loi qui … [+1310 chars])
2019-06-22 02:15:55,063 DEBUG yncrea.isen.cir3.view.impl.MyView(1.) [Thread-6] updateArticlesHeadlines ArticleData(author=Karim El Hadj, title=Vidéo. Urgences : comment expliquer la crise dans les hôpitaux ?, description=Vidéo - Manque de médecins généralistes, manque de lits, postes vacants… les origines de la crise que traversent actuellement les services d’urgence sont multiples., url=https://www.lemonde.fr/sante/video/2019/06/14/urgences-la-crise-expliquee-en-chiffres_5476492_1651302.html, urlToImage=https://img.lemde.fr/2019/06/14/0/0/3828/1914/1440/720/60/0/b43df41_2Al3r5Q5vAcQFsmG6N22cU6D.jpg, publishedAt=Fri Jun 14 20:10:32 CEST 2019, content=Depuis le 18 mars, les grèves sétendent dans les services durgences. Dans des dizaines dhôpitaux, partout en France, cest le malaise. Chaque année, 180 000 personnes passeraient la nuit sur un brancard au lieu dêtre dirigées vers un lit dans un service spécia… [+1106 chars])
2019-06-22 02:15:55,766 DEBUG yncrea.isen.cir3.view.impl.MyView(1.) [Thread-6] updateArticlesHeadlines ArticleData(author=Asia Balluffier, title=Vidéo. Coupe du monde 2019 : comment la peur du ridicule explique la plupart des penaltys ratés, description=Vidéo - En observant quelque 300 penaltys tirés dans les principales compétitions de football dans le monde, des chercheurs se sont rendu compte que les joueurs adoptaient rarement la meilleure stratégie pendant leur match., url=https://www.lemonde.fr/sport/video/2019/06/12/coupe-du-monde-2019-comment-la-peur-du-ridicule-explique-la-plupart-des-penaltys-rates_5475435_3242.html, urlToImage=https://img.lemde.fr/2019/06/03/56/0/1800/900/1440/720/60/0/962deaf_9we7KXOCFSPdOdKL7jbVFNZT.png, publishedAt=Wed Jun 12 20:51:22 CEST 2019, content=Cette vidéo a été publiée lan dernier pour le Mondial 2018. La Coupe du monde féminine de cette année est loccasion dévoquer à nouveau la peur que suscitent les penaltys chez les joueurs et joueuses de foot.
Au football, le penalty est lun des moyens les plu… [+1130 chars])
2019-06-22 10:45:57,733 DEBUG yncrea.isen.cir3.view.impl.MyView(1.) [AWT-EventQueue-0] ActionEvent :  java.awt.event.ActionEvent[ACTION_PERFORMED,cmd=Get Headlines,when=1561193156765,modifiers=Button1] on javax.swing.JButton[,0,0,146x26,alignmentX=0.0,alignmentY=0.5,border=javax.swing.plaf.BorderUIResource$CompoundBorderUIResource@58ec80b0,flags=296,maximumSize=,minimumSize=,preferredSize=,defaultIcon=,disabledIcon=,disabledSelectedIcon=,margin=javax.swing.plaf.InsetsUIResource[top=2,left=14,bottom=2,right=14],paintBorder=true,paintFocus=true,pressedIcon=,rolloverEnabled=true,rolloverIcon=,rolloverSelectedIcon=,selectedIcon=,text=Get Headlines,defaultCapable=true]
2019-06-22 10:45:57,765 INFO yncrea.isen.cir3.model.impl.MyDefaultArticleModel(1.) [AWT-EventQueue-0] get headlines
2019-06-22 10:45:59,858 INFO yncrea.isen.cir3.model.impl.MyDefaultArticleModel$getHeadlines$2(1.) [Thread-6] StatusCode : 200
2019-06-22 10:45:59,858 INFO yncrea.isen.cir3.model.impl.MyDefaultArticleModel$$special$$inlined$observable$2(1.) [Thread-6] ArticlesHeadlines property change, notify observer
2019-06-22 10:45:59,858 INFO yncrea.isen.cir3.view.impl.MyView(1.) [Thread-6] receive articles data
2019-06-22 10:45:59,858 DEBUG yncrea.isen.cir3.view.impl.MyView(1.) [Thread-6] updateArticlesHeadlines ArticleData(author=Rafaële Rivais, title=Immobilier : quand le notaire ne vérifie pas que le vendeur avait fait faillite, description=Le devoir de conseil des notaires leur impose de vérifier que les vendeurs ne sont pas sous le coup d’une procédure collective. Ils doivent pour ce faire consulter les publications légales. Sinon l’acheteur risque de perdre son bien., url=https://www.lemonde.fr/argent/article/2019/06/22/immobilier-quand-le-notaire-ne-verifie-pas-que-le-vendeur-avait-fait-faillite_5480010_1657007.html, urlToImage=https://img.lemde.fr/2019/06/20/468/0/5616/2808/1440/720/60/0/dea7357_dbYkpSXUAG8PJQztQzPxTbXy.jpg, publishedAt=Sat Jun 22 06:00:48 CEST 2019, content=Les notaires nont lobligation de vérifier labsence de procédure collective du vendeur dun bien immobilier que depuis  juin 2009. Nicolas Thibaut / Photononstop
Le 17 juin 2002, M. et Mme B. achètent un appartement avec vue mer, en Gironde, afin dy couler une… [+1920 chars])
2019-06-22 10:46:01,451 DEBUG yncrea.isen.cir3.view.impl.MyView(1.) [Thread-6] updateArticlesHeadlines ArticleData(author=null, title=Assurance-chômage : une réforme « mal ficelée et trop timide », description=L’économiste François Fontaine regrette, dans une tribune au « Monde », que le cœur de la réforme – la limitation des contrats courts – ait été pollué par des mesures annexes et « baroques »., url=https://www.lemonde.fr/emploi/article/2019/06/22/assurance-chomage-une-reforme-mal-ficelee-et-trop-timide_5480011_1698637.html, urlToImage=https://img.lemde.fr/2019/06/18/39/0/3743/1869/1440/720/60/0/b7ebd8c_5077768-01-06.jpg, publishedAt=Sat Jun 22 06:00:46 CEST 2019, content=Le premier ministre, Edouard Philippe, et la ministre du travail, Muriel Pénicaud, lors de la présentation de la réforme de lassurance-chômage, à Paris, le 18 juin 2019. LUCAS BARIOULET / AFP
Tribune. Il aura fallu deux années au gouvernement pour faire abou… [+2875 chars])
2019-06-22 10:46:02,357 DEBUG yncrea.isen.cir3.view.impl.MyView(1.) [Thread-6] updateArticlesHeadlines ArticleData(author=Vincent Fagot, title=Lenovo ne veut plus se limiter à être un « simple » fabricant de matériel informatique, description=Le groupe chinois, numéro un mondial sur le marché du PC, veut développer une offre de services à destination des entreprises., url=https://www.lemonde.fr/economie/article/2019/06/21/lenovo-ne-veut-plus-se-limiter-a-etre-un-simple-fabricant-de-materiel-informatique_5479854_3234.html, urlToImage=https://img.lemde.fr/2019/06/21/356/0/4256/2128/1440/720/60/0/96b5044_DXxLkay3BDPGk1HL5DWZnv3S.jpg, publishedAt=Fri Jun 21 16:43:42 CEST 2019, content=Article réservé aux abonnés
Dans le classement des cent marques les plus puissantes au monde paru mardi 11 juin dans le Financial Times, ne figurent que deux fabricants dordinateurs, tout en bas de la liste : Dell (81e) et HP (93e). Lenovo, lui, ny figure pa… [+2371 chars])
2019-06-22 10:46:04,451 DEBUG yncrea.isen.cir3.view.impl.MyView(1.) [Thread-6] updateArticlesHeadlines ArticleData(author=Marc Semo, title=Marc Pierini : « Pour le président Erdogan, celui qui tient Istanbul tient la Turquie », description=Après l’annulation, fin mars, de la victoire du candidat de l’opposition par le régime de Recep Tayyip Erdogan, la nouvelle élection municipale d’Istanbul, le 23 juin, représente un moment crucial pour le pays., url=https://www.lemonde.fr/international/article/2019/06/21/marc-pierini-pour-le-president-erdogan-celui-qui-tient-istanbul-tient-la-turquie_5479700_3210.html, urlToImage=https://img.lemde.fr/2019/05/29/340/0/3500/1750/1440/720/60/0/e9291c8_FFF-IST19_TURKEY-ANNIVERSARY-_0529_11.JPG, publishedAt=Fri Jun 21 12:20:22 CEST 2019, content=Article réservé aux abonnés
Ancien ambassadeur de lUnion européenne (UE) à Ankara, après avoir été notamment ambassadeur de France au Maroc, puis de lUE à Damas et à Tripoli, Marc Pierini est actuellement chercheur invité au Centre Carnegie de Bruxelles.
Ma… [+2725 chars])
2019-06-22 10:46:06,037 DEBUG yncrea.isen.cir3.view.impl.MyView(1.) [Thread-6] updateArticlesHeadlines ArticleData(author=Philippe Escande, title=« Les très chers portables de Donald Trump et Xi Jinping », description=Les dirigeants américains et chinois se retrouveront au G20 d’Osaka vendredi 28 juin. Ils parleront à coup sûr de Huawei et Apple, leurs deux géants nationaux de la téléphonie mobile, explique Philippe Escande, éditorialiste économique au « Monde »., url=https://www.lemonde.fr/economie/article/2019/06/21/les-tres-chers-portables-de-donald-trump-et-xi-jinping_5479621_3234.html, urlToImage=https://img.lemde.fr/2019/06/21/300/0/3600/1800/1440/720/60/0/96805b0_oUSk5XjdfvN7Ba3yXR6_XMK1.jpg, publishedAt=Fri Jun 21 11:15:10 CEST 2019, content=Le président américain Donald Trump et le président chinois Xi Jinping, lors dun dîner entre les deux chefs dEtat, à Pékin, le 9 novembre 2017. Jonathan Ernst / REUTERS
Pertes et profits. Donald Trump et Xi Jinping sont comme tout le monde. Quand ils se renc… [+2850 chars])
2019-06-22 10:46:07,149 DEBUG yncrea.isen.cir3.view.impl.MyView(1.) [Thread-6] updateArticlesHeadlines ArticleData(author=Natia Navrouzov, title=« La France doit rapatrier ses ressortissants en Irak pour rendre justice aux Yézidis », description=Le rôle des Français qui ont rejoint les rangs de l’organisation Etat islamique dans les crimes commis contre la minorité de la région du Sinjar doit être établi par la justice française. Cet élément trop souvent oublié dans le débat, estime l’avocate Natia N…, url=https://www.lemonde.fr/idees/article/2019/06/21/la-france-doit-rapatrier-ses-ressortissants-en-irak-pour-rendre-justice-aux-yezidis_5479552_3232.html, urlToImage=https://img.lemde.fr/2015/02/04/95/0/4928/2464/1440/720/60/0/e2c748d_10823-f541db.jpg, publishedAt=Fri Jun 21 10:16:07 CEST 2019, content=« Il est impossible que les onze Français condamnés à mort aient pu ignorer le sort horrible réservé par leur groupe à cette communauté depuis août 2014 »(Photo: manifestation, en majorité de femmes, de soutien aux yézidis et aux chrétiens dIrak à Paris, le 1… [+3251 chars])
2019-06-22 10:46:08,333 DEBUG yncrea.isen.cir3.view.impl.MyView(1.) [Thread-6] updateArticlesHeadlines ArticleData(author=null, title=Vidéo. Des « hublots » sur des vaches : L214 filme une pratique ancienne mais débattue, description=Vidéo - L’association L214 diffuse des images de bovins équipés de canules – hublots en plastique permettant un accès direct à leur rumen, provenant d’un centre de recherche privé sur la nutrition animale., url=https://www.lemonde.fr/festival/video/2019/06/20/des-hublots-sur-des-vaches-l214-filme-une-pratique-ancienne-mais-debattue_5478830_4415198.html, urlToImage=https://img.lemde.fr/2019/06/19/29/0/960/480/1440/720/60/0/49572cd_Ma1EfmaEiI554t10IexClxtf.JPG, publishedAt=Thu Jun 20 07:56:58 CEST 2019, content=Ces images de vaches porteuses de canules, aussi appelées vaches fistulées, tournées en février et mai 2019, ont été obtenues par lassociation L214. Les canules, qui permettent un accès direct à la panse des bovins, servent à observer et étudier leur digestio… [+848 chars])
2019-06-22 10:46:10,125 DEBUG yncrea.isen.cir3.view.impl.MyView(1.) [Thread-6] updateArticlesHeadlines ArticleData(author=null, title=Vidéo. Pourquoi Hongkong est (encore) dans la rue, description=Vidéo - Un million de personnes ont défilé le 9 juin dans les rues de Hongkong, un record depuis la rétrocession du territoire à la Chine en 1997. Mais depuis dix ans, ces manifestations monstres se succèdent. Explication en vidéo., url=https://www.lemonde.fr/international/video/2019/06/15/pourquoi-hongkong-est-encore-dans-la-rue_5476616_3210.html, urlToImage=https://img.lemde.fr/2019/06/09/429/0/4239/2118/1440/720/60/0/cd6cbde_5015305-01-06.jpg, publishedAt=Sat Jun 15 07:52:56 CEST 2019, content=Plus dun million de personnes, selon les organisateurs de la mobilisation, ont défilé le 9 juin dans les rues de Hongkong, qui compte sept millions dhabitants. Un record depuis la rétrocession du territoire à la Chine, en 1997. En cause, un projet de loi qui … [+1310 chars])
2019-06-22 10:46:14,158 DEBUG yncrea.isen.cir3.view.impl.MyView(1.) [Thread-6] updateArticlesHeadlines ArticleData(author=Karim El Hadj, title=Vidéo. Urgences : comment expliquer la crise dans les hôpitaux ?, description=Vidéo - Manque de médecins généralistes, manque de lits, postes vacants… les origines de la crise que traversent actuellement les services d’urgence sont multiples., url=https://www.lemonde.fr/sante/video/2019/06/14/urgences-la-crise-expliquee-en-chiffres_5476492_1651302.html, urlToImage=https://img.lemde.fr/2019/06/14/0/0/3828/1914/1440/720/60/0/b43df41_2Al3r5Q5vAcQFsmG6N22cU6D.jpg, publishedAt=Fri Jun 14 20:10:32 CEST 2019, content=Depuis le 18 mars, les grèves sétendent dans les services durgences. Dans des dizaines dhôpitaux, partout en France, cest le malaise. Chaque année, 180 000 personnes passeraient la nuit sur un brancard au lieu dêtre dirigées vers un lit dans un service spécia… [+1106 chars])
2019-06-22 10:46:15,000 DEBUG yncrea.isen.cir3.view.impl.MyView(1.) [Thread-6] updateArticlesHeadlines ArticleData(author=Asia Balluffier, title=Vidéo. Coupe du monde 2019 : comment la peur du ridicule explique la plupart des penaltys ratés, description=Vidéo - En observant quelque 300 penaltys tirés dans les principales compétitions de football dans le monde, des chercheurs se sont rendu compte que les joueurs adoptaient rarement la meilleure stratégie pendant leur match., url=https://www.lemonde.fr/sport/video/2019/06/12/coupe-du-monde-2019-comment-la-peur-du-ridicule-explique-la-plupart-des-penaltys-rates_5475435_3242.html, urlToImage=https://img.lemde.fr/2019/06/03/56/0/1800/900/1440/720/60/0/962deaf_9we7KXOCFSPdOdKL7jbVFNZT.png, publishedAt=Wed Jun 12 20:51:22 CEST 2019, content=Cette vidéo a été publiée lan dernier pour le Mondial 2018. La Coupe du monde féminine de cette année est loccasion dévoquer à nouveau la peur que suscitent les penaltys chez les joueurs et joueuses de foot.
Au football, le penalty est lun des moyens les plu… [+1130 chars])
2019-06-22 10:47:00,465 DEBUG yncrea.isen.cir3.view.impl.MyView(1.) [AWT-EventQueue-0] ActionEvent :  java.awt.event.ActionEvent[ACTION_PERFORMED,cmd=Get Headlines,when=1561193219669,modifiers=Button1] on javax.swing.JButton[,0,0,480x26,alignmentX=0.0,alignmentY=0.5,border=javax.swing.plaf.BorderUIResource$CompoundBorderUIResource@16ea618a,flags=296,maximumSize=,minimumSize=,preferredSize=,defaultIcon=,disabledIcon=,disabledSelectedIcon=,margin=javax.swing.plaf.InsetsUIResource[top=2,left=14,bottom=2,right=14],paintBorder=true,paintFocus=true,pressedIcon=,rolloverEnabled=true,rolloverIcon=,rolloverSelectedIcon=,selectedIcon=,text=Get Headlines,defaultCapable=true]
2019-06-22 10:47:00,481 INFO yncrea.isen.cir3.model.impl.MyDefaultArticleModel(1.) [AWT-EventQueue-0] get headlines
2019-06-22 10:47:01,887 INFO yncrea.isen.cir3.model.impl.MyDefaultArticleModel$getHeadlines$2(1.) [Thread-6] StatusCode : 200
2019-06-22 10:47:01,903 INFO yncrea.isen.cir3.model.impl.MyDefaultArticleModel$$special$$inlined$observable$2(1.) [Thread-6] ArticlesHeadlines property change, notify observer
2019-06-22 10:47:01,903 INFO yncrea.isen.cir3.view.impl.MyView(1.) [Thread-6] receive articles data
2019-06-22 10:47:01,903 DEBUG yncrea.isen.cir3.view.impl.MyView(1.) [Thread-6] updateArticlesHeadlines ArticleData(author=Rafaële Rivais, title=Immobilier : quand le notaire ne vérifie pas que le vendeur avait fait faillite, description=Le devoir de conseil des notaires leur impose de vérifier que les vendeurs ne sont pas sous le coup d’une procédure collective. Ils doivent pour ce faire consulter les publications légales. Sinon l’acheteur risque de perdre son bien., url=https://www.lemonde.fr/argent/article/2019/06/22/immobilier-quand-le-notaire-ne-verifie-pas-que-le-vendeur-avait-fait-faillite_5480010_1657007.html, urlToImage=https://img.lemde.fr/2019/06/20/468/0/5616/2808/1440/720/60/0/dea7357_dbYkpSXUAG8PJQztQzPxTbXy.jpg, publishedAt=Sat Jun 22 06:00:48 CEST 2019, content=Les notaires nont lobligation de vérifier labsence de procédure collective du vendeur dun bien immobilier que depuis  juin 2009. Nicolas Thibaut / Photononstop
Le 17 juin 2002, M. et Mme B. achètent un appartement avec vue mer, en Gironde, afin dy couler une… [+1920 chars])
2019-06-22 10:47:03,793 DEBUG yncrea.isen.cir3.view.impl.MyView(1.) [Thread-6] updateArticlesHeadlines ArticleData(author=null, title=Assurance-chômage : une réforme « mal ficelée et trop timide », description=L’économiste François Fontaine regrette, dans une tribune au « Monde », que le cœur de la réforme – la limitation des contrats courts – ait été pollué par des mesures annexes et « baroques »., url=https://www.lemonde.fr/emploi/article/2019/06/22/assurance-chomage-une-reforme-mal-ficelee-et-trop-timide_5480011_1698637.html, urlToImage=https://img.lemde.fr/2019/06/18/39/0/3743/1869/1440/720/60/0/b7ebd8c_5077768-01-06.jpg, publishedAt=Sat Jun 22 06:00:46 CEST 2019, content=Le premier ministre, Edouard Philippe, et la ministre du travail, Muriel Pénicaud, lors de la présentation de la réforme de lassurance-chômage, à Paris, le 18 juin 2019. LUCAS BARIOULET / AFP
Tribune. Il aura fallu deux années au gouvernement pour faire abou… [+2875 chars])
2019-06-22 10:47:04,699 DEBUG yncrea.isen.cir3.view.impl.MyView(1.) [Thread-6] updateArticlesHeadlines ArticleData(author=Vincent Fagot, title=Lenovo ne veut plus se limiter à être un « simple » fabricant de matériel informatique, description=Le groupe chinois, numéro un mondial sur le marché du PC, veut développer une offre de services à destination des entreprises., url=https://www.lemonde.fr/economie/article/2019/06/21/lenovo-ne-veut-plus-se-limiter-a-etre-un-simple-fabricant-de-materiel-informatique_5479854_3234.html, urlToImage=https://img.lemde.fr/2019/06/21/356/0/4256/2128/1440/720/60/0/96b5044_DXxLkay3BDPGk1HL5DWZnv3S.jpg, publishedAt=Fri Jun 21 16:43:42 CEST 2019, content=Article réservé aux abonnés
Dans le classement des cent marques les plus puissantes au monde paru mardi 11 juin dans le Financial Times, ne figurent que deux fabricants dordinateurs, tout en bas de la liste : Dell (81e) et HP (93e). Lenovo, lui, ny figure pa… [+2371 chars])
2019-06-22 10:47:06,730 DEBUG yncrea.isen.cir3.view.impl.MyView(1.) [Thread-6] updateArticlesHeadlines ArticleData(author=Marc Semo, title=Marc Pierini : « Pour le président Erdogan, celui qui tient Istanbul tient la Turquie », description=Après l’annulation, fin mars, de la victoire du candidat de l’opposition par le régime de Recep Tayyip Erdogan, la nouvelle élection municipale d’Istanbul, le 23 juin, représente un moment crucial pour le pays., url=https://www.lemonde.fr/international/article/2019/06/21/marc-pierini-pour-le-president-erdogan-celui-qui-tient-istanbul-tient-la-turquie_5479700_3210.html, urlToImage=https://img.lemde.fr/2019/05/29/340/0/3500/1750/1440/720/60/0/e9291c8_FFF-IST19_TURKEY-ANNIVERSARY-_0529_11.JPG, publishedAt=Fri Jun 21 12:20:22 CEST 2019, content=Article réservé aux abonnés
Ancien ambassadeur de lUnion européenne (UE) à Ankara, après avoir été notamment ambassadeur de France au Maroc, puis de lUE à Damas et à Tripoli, Marc Pierini est actuellement chercheur invité au Centre Carnegie de Bruxelles.
Ma… [+2725 chars])
2019-06-22 10:47:08,182 DEBUG yncrea.isen.cir3.view.impl.MyView(1.) [Thread-6] updateArticlesHeadlines ArticleData(author=Philippe Escande, title=« Les très chers portables de Donald Trump et Xi Jinping », description=Les dirigeants américains et chinois se retrouveront au G20 d’Osaka vendredi 28 juin. Ils parleront à coup sûr de Huawei et Apple, leurs deux géants nationaux de la téléphonie mobile, explique Philippe Escande, éditorialiste économique au « Monde »., url=https://www.lemonde.fr/economie/article/2019/06/21/les-tres-chers-portables-de-donald-trump-et-xi-jinping_5479621_3234.html, urlToImage=https://img.lemde.fr/2019/06/21/300/0/3600/1800/1440/720/60/0/96805b0_oUSk5XjdfvN7Ba3yXR6_XMK1.jpg, publishedAt=Fri Jun 21 11:15:10 CEST 2019, content=Le président américain Donald Trump et le président chinois Xi Jinping, lors dun dîner entre les deux chefs dEtat, à Pékin, le 9 novembre 2017. Jonathan Ernst / REUTERS
Pertes et profits. Donald Trump et Xi Jinping sont comme tout le monde. Quand ils se renc… [+2850 chars])
2019-06-22 10:47:09,151 DEBUG yncrea.isen.cir3.view.impl.MyView(1.) [Thread-6] updateArticlesHeadlines ArticleData(author=Natia Navrouzov, title=« La France doit rapatrier ses ressortissants en Irak pour rendre justice aux Yézidis », description=Le rôle des Français qui ont rejoint les rangs de l’organisation Etat islamique dans les crimes commis contre la minorité de la région du Sinjar doit être établi par la justice française. Cet élément trop souvent oublié dans le débat, estime l’avocate Natia N…, url=https://www.lemonde.fr/idees/article/2019/06/21/la-france-doit-rapatrier-ses-ressortissants-en-irak-pour-rendre-justice-aux-yezidis_5479552_3232.html, urlToImage=https://img.lemde.fr/2015/02/04/95/0/4928/2464/1440/720/60/0/e2c748d_10823-f541db.jpg, publishedAt=Fri Jun 21 10:16:07 CEST 2019, content=« Il est impossible que les onze Français condamnés à mort aient pu ignorer le sort horrible réservé par leur groupe à cette communauté depuis août 2014 »(Photo: manifestation, en majorité de femmes, de soutien aux yézidis et aux chrétiens dIrak à Paris, le 1… [+3251 chars])
2019-06-22 10:47:10,166 DEBUG yncrea.isen.cir3.view.impl.MyView(1.) [Thread-6] updateArticlesHeadlines ArticleData(author=null, title=Vidéo. Des « hublots » sur des vaches : L214 filme une pratique ancienne mais débattue, description=Vidéo - L’association L214 diffuse des images de bovins équipés de canules – hublots en plastique permettant un accès direct à leur rumen, provenant d’un centre de recherche privé sur la nutrition animale., url=https://www.lemonde.fr/festival/video/2019/06/20/des-hublots-sur-des-vaches-l214-filme-une-pratique-ancienne-mais-debattue_5478830_4415198.html, urlToImage=https://img.lemde.fr/2019/06/19/29/0/960/480/1440/720/60/0/49572cd_Ma1EfmaEiI554t10IexClxtf.JPG, publishedAt=Thu Jun 20 07:56:58 CEST 2019, content=Ces images de vaches porteuses de canules, aussi appelées vaches fistulées, tournées en février et mai 2019, ont été obtenues par lassociation L214. Les canules, qui permettent un accès direct à la panse des bovins, servent à observer et étudier leur digestio… [+848 chars])
2019-06-22 10:47:11,650 DEBUG yncrea.isen.cir3.view.impl.MyView(1.) [Thread-6] updateArticlesHeadlines ArticleData(author=null, title=Vidéo. Pourquoi Hongkong est (encore) dans la rue, description=Vidéo - Un million de personnes ont défilé le 9 juin dans les rues de Hongkong, un record depuis la rétrocession du territoire à la Chine en 1997. Mais depuis dix ans, ces manifestations monstres se succèdent. Explication en vidéo., url=https://www.lemonde.fr/international/video/2019/06/15/pourquoi-hongkong-est-encore-dans-la-rue_5476616_3210.html, urlToImage=https://img.lemde.fr/2019/06/09/429/0/4239/2118/1440/720/60/0/cd6cbde_5015305-01-06.jpg, publishedAt=Sat Jun 15 07:52:56 CEST 2019, content=Plus dun million de personnes, selon les organisateurs de la mobilisation, ont défilé le 9 juin dans les rues de Hongkong, qui compte sept millions dhabitants. Un record depuis la rétrocession du territoire à la Chine, en 1997. En cause, un projet de loi qui … [+1310 chars])
2019-06-22 10:47:14,743 DEBUG yncrea.isen.cir3.view.impl.MyView(1.) [Thread-6] updateArticlesHeadlines ArticleData(author=Karim El Hadj, title=Vidéo. Urgences : comment expliquer la crise dans les hôpitaux ?, description=Vidéo - Manque de médecins généralistes, manque de lits, postes vacants… les origines de la crise que traversent actuellement les services d’urgence sont multiples., url=https://www.lemonde.fr/sante/video/2019/06/14/urgences-la-crise-expliquee-en-chiffres_5476492_1651302.html, urlToImage=https://img.lemde.fr/2019/06/14/0/0/3828/1914/1440/720/60/0/b43df41_2Al3r5Q5vAcQFsmG6N22cU6D.jpg, publishedAt=Fri Jun 14 20:10:32 CEST 2019, content=Depuis le 18 mars, les grèves sétendent dans les services durgences. Dans des dizaines dhôpitaux, partout en France, cest le malaise. Chaque année, 180 000 personnes passeraient la nuit sur un brancard au lieu dêtre dirigées vers un lit dans un service spécia… [+1106 chars])
2019-06-22 10:47:15,495 DEBUG yncrea.isen.cir3.view.impl.MyView(1.) [Thread-6] updateArticlesHeadlines ArticleData(author=Asia Balluffier, title=Vidéo. Coupe du monde 2019 : comment la peur du ridicule explique la plupart des penaltys ratés, description=Vidéo - En observant quelque 300 penaltys tirés dans les principales compétitions de football dans le monde, des chercheurs se sont rendu compte que les joueurs adoptaient rarement la meilleure stratégie pendant leur match., url=https://www.lemonde.fr/sport/video/2019/06/12/coupe-du-monde-2019-comment-la-peur-du-ridicule-explique-la-plupart-des-penaltys-rates_5475435_3242.html, urlToImage=https://img.lemde.fr/2019/06/03/56/0/1800/900/1440/720/60/0/962deaf_9we7KXOCFSPdOdKL7jbVFNZT.png, publishedAt=Wed Jun 12 20:51:22 CEST 2019, content=Cette vidéo a été publiée lan dernier pour le Mondial 2018. La Coupe du monde féminine de cette année est loccasion dévoquer à nouveau la peur que suscitent les penaltys chez les joueurs et joueuses de foot.
Au football, le penalty est lun des moyens les plu… [+1130 chars])
2019-06-22 10:50:21,084 DEBUG yncrea.isen.cir3.view.impl.MyView(1.) [AWT-EventQueue-0] ActionEvent :  java.awt.event.ActionEvent[ACTION_PERFORMED,cmd=Get Headlines,when=1561193420272,modifiers=Button1] on javax.swing.JButton[,0,0,146x26,alignmentX=0.0,alignmentY=0.5,border=javax.swing.plaf.BorderUIResource$CompoundBorderUIResource@2c27697,flags=296,maximumSize=,minimumSize=,preferredSize=,defaultIcon=,disabledIcon=,disabledSelectedIcon=,margin=javax.swing.plaf.InsetsUIResource[top=2,left=14,bottom=2,right=14],paintBorder=true,paintFocus=true,pressedIcon=,rolloverEnabled=true,rolloverIcon=,rolloverSelectedIcon=,selectedIcon=,text=Get Headlines,defaultCapable=true]
2019-06-22 10:50:21,099 INFO yncrea.isen.cir3.model.impl.MyDefaultArticleModel(1.) [AWT-EventQueue-0] get headlines
2019-06-22 10:50:31,514 INFO yncrea.isen.cir3.model.impl.MyDefaultArticleModel$getHeadlines$2(1.) [Thread-6] StatusCode : 200
2019-06-22 10:50:31,514 INFO yncrea.isen.cir3.model.impl.MyDefaultArticleModel$$special$$inlined$observable$2(1.) [Thread-6] ArticlesHeadlines property change, notify observer
2019-06-22 10:50:31,514 INFO yncrea.isen.cir3.view.impl.MyView(1.) [Thread-6] receive articles data
2019-06-22 10:50:31,514 DEBUG yncrea.isen.cir3.view.impl.MyView(1.) [Thread-6] updateArticlesHeadlines ArticleData(author=Rafaële Rivais, title=Immobilier : quand le notaire ne vérifie pas que le vendeur avait fait faillite, description=Le devoir de conseil des notaires leur impose de vérifier que les vendeurs ne sont pas sous le coup d’une procédure collective. Ils doivent pour ce faire consulter les publications légales. Sinon l’acheteur risque de perdre son bien., url=https://www.lemonde.fr/argent/article/2019/06/22/immobilier-quand-le-notaire-ne-verifie-pas-que-le-vendeur-avait-fait-faillite_5480010_1657007.html, urlToImage=https://img.lemde.fr/2019/06/20/468/0/5616/2808/1440/720/60/0/dea7357_dbYkpSXUAG8PJQztQzPxTbXy.jpg, publishedAt=Sat Jun 22 06:00:48 CEST 2019, content=Les notaires nont lobligation de vérifier labsence de procédure collective du vendeur dun bien immobilier que depuis  juin 2009. Nicolas Thibaut / Photononstop
Le 17 juin 2002, M. et Mme B. achètent un appartement avec vue mer, en Gironde, afin dy couler une… [+1920 chars])
2019-06-22 10:50:33,317 DEBUG yncrea.isen.cir3.view.impl.MyView(1.) [Thread-6] updateArticlesHeadlines ArticleData(author=null, title=Assurance-chômage : une réforme « mal ficelée et trop timide », description=L’économiste François Fontaine regrette, dans une tribune au « Monde », que le cœur de la réforme – la limitation des contrats courts – ait été pollué par des mesures annexes et « baroques »., url=https://www.lemonde.fr/emploi/article/2019/06/22/assurance-chomage-une-reforme-mal-ficelee-et-trop-timide_5480011_1698637.html, urlToImage=https://img.lemde.fr/2019/06/18/39/0/3743/1869/1440/720/60/0/b7ebd8c_5077768-01-06.jpg, publishedAt=Sat Jun 22 06:00:46 CEST 2019, content=Le premier ministre, Edouard Philippe, et la ministre du travail, Muriel Pénicaud, lors de la présentation de la réforme de lassurance-chômage, à Paris, le 18 juin 2019. LUCAS BARIOULET / AFP
Tribune. Il aura fallu deux années au gouvernement pour faire abou… [+2875 chars])
2019-06-22 10:50:34,254 DEBUG yncrea.isen.cir3.view.impl.MyView(1.) [Thread-6] updateArticlesHeadlines ArticleData(author=Vincent Fagot, title=Lenovo ne veut plus se limiter à être un « simple » fabricant de matériel informatique, description=Le groupe chinois, numéro un mondial sur le marché du PC, veut développer une offre de services à destination des entreprises., url=https://www.lemonde.fr/economie/article/2019/06/21/lenovo-ne-veut-plus-se-limiter-a-etre-un-simple-fabricant-de-materiel-informatique_5479854_3234.html, urlToImage=https://img.lemde.fr/2019/06/21/356/0/4256/2128/1440/720/60/0/96b5044_DXxLkay3BDPGk1HL5DWZnv3S.jpg, publishedAt=Fri Jun 21 16:43:42 CEST 2019, content=Article réservé aux abonnés
Dans le classement des cent marques les plus puissantes au monde paru mardi 11 juin dans le Financial Times, ne figurent que deux fabricants dordinateurs, tout en bas de la liste : Dell (81e) et HP (93e). Lenovo, lui, ny figure pa… [+2371 chars])
2019-06-22 10:50:36,176 DEBUG yncrea.isen.cir3.view.impl.MyView(1.) [Thread-6] updateArticlesHeadlines ArticleData(author=Marc Semo, title=Marc Pierini : « Pour le président Erdogan, celui qui tient Istanbul tient la Turquie », description=Après l’annulation, fin mars, de la victoire du candidat de l’opposition par le régime de Recep Tayyip Erdogan, la nouvelle élection municipale d’Istanbul, le 23 juin, représente un moment crucial pour le pays., url=https://www.lemonde.fr/international/article/2019/06/21/marc-pierini-pour-le-president-erdogan-celui-qui-tient-istanbul-tient-la-turquie_5479700_3210.html, urlToImage=https://img.lemde.fr/2019/05/29/340/0/3500/1750/1440/720/60/0/e9291c8_FFF-IST19_TURKEY-ANNIVERSARY-_0529_11.JPG, publishedAt=Fri Jun 21 12:20:22 CEST 2019, content=Article réservé aux abonnés
Ancien ambassadeur de lUnion européenne (UE) à Ankara, après avoir été notamment ambassadeur de France au Maroc, puis de lUE à Damas et à Tripoli, Marc Pierini est actuellement chercheur invité au Centre Carnegie de Bruxelles.
Ma… [+2725 chars])
2019-06-22 10:50:37,691 DEBUG yncrea.isen.cir3.view.impl.MyView(1.) [Thread-6] updateArticlesHeadlines ArticleData(author=Philippe Escande, title=« Les très chers portables de Donald Trump et Xi Jinping », description=Les dirigeants américains et chinois se retrouveront au G20 d’Osaka vendredi 28 juin. Ils parleront à coup sûr de Huawei et Apple, leurs deux géants nationaux de la téléphonie mobile, explique Philippe Escande, éditorialiste économique au « Monde »., url=https://www.lemonde.fr/economie/article/2019/06/21/les-tres-chers-portables-de-donald-trump-et-xi-jinping_5479621_3234.html, urlToImage=https://img.lemde.fr/2019/06/21/300/0/3600/1800/1440/720/60/0/96805b0_oUSk5XjdfvN7Ba3yXR6_XMK1.jpg, publishedAt=Fri Jun 21 11:15:10 CEST 2019, content=Le président américain Donald Trump et le président chinois Xi Jinping, lors dun dîner entre les deux chefs dEtat, à Pékin, le 9 novembre 2017. Jonathan Ernst / REUTERS
Pertes et profits. Donald Trump et Xi Jinping sont comme tout le monde. Quand ils se renc… [+2850 chars])
2019-06-22 10:50:38,644 DEBUG yncrea.isen.cir3.view.impl.MyView(1.) [Thread-6] updateArticlesHeadlines ArticleData(author=Natia Navrouzov, title=« La France doit rapatrier ses ressortissants en Irak pour rendre justice aux Yézidis », description=Le rôle des Français qui ont rejoint les rangs de l’organisation Etat islamique dans les crimes commis contre la minorité de la région du Sinjar doit être établi par la justice française. Cet élément trop souvent oublié dans le débat, estime l’avocate Natia N…, url=https://www.lemonde.fr/idees/article/2019/06/21/la-france-doit-rapatrier-ses-ressortissants-en-irak-pour-rendre-justice-aux-yezidis_5479552_3232.html, urlToImage=https://img.lemde.fr/2015/02/04/95/0/4928/2464/1440/720/60/0/e2c748d_10823-f541db.jpg, publishedAt=Fri Jun 21 10:16:07 CEST 2019, content=« Il est impossible que les onze Français condamnés à mort aient pu ignorer le sort horrible réservé par leur groupe à cette communauté depuis août 2014 »(Photo: manifestation, en majorité de femmes, de soutien aux yézidis et aux chrétiens dIrak à Paris, le 1… [+3251 chars])
2019-06-22 10:50:39,660 DEBUG yncrea.isen.cir3.view.impl.MyView(1.) [Thread-6] updateArticlesHeadlines ArticleData(author=null, title=Vidéo. Des « hublots » sur des vaches : L214 filme une pratique ancienne mais débattue, description=Vidéo - L’association L214 diffuse des images de bovins équipés de canules – hublots en plastique permettant un accès direct à leur rumen, provenant d’un centre de recherche privé sur la nutrition animale., url=https://www.lemonde.fr/festival/video/2019/06/20/des-hublots-sur-des-vaches-l214-filme-une-pratique-ancienne-mais-debattue_5478830_4415198.html, urlToImage=https://img.lemde.fr/2019/06/19/29/0/960/480/1440/720/60/0/49572cd_Ma1EfmaEiI554t10IexClxtf.JPG, publishedAt=Thu Jun 20 07:56:58 CEST 2019, content=Ces images de vaches porteuses de canules, aussi appelées vaches fistulées, tournées en février et mai 2019, ont été obtenues par lassociation L214. Les canules, qui permettent un accès direct à la panse des bovins, servent à observer et étudier leur digestio… [+848 chars])
2019-06-22 10:50:41,144 DEBUG yncrea.isen.cir3.view.impl.MyView(1.) [Thread-6] updateArticlesHeadlines ArticleData(author=null, title=Vidéo. Pourquoi Hongkong est (encore) dans la rue, description=Vidéo - Un million de personnes ont défilé le 9 juin dans les rues de Hongkong, un record depuis la rétrocession du territoire à la Chine en 1997. Mais depuis dix ans, ces manifestations monstres se succèdent. Explication en vidéo., url=https://www.lemonde.fr/international/video/2019/06/15/pourquoi-hongkong-est-encore-dans-la-rue_5476616_3210.html, urlToImage=https://img.lemde.fr/2019/06/09/429/0/4239/2118/1440/720/60/0/cd6cbde_5015305-01-06.jpg, publishedAt=Sat Jun 15 07:52:56 CEST 2019, content=Plus dun million de personnes, selon les organisateurs de la mobilisation, ont défilé le 9 juin dans les rues de Hongkong, qui compte sept millions dhabitants. Un record depuis la rétrocession du territoire à la Chine, en 1997. En cause, un projet de loi qui … [+1310 chars])
2019-06-22 10:50:43,487 DEBUG yncrea.isen.cir3.view.impl.MyView(1.) [Thread-6] updateArticlesHeadlines ArticleData(author=Karim El Hadj, title=Vidéo. Urgences : comment expliquer la crise dans les hôpitaux ?, description=Vidéo - Manque de médecins généralistes, manque de lits, postes vacants… les origines de la crise que traversent actuellement les services d’urgence sont multiples., url=https://www.lemonde.fr/sante/video/2019/06/14/urgences-la-crise-expliquee-en-chiffres_5476492_1651302.html, urlToImage=https://img.lemde.fr/2019/06/14/0/0/3828/1914/1440/720/60/0/b43df41_2Al3r5Q5vAcQFsmG6N22cU6D.jpg, publishedAt=Fri Jun 14 20:10:32 CEST 2019, content=Depuis le 18 mars, les grèves sétendent dans les services durgences. Dans des dizaines dhôpitaux, partout en France, cest le malaise. Chaque année, 180 000 personnes passeraient la nuit sur un brancard au lieu dêtre dirigées vers un lit dans un service spécia… [+1106 chars])
2019-06-22 10:50:44,128 DEBUG yncrea.isen.cir3.view.impl.MyView(1.) [Thread-6] updateArticlesHeadlines ArticleData(author=Asia Balluffier, title=Vidéo. Coupe du monde 2019 : comment la peur du ridicule explique la plupart des penaltys ratés, description=Vidéo - En observant quelque 300 penaltys tirés dans les principales compétitions de football dans le monde, des chercheurs se sont rendu compte que les joueurs adoptaient rarement la meilleure stratégie pendant leur match., url=https://www.lemonde.fr/sport/video/2019/06/12/coupe-du-monde-2019-comment-la-peur-du-ridicule-explique-la-plupart-des-penaltys-rates_5475435_3242.html, urlToImage=https://img.lemde.fr/2019/06/03/56/0/1800/900/1440/720/60/0/962deaf_9we7KXOCFSPdOdKL7jbVFNZT.png, publishedAt=Wed Jun 12 20:51:22 CEST 2019, content=Cette vidéo a été publiée lan dernier pour le Mondial 2018. La Coupe du monde féminine de cette année est loccasion dévoquer à nouveau la peur que suscitent les penaltys chez les joueurs et joueuses de foot.
Au football, le penalty est lun des moyens les plu… [+1130 chars])
2019-06-25 00:01:58,225 DEBUG yncrea.isen.cir3.view.impl.MyView(1.) [AWT-EventQueue-0] ActionEvent :  java.awt.event.ActionEvent[ACTION_PERFORMED,cmd=Get Headlines,when=1561413716263,modifiers=Button1] on javax.swing.JButton[,0,0,146x26,alignmentX=0.0,alignmentY=0.5,border=javax.swing.plaf.BorderUIResource$CompoundBorderUIResource@307d02ae,flags=296,maximumSize=,minimumSize=,preferredSize=,defaultIcon=,disabledIcon=,disabledSelectedIcon=,margin=javax.swing.plaf.InsetsUIResource[top=2,left=14,bottom=2,right=14],paintBorder=true,paintFocus=true,pressedIcon=,rolloverEnabled=true,rolloverIcon=,rolloverSelectedIcon=,selectedIcon=,text=Get Headlines,defaultCapable=true]
2019-06-25 00:01:58,267 INFO yncrea.isen.cir3.model.impl.MyDefaultArticleModel(1.) [AWT-EventQueue-0] get headlines
2019-06-25 00:02:00,293 INFO yncrea.isen.cir3.model.impl.MyDefaultArticleModel$getHeadlines$2(1.) [Thread-6] StatusCode : 200
2019-06-25 00:02:00,295 INFO yncrea.isen.cir3.model.impl.MyDefaultArticleModel$$special$$inlined$observable$2(1.) [Thread-6] ArticlesHeadlines property change, notify observer
2019-06-25 00:02:00,295 INFO yncrea.isen.cir3.view.impl.MyView(1.) [Thread-6] receive articles data
2019-06-25 00:02:00,296 DEBUG yncrea.isen.cir3.view.impl.MyView(1.) [Thread-6] updateArticlesHeadlines ArticleData(author=Paul François Fournier, title=« La France a tous les atouts pour devenir un leader économique et intellectuel dans le domaine des technologies quantiques », description=Paul-François Fournier, directeur de Bpifrance, plaide dans une tribune au « Monde » pour un soutien public au développement de la recherche et de nouvelles entreprises dans le secteur stratégique des « technologies » issues de la physique quantique., url=https://www.lemonde.fr/idees/article/2019/06/24/la-france-a-tous-les-atouts-pour-devenir-un-leader-economique-et-intellectuel-dans-le-domaine-des-technologies-quantiques_5480879_3232.html, urlToImage=https://img.lemde.fr/2019/06/24/561/0/6000/3000/1440/720/60/0/ad8fc63_xg_ZoPSuTiFGErc3DlP3Tu8o.jpg, publishedAt=Mon Jun 24 18:00:39 CEST 2019, content=« Depuis deux ans, partout dans le monde, on assiste à une fulgurante accélération de la création de start-up dans le domaine quantique, le plus souvent issues des laboratoires académiques » Ipopba/Panther Media / GraphicObsession
Tribune. Le gouvernement fr… [+2566 chars])
2019-06-25 00:02:01,042 DEBUG yncrea.isen.cir3.view.impl.MyView(1.) [Thread-6] updateArticlesHeadlines ArticleData(author=Philippe Escande, title=« Pour Carrefour, qui quitte la Chine, le bonheur est de nouveau à la maison », description=il n’est pas le seul géant de la consommation de masse à délaisser l’international pour retourner en France., url=https://www.lemonde.fr/economie/article/2019/06/24/pour-carrefour-le-bonheur-est-de-nouveau-a-la-maison_5480677_3234.html, urlToImage=https://img.lemde.fr/2019/06/24/129/0/3900/1948/1440/720/60/0/eb7ae9b_nQOQcqxElUA8T_4PjCfjOz49.jpg, publishedAt=Mon Jun 24 10:39:22 CEST 2019, content=Devant un magasin Carrefour, à Pékin, en 2011. FREDERIC J. BROWN / AFP
Pertes et profits. « Jia Le Fu », le bonheur à la maison. Carrefour avait tapé juste en traduisant, en phonétique chinoise, son nom français pour conquérir lempire du Milieu.
Aujourdhui,… [+2060 chars])
2019-06-25 00:02:01,962 DEBUG yncrea.isen.cir3.view.impl.MyView(1.) [Thread-6] updateArticlesHeadlines ArticleData(author=Pierre Trouvé, title=Vidéo. Dotées de six doigts à chaque main : ce que l’étude de personnes polydactyles nous apprend, description=Vidéo - Agilité supérieure, muscles supplémentaires et cerveau particulier… Pour la première fois, des scientifiques ont étudié un cas rare de polydactylie., url=https://www.lemonde.fr/sciences/video/2019/06/23/dotees-de-six-doigts-a-chaque-main-ce-que-l-etude-de-personnes-polydactyles-nous-apprend_5480368_1650684.html, urlToImage=https://img.lemde.fr/2019/06/21/60/0/1920/960/1440/720/60/0/b2d9afc_3JRwXgBTIQO65hWXkuK62n3c.jpg, publishedAt=Sun Jun 23 15:06:04 CEST 2019, content=Une équipe internationale de chercheurs sest penchée sur les capacités exceptionnelles dune mère et de son fils, dotés dun doigt supplémentaire totalement fonctionnel à chaque main. Ce doigt surnuméraire se situe entre le pouce et lindex et leur permet une ex… [+1472 chars])
2019-06-25 00:02:02,311 DEBUG yncrea.isen.cir3.view.impl.MyView(1.) [Thread-6] updateArticlesHeadlines ArticleData(author=Laurence Girard, title=« Face à l’or, le palladium reste sur le podium », description=Les cours de l’or sont bouillonnants depuis que le métal jaune sert de valeur refuge dans un contexte géopolitique mondial tendu. Mais son concurrent argenté atteint des sommets depuis décembre 2018, explique la journaliste du « Monde » Laurence Girard., url=https://www.lemonde.fr/economie/article/2019/06/23/face-a-l-or-le-palladium-reste-sur-le-podium_5480318_3234.html, urlToImage=https://img.lemde.fr/2019/06/21/350/0/3762/1879/1440/720/60/0/1b497ac_qp8CKJUUYF_M0tSy8G9nEyQX.jpg, publishedAt=Sun Jun 23 11:15:45 CEST 2019, content=Une machine grave des informations sur un lingot de palladium pur à 99,97 % dans une usine du groupe Krastsvetmet, à Krasnoïarsk, en Russie, le 9 avril. Ilya Naymushin / REUTERS
Matières premières. Lor sort de sa torpeur. Un évènement dautant plus marquant q… [+2918 chars])
2019-06-25 00:02:02,864 DEBUG yncrea.isen.cir3.view.impl.MyView(1.) [Thread-6] updateArticlesHeadlines ArticleData(author=Vincent Fagot, title=Lenovo ne veut plus se limiter à être un « simple » fabricant de matériel informatique, description=Le groupe chinois, numéro un mondial sur le marché du PC, veut développer une offre de services à destination des entreprises., url=https://www.lemonde.fr/economie/article/2019/06/21/lenovo-ne-veut-plus-se-limiter-a-etre-un-simple-fabricant-de-materiel-informatique_5479854_3234.html, urlToImage=https://img.lemde.fr/2019/06/21/356/0/4256/2128/1440/720/60/0/96b5044_DXxLkay3BDPGk1HL5DWZnv3S.jpg, publishedAt=Fri Jun 21 16:43:42 CEST 2019, content=Article réservé aux abonnés
Dans le classement des cent marques les plus puissantes au monde paru mardi 11 juin dans le Financial Times, ne figurent que deux fabricants dordinateurs, tout en bas de la liste : Dell (81e) et HP (93e). Lenovo, lui, ny figure pa… [+2371 chars])
2019-06-25 00:02:03,541 DEBUG yncrea.isen.cir3.view.impl.MyView(1.) [Thread-6] updateArticlesHeadlines ArticleData(author=Pierre-Noël Giraud, title=Extraction minière : « Les entreprises anticipent la transition, mais elles attendent d’être contraintes par les Etats », description=Ni le fonctionnement des marchés, ni le « signal prix », ni la finance verte, ni la pression de l’opinion ne suffiront pour faire changer de modèle les géants du pétrole et du charbon, affirme l’économiste Pierre-Noël Giraud, dans une tribune au « Monde »., url=https://www.lemonde.fr/idees/article/2019/06/21/extraction-miniere-les-entreprises-anticipent-la-transition-mais-elles-attendent-d-etre-contraintes-par-les-etats_5479742_3232.html, urlToImage=https://img.lemde.fr/2019/03/20/466/0/5589/2794/1440/720/60/0/feb961c_Nrn7i4KdOdx_dJZ-qmiBfvuI.jpg, publishedAt=Fri Jun 21 13:50:27 CEST 2019, content=Pierre-Noël Giraud
Professeur d'économie
Ni le fonctionnement des marchés, ni le « signal prix », ni la finance verte, ni la pression de lopinion ne suffiront pour faire changer de modèle les géants du pétrole et du charbon, affirme léconomiste Pierre-Noël … [+2796 chars])
2019-06-25 00:02:04,110 DEBUG yncrea.isen.cir3.view.impl.MyView(1.) [Thread-6] updateArticlesHeadlines ArticleData(author=Philippe Copinschi, title=Extraction minière : « C’est un secteur où l’opacité et les pratiques de corruption ont longtemps été perçues comme inévitables voire acceptables », description=Philippe Copinschi, expert du secteur pétrolier, retrace, dans une tribune au « Monde », le long combat des organisations internationales pour imposer la transparence dans les industries extractives, notamment à travers la norme ITIE., url=https://www.lemonde.fr/economie/article/2019/06/21/extraction-miniere-c-est-un-secteur-ou-l-opacite-et-les-pratiques-de-corruption-ont-longtemps-ete-percues-comme-inevitables-voire-acceptables_5479737_3234.html, urlToImage=https://img.lemde.fr/2019/06/19/518/0/3500/1750/1440/720/60/0/f9bd2cf_FW1_CONGO-MINING-CMOC_0619_11.JPG, publishedAt=Fri Jun 21 13:48:28 CEST 2019, content=Philippe Copinschi
Enseignant à Sciences Po Paris
Philippe Copinschi, expert du secteur pétrolier, retrace, dans une tribune au « Monde », le long combat des organisations internationales pour imposer la transparence dans les industries extractives, notamme… [+2983 chars])
2019-06-25 00:02:04,857 DEBUG yncrea.isen.cir3.view.impl.MyView(1.) [Thread-6] updateArticlesHeadlines ArticleData(author=null, title=Vidéo. Des « hublots » sur des vaches : L214 filme une pratique ancienne mais débattue, description=Vidéo - L’association L214 diffuse des images de bovins équipés de canules – hublots en plastique permettant un accès direct à leur rumen, provenant d’un centre de recherche privé sur la nutrition animale., url=https://www.lemonde.fr/festival/video/2019/06/20/des-hublots-sur-des-vaches-l214-filme-une-pratique-ancienne-mais-debattue_5478830_4415198.html, urlToImage=https://img.lemde.fr/2019/06/19/29/0/960/480/1440/720/60/0/49572cd_Ma1EfmaEiI554t10IexClxtf.JPG, publishedAt=Thu Jun 20 07:56:58 CEST 2019, content=Ces images de vaches porteuses de canules, aussi appelées vaches fistulées, tournées en février et mai 2019, ont été obtenues par lassociation L214. Les canules, qui permettent un accès direct à la panse des bovins, servent à observer et étudier leur digestio… [+848 chars])
2019-06-25 00:02:05,391 DEBUG yncrea.isen.cir3.view.impl.MyView(1.) [Thread-6] updateArticlesHeadlines ArticleData(author=null, title=Vidéo. Pourquoi Hongkong est (encore) dans la rue, description=Vidéo - Un million de personnes ont défilé le 9 juin dans les rues de Hongkong, un record depuis la rétrocession du territoire à la Chine en 1997. Mais depuis dix ans, ces manifestations monstres se succèdent. Explication en vidéo., url=https://www.lemonde.fr/international/video/2019/06/15/pourquoi-hongkong-est-encore-dans-la-rue_5476616_3210.html, urlToImage=https://img.lemde.fr/2019/06/09/429/0/4239/2118/1440/720/60/0/cd6cbde_5015305-01-06.jpg, publishedAt=Sat Jun 15 07:52:56 CEST 2019, content=Plus dun million de personnes, selon les organisateurs de la mobilisation, ont défilé le 9 juin dans les rues de Hongkong, qui compte sept millions dhabitants. Un record depuis la rétrocession du territoire à la Chine, en 1997. En cause, un projet de loi qui … [+1310 chars])
2019-06-25 00:02:06,348 DEBUG yncrea.isen.cir3.view.impl.MyView(1.) [Thread-6] updateArticlesHeadlines ArticleData(author=Karim El Hadj, title=Vidéo. Urgences : comment expliquer la crise dans les hôpitaux ?, description=Vidéo - Manque de médecins généralistes, manque de lits, postes vacants… les origines de la crise que traversent actuellement les services d’urgence sont multiples., url=https://www.lemonde.fr/sante/video/2019/06/14/urgences-la-crise-expliquee-en-chiffres_5476492_1651302.html, urlToImage=https://img.lemde.fr/2019/06/14/0/0/3828/1914/1440/720/60/0/b43df41_2Al3r5Q5vAcQFsmG6N22cU6D.jpg, publishedAt=Fri Jun 14 20:10:32 CEST 2019, content=Depuis le 18 mars, les grèves sétendent dans les services durgences. Dans des dizaines dhôpitaux, partout en France, cest le malaise. Chaque année, 180 000 personnes passeraient la nuit sur un brancard au lieu dêtre dirigées vers un lit dans un service spécia… [+1106 chars])
2019-06-25 00:02:20,787 DEBUG yncrea.isen.cir3.view.impl.MyView(1.) [AWT-EventQueue-0] ActionEvent :  java.awt.event.ActionEvent[ACTION_PERFORMED,cmd=Get Articles,when=1561413740787,modifiers=Button1] on javax.swing.JButton[,1440,0,480x26,alignmentX=0.0,alignmentY=0.5,border=javax.swing.plaf.BorderUIResource$CompoundBorderUIResource@307d02ae,flags=296,maximumSize=,minimumSize=,preferredSize=,defaultIcon=,disabledIcon=,disabledSelectedIcon=,margin=javax.swing.plaf.InsetsUIResource[top=2,left=14,bottom=2,right=14],paintBorder=true,paintFocus=true,pressedIcon=,rolloverEnabled=true,rolloverIcon=,rolloverSelectedIcon=,selectedIcon=,text=Get Articles,defaultCapable=true]
2019-06-25 00:02:20,788 WARN yncrea.isen.cir3.view.impl.MyView(1.) [AWT-EventQueue-0] Page impossible = 
2019-06-25 00:02:38,719 DEBUG yncrea.isen.cir3.view.impl.MyView(1.) [AWT-EventQueue-0] ActionEvent :  java.awt.event.ActionEvent[ACTION_PERFORMED,cmd=Get Articles,when=1561413758719,modifiers=Button1] on javax.swing.JButton[,1440,0,480x26,alignmentX=0.0,alignmentY=0.5,border=javax.swing.plaf.BorderUIResource$CompoundBorderUIResource@307d02ae,flags=296,maximumSize=,minimumSize=,preferredSize=,defaultIcon=,disabledIcon=,disabledSelectedIcon=,margin=javax.swing.plaf.InsetsUIResource[top=2,left=14,bottom=2,right=14],paintBorder=true,paintFocus=true,pressedIcon=,rolloverEnabled=true,rolloverIcon=,rolloverSelectedIcon=,selectedIcon=,text=Get Articles,defaultCapable=true]
2019-06-25 00:02:38,720 INFO yncrea.isen.cir3.model.impl.MyDefaultArticleModel(1.) [AWT-EventQueue-0] get articles for page 1
2019-06-25 00:02:39,447 INFO yncrea.isen.cir3.model.impl.MyDefaultArticleModel$getArticlesForPage$2(1.) [Thread-6] StatusCode : 200
2019-06-25 00:02:39,448 INFO yncrea.isen.cir3.model.impl.MyDefaultArticleModel$$special$$inlined$observable$1(1.) [Thread-6] Articles property change, notify observer
2019-06-25 00:02:39,449 INFO yncrea.isen.cir3.view.impl.MyView(1.) [Thread-6] receive articles data
2019-06-25 00:02:39,450 DEBUG yncrea.isen.cir3.view.impl.MyView(1.) [Thread-6] updateArticles ArticleData(author=null, title=Le Mixed Martial Arts bientôt légalisé en France, description=Le ministère des sports a lancé un appel à manifestation d’intérêt auprès des fédérations pour prendre en charge ce sport de combat extrême., url=https://www.lemonde.fr/sport/article/2019/06/24/le-mixed-martial-arts-bientot-legalise-en-france_5480942_3242.html, urlToImage=https://img.lemde.fr/2019/06/09/296/0/3500/1750/1440/720/60/0/eae36ff_d18cf4ebde844050905949fa226f9848-d18cf4ebde844050905949fa226f9848-0.jpg, publishedAt=Mon Jun 24 22:52:30 CEST 2019, content=Donald Cerrone, de dos, assène un coup de poing à Tony Ferguson, à Chicago, le 8 juin 2019. Le MMA a pris une dimension mondiale sous limpulsion de la puissante ligue professionnelle américaine, lUltimate Fighting Championship (UFC), rachetée en 2016 pour prè… [+3983 chars])
2019-06-25 00:02:40,084 DEBUG yncrea.isen.cir3.view.impl.MyView(1.) [Thread-6] updateArticles ArticleData(author=null, title=Services informatiques : Capgemini rachète Altran, description=Ce rachat va donner naissance à un groupe de 17 milliards d’euros de chiffre d’affaires employant plus de 250 000 personnes., url=https://www.lemonde.fr/economie/article/2019/06/24/services-informatiques-capgemini-rachete-altran_5480938_3234.html, urlToImage=https://img.lemde.fr/2019/06/24/432/0/5184/2592/1440/720/60/0/693821a_gVBnSSKB9jMvluhlpIpewtoj.jpg, publishedAt=Mon Jun 24 21:28:50 CEST 2019, content=Capgemini va racheter Altran pour 3,6 milliards deuros, hors dette, dans le cadre dune offre publique dachat (OPA), annoncent les deux groupes français dans un communiqué conjoint, lundi 24 juin.
Ce rachat va donner naissance à un groupe de 17 milliards deur… [+1485 chars])
2019-06-25 00:02:40,557 DEBUG yncrea.isen.cir3.view.impl.MyView(1.) [Thread-6] updateArticles ArticleData(author=Maxime Goldbaum, title=Coupe du monde féminine : les Américaines prennent rendez-vous avec les Bleues, description=Les Etats-Unis ont difficilement battu l’Espagne en huitièmes de finales (2-1), lundi. Elles retrouveront la France en quarts de finale, vendredi à Paris., url=https://www.lemonde.fr/football/article/2019/06/24/coupe-du-monde-feminine-les-americaines-prennent-rendez-vous-avec-les-bleues_5480936_1616938.html, urlToImage=https://img.lemde.fr/2019/06/24/594/0/6000/2990/1440/720/60/0/1d928b1_pUXZSngISnJHSfYVJsffucaf.jpg, publishedAt=Mon Jun 24 21:22:36 CEST 2019, content=La joie des Américaines au coup de sifflet final. FRANCK FIFE / AFP
Avant même le début du premier match de cette Coupe du monde, la sélectionneuse des Etats-Unis, Jill Ellis, et ses joueuses étaient assaillies de questions sur un éventuel quart de finale en… [+5507 chars])
2019-06-25 00:02:41,063 DEBUG yncrea.isen.cir3.view.impl.MyView(1.) [Thread-6] updateArticles ArticleData(author=null, title=Les Jeux olympiques d’hiver 2026 attribués au dossier Milan/Cortina, description=La candidature italienne, qui faisait figure de favorite, clôt une séquence particulière pour le monde olympique à la suite du retrait de plusieurs dossiers de candidature., url=https://www.lemonde.fr/sport/article/2019/06/24/les-jeux-olympiques-d-hiver-2026-attribues-au-dossier-milan-cortina_5480931_3242.html, urlToImage=https://img.lemde.fr/2019/06/24/416/0/4995/2497/1440/720/60/0/f183fab_19fb682b06fc48b687d665bf0aa96f7f-19fb682b06fc48b687d665bf0aa96f7f-0.jpg, publishedAt=Mon Jun 24 19:36:36 CEST 2019, content=LItalie a organisé les JO dhiver en 2006 à Turin et en 1956 à Cortina dAmpezzo. JEAN-CHRISTOPHE BOTT / AP
Vingt ans après les Jeux olympiques dhiver à Turin, en 2006, cest la candidature italienne de Milan/Cortina dAmpezzo qui a obtenu lorganisation des JO d… [+2359 chars])
2019-06-25 00:02:41,540 DEBUG yncrea.isen.cir3.view.impl.MyView(1.) [Thread-6] updateArticles ArticleData(author=null, title=Plus de 400 personnes saisissent la justice contre les compteurs Linky, description=Le tribunal de Nanterre, saisi par près de 430 personnes, rendra sa décision le 2 août., url=https://www.lemonde.fr/societe/article/2019/06/24/plus-de-400-personnes-saisissent-la-justice-contre-les-compteurs-linky_5480928_3224.html, urlToImage=https://img.lemde.fr/2019/06/24/464/0/5568/2784/1440/720/60/0/bba1eed_5112954-01-06.jpg, publishedAt=Mon Jun 24 19:22:45 CEST 2019, content=Linky, ce « compteur intelligent », dont linstallation est pilotée par Enedis, qui permet de relever à distance et en direct la consommation en électricité des clients DAMIEN MEYER / AFP
Environ 430 personnes ont saisi la justice à Nanterre (Hauts-de-Seine) … [+2857 chars])
2019-06-25 00:02:41,860 DEBUG yncrea.isen.cir3.view.impl.MyView(1.) [Thread-6] updateArticles ArticleData(author=null, title=Suède-Canada : suivez en direct le huitième de finale de la Coupe du monde féminine, description=Emmenées par leur buteuse Christine Sinclair, les Canadiennes affronteront les Scandinaves au Parc des Princes (à partir de 21 heures)., url=https://www.lemonde.fr/football/live/2019/06/24/suede-canada-suivez-en-direct-le-huitieme-de-finale-de-la-coupe-du-monde-feminine_5480924_1616938.html, urlToImage=https://img.lemde.fr/2019/06/24/333/0/4000/2000/1440/720/60/0/8597809_5093800-01-06.jpg, publishedAt=Mon Jun 24 19:11:22 CEST 2019, content=Qui joue ? La Suède et le Canada, en huitième de finale de la Coupe du monde 2019.
Ça se passe où ? Au Parc des Princes, cest-à-dire à Paris.
A quelle heure ? 21 heures.
Qui commente ? Adrien Pécout, depuis le Chaudron de Blanqui.
Sur quelle chaîne ? TMC … [+872 chars])
2019-06-25 00:02:42,241 DEBUG yncrea.isen.cir3.view.impl.MyView(1.) [Thread-6] updateArticles ArticleData(author=null, title=Des femmes en burkini s’invitent dans une piscine de Grenoble, description=Elles ont justifié cet « acte de désobéissance civile » comme une protestation contre les règlements des piscines, qu’elles jugent discriminatoires., url=https://www.lemonde.fr/societe/article/2019/06/24/des-femmes-en-burkini-s-invitent-dans-une-piscine-de-grenoble_5480920_3224.html, urlToImage=https://img.lemde.fr/2019/06/24/352/0/4256/2128/1440/720/60/0/be61a8d_l2yGS6ZGw47w8YpDfdsQ65md.jpg, publishedAt=Mon Jun 24 19:02:00 CEST 2019, content=Une dizaine de femmes vêtues de burkinis ont mené une action coup de poing, dimanche 23 juin après-midi, dans la piscine Jean-Bron de Grenoble, pour revendiquer le droit de se baigner avec ce maillot de bain couvrant mais interdit, a-t-on appris auprès de la … [+3224 chars])
2019-06-25 00:02:42,997 DEBUG yncrea.isen.cir3.view.impl.MyView(1.) [Thread-6] updateArticles ArticleData(author=Patrick Gaspard, title=Turquie : un procès d’opposants qui « illustre la dérive liberticide du président Erdogan », description=Patrick Gaspard, président de Open Society Foundations, le réseau d’ONG fondé par George Soros, s’indigne, dans une tribune au « Monde », du procès, qui vient de s’ouvrir à Istambul, de 16 personnes accusées à la suite des manifestations anti-Erdogan de 2013., url=https://www.lemonde.fr/idees/article/2019/06/24/turquie-un-proces-d-opposants-qui-illustre-la-derive-liberticide-du-president-erdogan_5480916_3232.html, urlToImage=https://img.lemde.fr/2019/06/24/131/0/4000/2000/1440/720/60/0/2ec0e1c_lr9XnkdR1G8iL1WyTVHtft8K.jpg, publishedAt=Mon Jun 24 18:47:07 CEST 2019, content=Patrick Gaspard
Président des Open Society Foundations
Patrick Gaspard, président de Open Society Foundations, le réseau dONG fondé par George Soros, sindigne, dans une tribune au « Monde », du procès, qui vient de souvrir à Istambul, de 16 personnes accusé… [+3276 chars])
2019-06-25 00:02:43,668 DEBUG yncrea.isen.cir3.view.impl.MyView(1.) [Thread-6] updateArticles ArticleData(author=null, title=Le créateur du logiciel espion Fireworld condamné à huit mois de prison avec sursis, description=Ce logiciel espion était vendu illégalement pour une centaine d’euros par son créateur, un jeune ingénieur français., url=https://www.lemonde.fr/pixels/article/2019/06/24/le-createur-du-logiciel-espion-fireworld-condamne-a-huit-mois-de-prison-avec-sursis_5480913_4408996.html, urlToImage=https://img.lemde.fr/2019/06/24/181/0/1800/900/1440/720/60/0/8044234_Um3vafKsn1QvF06lv__a_h0_.jpg, publishedAt=Mon Jun 24 18:38:40 CEST 2019, content=Le site proposant le logiciel Fireworld à la vente promettait notamment à ses clients de les aider à « savoir si [leur] fils est gay ». Quentin Hugon / Le Monde
Le développeur du logiciel espion Fireworld a été condamné à une peine de huit mois de prison ave… [+1181 chars])
2019-06-25 00:02:44,162 DEBUG yncrea.isen.cir3.view.impl.MyView(1.) [Thread-6] updateArticles ArticleData(author=null, title=Dana Hastier remplace Guy Lagache à la direction des antennes de Radio France, description=Dana Hastier a été directrice exécutive de France 3 de 2014 à 2018. Sous sa houlette, la chaîne est redevenue la troisième chaîne du pays en termes d’audience., url=https://www.lemonde.fr/actualite-medias/article/2019/06/24/dana-hastier-remplace-guy-lagache-a-la-direction-des-antennes-de-radio-france_5480910_3236.html, urlToImage=https://img.lemde.fr/2019/06/24/388/0/4928/2464/1440/720/60/0/8821608_ghnAVqhzYb0GDtLV0kFieDEz.jpg, publishedAt=Mon Jun 24 18:33:29 CEST 2019, content=Dana Hastier, ancienne directrice exécutive de France 3, le 4 décembre 2017 au siège de France Télévisions à Paris. STEPHANE DE SAKUTIN / AFP
Lancienne patronne de France 3 Dana Hastier va remplacer Guy Lagache à la direction des antennes et de la stratégie … [+2497 chars])
2019-06-25 00:02:44,563 DEBUG yncrea.isen.cir3.view.impl.MyView(1.) [Thread-6] updateArticles ArticleData(author=null, title=Canicule : les Français se ruent sur les ventilateurs, description=Les magasins d’électroménagers sont pris d’assaut par des consommateurs à la recherche de solutions pour contrer les fortes chaleurs annoncées cette semaine., url=https://www.lemonde.fr/economie/article/2019/06/24/canicule-les-francais-se-ruent-sur-les-ventilateurs_5480906_3234.html, urlToImage=https://img.lemde.fr/2019/06/24/642/0/5126/2560/1440/720/60/0/70a4b37_lLbYl9tZD1N0_7bbI2reKnAP.jpg, publishedAt=Mon Jun 24 18:18:14 CEST 2019, content=Un ventilateur dans une maison de retraite à Souffelweyersheim dans le Bas-Rhin, lundi 24 juin. PATRICK HERTZOG / AFP
« Je navais jamais vu cela. Dimanche matin, avant louverture du Bricorama plus dune cinquantaine de clients faisaient déjà la queue devant l… [+1706 chars])
2019-06-25 00:02:45,025 DEBUG yncrea.isen.cir3.view.impl.MyView(1.) [Thread-6] updateArticles ArticleData(author=Laure Belot, title=Comment le numérique accélère nos vies, description=Les technologies nourrissent et se repaissent de l’attrait de notre cerveau pour les gratifications immédiates. Tout va toujours plus vite. Avec quelles conséquences ? Enquête sur un hold-up attentionnel massif., url=https://www.lemonde.fr/sciences/article/2019/06/24/comment-le-numerique-accelere-nos-vies_5480903_1650684.html, urlToImage=https://img.lemde.fr/2019/06/21/888/0/1068/534/1440/720/60/0/344a4d6_MaQZTfayzgkQrk-qxCUguvEh.png, publishedAt=Mon Jun 24 18:15:41 CEST 2019, content=Article réservé aux abonnés
35 % des Américains possédant un smartphone le regardent moins de 5 minutes après leur réveil Sarah Bouillaud/Hans Lucas
Pester car une application ne souvre pas instantanément sur un smartphone (pour rappel, un ordinateur portab… [+2535 chars])
2019-06-25 00:02:45,844 DEBUG yncrea.isen.cir3.view.impl.MyView(1.) [Thread-6] updateArticles ArticleData(author=Laure Belot, title=« Les algorithmes ne font que vous appâter », description=La chercheuse en intelligence artificielle Nozha Boujemaa, ancienne directrice de recherche à l’Inria devenue directrice science & innovation chez Median Technologies en février 2019, analyse l’accélération impulsée par le numérique., url=https://www.lemonde.fr/sciences/article/2019/06/24/les-algorithmes-ne-font-que-vous-appater_5480900_1650684.html, urlToImage=https://img.lemde.fr/2019/06/24/128/0/512/256/1440/720/60/0/32c4b2f_pvwY0iffhxB6dnH_IRDG2-TR.jpg, publishedAt=Mon Jun 24 18:15:24 CEST 2019, content=Article réservé aux abonnés
Notre rapport au temps change. Quel rôle a le numérique dans cette évolution ?
Le rôle des outils numérique est central car ils rapprochent linformation de la personne : nous navons plus besoin daller très loin, ni dattendre. Les… [+2677 chars])
2019-06-25 00:02:46,249 DEBUG yncrea.isen.cir3.view.impl.MyView(1.) [Thread-6] updateArticles ArticleData(author=null, title=La captation attentionnelle, un hold-up à grande échelle, description=Pourquoi devenons-nous impatients ? Que se joue-t-il physiologiquement ? Avec quelles conséquences ? Le regard de trois spécialistes en neurosciences…, url=https://www.lemonde.fr/sciences/article/2019/06/24/la-captation-attentionnelle-un-hold-up-a-grande-echelle_5480895_1650684.html, urlToImage=https://img.lemde.fr/2019/06/24/414/0/3500/1750/1440/720/60/0/65d2913_PCJIdoNdR7Kdq1P-IYPGT4UO.jpg, publishedAt=Mon Jun 24 18:15:22 CEST 2019, content=Article réservé aux abonnés
Lionel Naccache, neurologue. 
La notion dimpatience à lattente, dont nous faisons personnellement lexpérience, est entretenue par le fait que, en quelques années à peine, cette impatience est désormais externalisée dans notre env… [+2415 chars])
2019-06-25 00:02:46,577 DEBUG yncrea.isen.cir3.view.impl.MyView(1.) [Thread-6] updateArticles ArticleData(author=Nioucha Zakavati, title=Les femmes afghanes craignent d’être les laissées-pour-compte du processus de paix, description=Dans un contexte de négociations entre les Etats-Unis et les talibans, des Afghanes ont exprimé à Paris leur crainte que les Américains ne prennent pas la peine d’obtenir de sérieuses garanties pour les droits des femmes et des minorités., url=https://www.lemonde.fr/international/article/2019/06/24/les-femmes-afghanes-craignent-d-etre-les-laissees-pour-compte-du-processus-de-paix_5480891_3210.html, urlToImage=https://img.lemde.fr/2019/06/24/560/0/6720/3360/1440/720/60/0/b31800e_HCFfrRdpmIZ7UfqyX9xB8HKm.jpg, publishedAt=Mon Jun 24 18:12:48 CEST 2019, content=Article réservé aux abonnés
Lors dune assemblée consultative de femmes, à Kaboul, le 29 avril. Omar Sobhani / REUTERS
Comment préserver les acquis en matière de condition de la femme en Afghanistan, enregistrés depuis la chute du régime taliban, fin 2001, a… [+2601 chars])
2019-06-25 00:02:47,137 DEBUG yncrea.isen.cir3.view.impl.MyView(1.) [Thread-6] updateArticles ArticleData(author=Antoine Arjakovsky, title=« En autorisant le retour de la Russie, le Conseil de l’Europe procède à une sorte de suicide collectif », description=Alors que la mission du Conseil de l’Europe est de protéger le droit international, la diplomatie européenne trahit ses principes en permettant à la Russie de réintégrer le Conseil de l’Europe, s’indigne dans une tribune au « Monde » l’historien Antoine Arjak…, url=https://www.lemonde.fr/idees/article/2019/06/24/en-autorisant-le-retour-de-la-russie-le-conseil-de-l-europe-procede-a-une-sorte-de-suicide-collectif_5480888_3232.html, urlToImage=https://img.lemde.fr/2019/06/24/1661/0/3986/1993/1440/720/60/0/f128600_vPTXIUrDLvwkjAp-4mKyz8Sh.jpg, publishedAt=Mon Jun 24 18:06:18 CEST 2019, content=« Redonner à la Russie le droit de vote au sein du Conseil alors que celle-ci viole ses engagements correspond à transformer en coquille vide la principale institution garante des droits de lhomme en Europe » Christophe Lehenaff / Photononstop
Tribune Lundi … [+2531 chars])
2019-06-25 00:02:47,718 DEBUG yncrea.isen.cir3.view.impl.MyView(1.) [Thread-6] updateArticles ArticleData(author=null, title=Exécutions filmées au Cameroun : sept militaires camerounais vont être jugés, description=En juillet 2018, la vidéo montrant des soldats camerounais abattant deux femmes et leurs très jeunes enfants avait été diffusée sur Internet. La date du procès n’a pas encore été fixée., url=https://www.lemonde.fr/afrique/article/2019/06/24/executions-filmees-au-cameroun-sept-militaires-camerounais-vont-etre-juges_5480885_3212.html, urlToImage=https://img.lemde.fr/2019/06/24/226/0/1800/900/1440/720/60/0/f00a904_cezm4YTSwXqbRsso0FyPKO1_.png, publishedAt=Mon Jun 24 18:03:02 CEST 2019, content=Sept militaires camerounais, soupçonnés davoir exécuté sommairement deux femmes et leurs deux enfants dans le nord du Cameroun, seront jugés devant un tribunal militaire de Yaoundé pour « assassinat », a annoncé, lundi 24 juin, le ministère de la défense came… [+1539 chars])
2019-06-25 00:02:51,465 DEBUG yncrea.isen.cir3.view.impl.MyView(1.) [Thread-6] updateArticles ArticleData(author=Raoul Mbog, title=Au Maroc, les femmes bousculent les codes de la musique gnaoua, description=Au festival d’Essaouira, l’artiste Asmaa Hamzaoui a brisé un tabou en jouant du guembri lors d’une cérémonie ésotérique, un rôle jusqu’à présent réservé aux hommes., url=https://www.lemonde.fr/afrique/article/2019/06/24/au-maroc-les-femmes-bousculent-les-codes-de-la-musique-gnaoua_5480882_3212.html, urlToImage=https://img.lemde.fr/2019/06/24/0/0/975/486/1440/720/60/0/b576528_9dgeGRwPqKnPABlLqa9f_Ddw.png, publishedAt=Mon Jun 24 18:01:49 CEST 2019, content=Asmaa Hamzaoui sur la scène du festival Gnaoua et Musiques du monde, à Essaouira, au Maroc, en juin 2018. Festival Gnaoua et Musiques du monde
Samedi 22 juin, la soirée est déjà bien avancée à Essaouira et le vent souffle avec rudesse sur cette ville du litt… [+5644 chars])
2019-06-25 00:02:57,316 DEBUG yncrea.isen.cir3.view.impl.MyView(1.) [Thread-6] updateArticles ArticleData(author=Paul François Fournier, title=« La France a tous les atouts pour devenir un leader économique et intellectuel dans le domaine des technologies quantiques », description=Paul-François Fournier, directeur de Bpifrance, plaide dans une tribune au « Monde » pour un soutien public au développement de la recherche et de nouvelles entreprises dans le secteur stratégique des « technologies » issues de la physique quantique., url=https://www.lemonde.fr/idees/article/2019/06/24/la-france-a-tous-les-atouts-pour-devenir-un-leader-economique-et-intellectuel-dans-le-domaine-des-technologies-quantiques_5480879_3232.html, urlToImage=https://img.lemde.fr/2019/06/24/561/0/6000/3000/1440/720/60/0/ad8fc63_xg_ZoPSuTiFGErc3DlP3Tu8o.jpg, publishedAt=Mon Jun 24 18:00:33 CEST 2019, content=« Depuis deux ans, partout dans le monde, on assiste à une fulgurante accélération de la création de start-up dans le domaine quantique, le plus souvent issues des laboratoires académiques » Ipopba/Panther Media / GraphicObsession
Tribune. Le gouvernement fr… [+2566 chars])
2019-06-25 00:02:57,755 DEBUG yncrea.isen.cir3.view.impl.MyView(1.) [Thread-6] updateArticles ArticleData(author=null, title=Après un « Ecce Homo » en 2012, une nouvelle statue défigurée par des peintres amateurs en Espagne, description=« Il y a un problème dans la gestion du patrimoine historique espagnol », a commenté le porte-parole de l’Association des conservateurs-restaurateurs d’Espagne., url=https://www.lemonde.fr/big-browser/article/2019/06/24/apres-un-ecce-homo-en-2012-une-nouvelle-statue-defiguree-par-des-peintres-amateurs-en-espagne_5480874_4832693.html, urlToImage=https://img.lemde.fr/2019/06/24/2258/5315/10663/5331/1440/720/60/0/fcbadf1_aPBGwEjfDHL_ffDAFj6whcCd.jpg, publishedAt=Mon Jun 24 17:44:27 CEST 2019, content=« Saint Georges » a, au terme de sa restauration par des professionnels, retrouvé un visage humain. HANDOUT / AFP
Lenfer est pavé de bonnes intentions. Après la restauration désastreuse dun Ecce Homo par une octogénaire habitant la ville de Borja, en Aragon,… [+2818 chars])
